[11.454s] Invoking command in '/home/arno/RoombaV2Onboard/src/RoverReceive': PYTHONPATH=/home/arno/RoombaV2Onboard/build/RoverReceive/prefix_override:/usr/lib/python3/dist-packages/colcon_core/task/python/colcon_distutils_commands:/home/arno/RoombaV2Onboard/install/RoverReceive/lib/python3.10/site-packages:${PYTHONPATH} /usr/bin/python3 -W ignore:setup.py install is deprecated setup.py egg_info --egg-base ../../build/RoverReceive build --build-base /home/arno/RoombaV2Onboard/build/RoverReceive/build install --record /home/arno/RoombaV2Onboard/build/RoverReceive/install.log --single-version-externally-managed install_data
[12.900s] running egg_info
[12.903s] creating ../../build/RoverReceive/RoverReceive.egg-info
[12.905s] writing ../../build/RoverReceive/RoverReceive.egg-info/PKG-INFO
[12.916s] writing dependency_links to ../../build/RoverReceive/RoverReceive.egg-info/dependency_links.txt
[12.918s] writing entry points to ../../build/RoverReceive/RoverReceive.egg-info/entry_points.txt
[12.921s] writing requirements to ../../build/RoverReceive/RoverReceive.egg-info/requires.txt
[12.923s] writing top-level names to ../../build/RoverReceive/RoverReceive.egg-info/top_level.txt
[12.926s] writing manifest file '../../build/RoverReceive/RoverReceive.egg-info/SOURCES.txt'
[12.940s] reading manifest file '../../build/RoverReceive/RoverReceive.egg-info/SOURCES.txt'
[12.942s] adding license file 'LICENSE'
[12.943s] writing manifest file '../../build/RoverReceive/RoverReceive.egg-info/SOURCES.txt'
[12.945s] running build
[12.946s] running build_py
[12.948s] creating /home/arno/RoombaV2Onboard/build/RoverReceive/build
[12.949s] creating /home/arno/RoombaV2Onboard/build/RoverReceive/build/lib
[12.950s] creating /home/arno/RoombaV2Onboard/build/RoverReceive/build/lib/RoverReceive
[12.951s] copying RoverReceive/__init__.py -> /home/arno/RoombaV2Onboard/build/RoverReceive/build/lib/RoverReceive
[12.957s] copying RoverReceive/receive_node.py -> /home/arno/RoombaV2Onboard/build/RoverReceive/build/lib/RoverReceive
[12.959s] running install
[12.960s] running install_lib
[12.961s] creating /home/arno/RoombaV2Onboard/install/RoverReceive/lib/python3.10/site-packages/RoverReceive
[12.962s] copying /home/arno/RoombaV2Onboard/build/RoverReceive/build/lib/RoverReceive/__init__.py -> /home/arno/RoombaV2Onboard/install/RoverReceive/lib/python3.10/site-packages/RoverReceive
[12.963s] copying /home/arno/RoombaV2Onboard/build/RoverReceive/build/lib/RoverReceive/receive_node.py -> /home/arno/RoombaV2Onboard/install/RoverReceive/lib/python3.10/site-packages/RoverReceive
[12.966s] byte-compiling /home/arno/RoombaV2Onboard/install/RoverReceive/lib/python3.10/site-packages/RoverReceive/__init__.py to __init__.cpython-310.pyc
[12.970s] byte-compiling /home/arno/RoombaV2Onboard/install/RoverReceive/lib/python3.10/site-packages/RoverReceive/receive_node.py to receive_node.cpython-310.pyc
[12.971s] running install_data
[12.977s] creating /home/arno/RoombaV2Onboard/install/RoverReceive/share/ament_index
[12.979s] creating /home/arno/RoombaV2Onboard/install/RoverReceive/share/ament_index/resource_index
[12.988s] creating /home/arno/RoombaV2Onboard/install/RoverReceive/share/ament_index/resource_index/packages
[12.990s] copying resource/RoverReceive -> /home/arno/RoombaV2Onboard/install/RoverReceive/share/ament_index/resource_index/packages
[12.991s] copying package.xml -> /home/arno/RoombaV2Onboard/install/RoverReceive/share/RoverReceive
[12.992s] running install_egg_info
[12.994s] Copying ../../build/RoverReceive/RoverReceive.egg-info to /home/arno/RoombaV2Onboard/install/RoverReceive/lib/python3.10/site-packages/RoverReceive-0.0.0-py3.10.egg-info
[13.003s] running install_scripts
[13.166s] Installing receive_node script to /home/arno/RoombaV2Onboard/install/RoverReceive/lib/RoverReceive
[13.171s] writing list of installed files to '/home/arno/RoombaV2Onboard/build/RoverReceive/install.log'
[14.090s] Invoked command in '/home/arno/RoombaV2Onboard/src/RoverReceive' returned '0': PYTHONPATH=/home/arno/RoombaV2Onboard/build/RoverReceive/prefix_override:/usr/lib/python3/dist-packages/colcon_core/task/python/colcon_distutils_commands:/home/arno/RoombaV2Onboard/install/RoverReceive/lib/python3.10/site-packages:${PYTHONPATH} /usr/bin/python3 -W ignore:setup.py install is deprecated setup.py egg_info --egg-base ../../build/RoverReceive build --build-base /home/arno/RoombaV2Onboard/build/RoverReceive/build install --record /home/arno/RoombaV2Onboard/build/RoverReceive/install.log --single-version-externally-managed install_data
