[22.831s] Invoking command in '/home/arno/RoombaV2Onboard/src/rover_stream': PYTHONPATH=/home/arno/RoombaV2Onboard/build/rover_stream/prefix_override:/usr/lib/python3/dist-packages/colcon_core/task/python/colcon_distutils_commands:/home/arno/RoombaV2Onboard/install/rover_stream/lib/python3.10/site-packages:${PYTHONPATH} /usr/bin/python3 -W ignore:setup.py install is deprecated setup.py egg_info --egg-base ../../build/rover_stream build --build-base /home/arno/RoombaV2Onboard/build/rover_stream/build install --record /home/arno/RoombaV2Onboard/build/rover_stream/install.log --single-version-externally-managed install_data
[28.914s] running egg_info
[28.933s] creating ../../build/rover_stream/rover_stream.egg-info
[28.935s] writing ../../build/rover_stream/rover_stream.egg-info/PKG-INFO
[28.974s] writing dependency_links to ../../build/rover_stream/rover_stream.egg-info/dependency_links.txt
[28.978s] writing entry points to ../../build/rover_stream/rover_stream.egg-info/entry_points.txt
[29.000s] writing requirements to ../../build/rover_stream/rover_stream.egg-info/requires.txt
[29.008s] writing top-level names to ../../build/rover_stream/rover_stream.egg-info/top_level.txt
[29.014s] writing manifest file '../../build/rover_stream/rover_stream.egg-info/SOURCES.txt'
[29.028s] reading manifest file '../../build/rover_stream/rover_stream.egg-info/SOURCES.txt'
[29.041s] writing manifest file '../../build/rover_stream/rover_stream.egg-info/SOURCES.txt'
[29.044s] running build
[29.046s] running build_py
[29.049s] creating /home/arno/RoombaV2Onboard/build/rover_stream/build
[29.056s] creating /home/arno/RoombaV2Onboard/build/rover_stream/build/lib
[29.062s] creating /home/arno/RoombaV2Onboard/build/rover_stream/build/lib/rover_stream
[29.065s] copying rover_stream/__init__.py -> /home/arno/RoombaV2Onboard/build/rover_stream/build/lib/rover_stream
[29.067s] copying rover_stream/webrtc_streamer.py -> /home/arno/RoombaV2Onboard/build/rover_stream/build/lib/rover_stream
[29.072s] running install
[29.083s] running install_lib
[29.086s] creating /home/arno/RoombaV2Onboard/install/rover_stream/lib/python3.10/site-packages/rover_stream
[29.088s] copying /home/arno/RoombaV2Onboard/build/rover_stream/build/lib/rover_stream/__init__.py -> /home/arno/RoombaV2Onboard/install/rover_stream/lib/python3.10/site-packages/rover_stream
[29.106s] copying /home/arno/RoombaV2Onboard/build/rover_stream/build/lib/rover_stream/webrtc_streamer.py -> /home/arno/RoombaV2Onboard/install/rover_stream/lib/python3.10/site-packages/rover_stream
[29.143s] byte-compiling /home/arno/RoombaV2Onboard/install/rover_stream/lib/python3.10/site-packages/rover_stream/__init__.py to __init__.cpython-310.pyc
[29.145s] byte-compiling /home/arno/RoombaV2Onboard/install/rover_stream/lib/python3.10/site-packages/rover_stream/webrtc_streamer.py to webrtc_streamer.cpython-310.pyc
[29.160s] running install_data
[29.162s] creating /home/arno/RoombaV2Onboard/install/rover_stream/share/ament_index
[29.168s] creating /home/arno/RoombaV2Onboard/install/rover_stream/share/ament_index/resource_index
[29.171s] creating /home/arno/RoombaV2Onboard/install/rover_stream/share/ament_index/resource_index/packages
[29.173s] copying resource/rover_stream -> /home/arno/RoombaV2Onboard/install/rover_stream/share/ament_index/resource_index/packages
[29.179s] copying package.xml -> /home/arno/RoombaV2Onboard/install/rover_stream/share/rover_stream
[29.182s] running install_egg_info
[29.190s] Copying ../../build/rover_stream/rover_stream.egg-info to /home/arno/RoombaV2Onboard/install/rover_stream/lib/python3.10/site-packages/rover_stream-0.0.0-py3.10.egg-info
[29.224s] running install_scripts
[29.616s] Installing webrtc_streamer script to /home/arno/RoombaV2Onboard/install/rover_stream/lib/rover_stream
[29.620s] writing list of installed files to '/home/arno/RoombaV2Onboard/build/rover_stream/install.log'
[30.160s] Invoked command in '/home/arno/RoombaV2Onboard/src/rover_stream' returned '0': PYTHONPATH=/home/arno/RoombaV2Onboard/build/rover_stream/prefix_override:/usr/lib/python3/dist-packages/colcon_core/task/python/colcon_distutils_commands:/home/arno/RoombaV2Onboard/install/rover_stream/lib/python3.10/site-packages:${PYTHONPATH} /usr/bin/python3 -W ignore:setup.py install is deprecated setup.py egg_info --egg-base ../../build/rover_stream build --build-base /home/arno/RoombaV2Onboard/build/rover_stream/build install --record /home/arno/RoombaV2Onboard/build/rover_stream/install.log --single-version-externally-managed install_data
