[6.341s] Invoking command in '/home/arno/RoombaV2Onboard/build/mode_manager': PYTHONPATH=/home/arno/RoombaV2Onboard/build/mode_manager/prefix_override:/usr/lib/python3/dist-packages/colcon_core/task/python/colcon_distutils_commands:/home/arno/RoombaV2Onboard/install/mode_manager/lib/python3.10/site-packages:${PYTHONPATH} /usr/bin/python3 -W ignore:setup.py install is deprecated setup.py develop --editable --build-directory /home/arno/RoombaV2Onboard/build/mode_manager/build --no-deps symlink_data --force
[7.991s] running develop
[7.996s] /usr/lib/python3/dist-packages/setuptools/command/easy_install.py:158: EasyInstallDeprecationWarning: easy_install command is deprecated. Use build and pip and other standards-based tools.
[7.996s]   warnings.warn(
[9.169s] running egg_info
[9.171s] writing mode_manager.egg-info/PKG-INFO
[9.173s] writing dependency_links to mode_manager.egg-info/dependency_links.txt
[9.177s] writing entry points to mode_manager.egg-info/entry_points.txt
[9.178s] writing requirements to mode_manager.egg-info/requires.txt
[9.178s] writing top-level names to mode_manager.egg-info/top_level.txt
[9.184s] reading manifest file 'mode_manager.egg-info/SOURCES.txt'
[9.189s] writing manifest file 'mode_manager.egg-info/SOURCES.txt'
[9.198s] running build_ext
[9.204s] Creating /home/arno/RoombaV2Onboard/install/mode_manager/lib/python3.10/site-packages/mode-manager.egg-link (link to .)
[9.207s] Installing mode_manager script to /home/arno/RoombaV2Onboard/install/mode_manager/lib/mode_manager
[9.208s] 
[9.211s] Installed /home/arno/RoombaV2Onboard/build/mode_manager
[9.214s] running symlink_data
[9.215s] symbolically linking /home/arno/RoombaV2Onboard/build/mode_manager/resource/mode_manager -> /home/arno/RoombaV2Onboard/install/mode_manager/share/ament_index/resource_index/packages
[9.217s] symbolically linking /home/arno/RoombaV2Onboard/build/mode_manager/package.xml -> /home/arno/RoombaV2Onboard/install/mode_manager/share/mode_manager
[9.435s] Invoked command in '/home/arno/RoombaV2Onboard/build/mode_manager' returned '0': PYTHONPATH=/home/arno/RoombaV2Onboard/build/mode_manager/prefix_override:/usr/lib/python3/dist-packages/colcon_core/task/python/colcon_distutils_commands:/home/arno/RoombaV2Onboard/install/mode_manager/lib/python3.10/site-packages:${PYTHONPATH} /usr/bin/python3 -W ignore:setup.py install is deprecated setup.py develop --editable --build-directory /home/arno/RoombaV2Onboard/build/mode_manager/build --no-deps symlink_data --force
