[5.714s] Invoking command in '/home/arno/RoombaV2Onboard/src/RoverReceive': PYTHONPATH=/home/arno/RoombaV2Onboard/build/RoverReceive/prefix_override:/usr/lib/python3/dist-packages/colcon_core/task/python/colcon_distutils_commands:/home/arno/RoombaV2Onboard/install/RoverReceive/lib/python3.10/site-packages:${PYTHONPATH} /usr/bin/python3 -W ignore:setup.py install is deprecated setup.py egg_info --egg-base ../../build/RoverReceive build --build-base /home/arno/RoombaV2Onboard/build/RoverReceive/build install --record /home/arno/RoombaV2Onboard/build/RoverReceive/install.log --single-version-externally-managed install_data
[6.973s] running egg_info
[6.975s] writing ../../build/RoverReceive/RoverReceive.egg-info/PKG-INFO
[6.976s] writing dependency_links to ../../build/RoverReceive/RoverReceive.egg-info/dependency_links.txt
[6.977s] writing entry points to ../../build/RoverReceive/RoverReceive.egg-info/entry_points.txt
[6.978s] writing requirements to ../../build/RoverReceive/RoverReceive.egg-info/requires.txt
[6.979s] writing top-level names to ../../build/RoverReceive/RoverReceive.egg-info/top_level.txt
[6.989s] reading manifest file '../../build/RoverReceive/RoverReceive.egg-info/SOURCES.txt'
[6.990s] adding license file 'LICENSE'
[6.994s] writing manifest file '../../build/RoverReceive/RoverReceive.egg-info/SOURCES.txt'
[6.995s] running build
[6.995s] running build_py
[6.996s] running install
[6.998s] running install_lib
[7.005s] running install_data
[7.006s] running install_egg_info
[7.016s] removing '/home/arno/RoombaV2Onboard/install/RoverReceive/lib/python3.10/site-packages/RoverReceive-0.0.0-py3.10.egg-info' (and everything under it)
[7.018s] Copying ../../build/RoverReceive/RoverReceive.egg-info to /home/arno/RoombaV2Onboard/install/RoverReceive/lib/python3.10/site-packages/RoverReceive-0.0.0-py3.10.egg-info
[7.025s] running install_scripts
[7.142s] Installing receive_node script to /home/arno/RoombaV2Onboard/install/RoverReceive/lib/RoverReceive
[7.146s] writing list of installed files to '/home/arno/RoombaV2Onboard/build/RoverReceive/install.log'
[7.342s] Invoked command in '/home/arno/RoombaV2Onboard/src/RoverReceive' returned '0': PYTHONPATH=/home/arno/RoombaV2Onboard/build/RoverReceive/prefix_override:/usr/lib/python3/dist-packages/colcon_core/task/python/colcon_distutils_commands:/home/arno/RoombaV2Onboard/install/RoverReceive/lib/python3.10/site-packages:${PYTHONPATH} /usr/bin/python3 -W ignore:setup.py install is deprecated setup.py egg_info --egg-base ../../build/RoverReceive build --build-base /home/arno/RoombaV2Onboard/build/RoverReceive/build install --record /home/arno/RoombaV2Onboard/build/RoverReceive/install.log --single-version-externally-managed install_data
