[3.129s] Invoking command in '/home/arno/RoombaV2Onboard/build/roombav2': PYTHONPATH=/home/arno/RoombaV2Onboard/build/roombav2/prefix_override:/usr/lib/python3/dist-packages/colcon_core/task/python/colcon_distutils_commands:/home/arno/RoombaV2Onboard/install/roombav2/lib/python3.10/site-packages:${PYTHONPATH} /usr/bin/python3 -W ignore:setup.py install is deprecated setup.py develop --editable --build-directory /home/arno/RoombaV2Onboard/build/roombav2/build --no-deps symlink_data --force
[4.192s] running develop
[4.196s] /usr/lib/python3/dist-packages/setuptools/command/easy_install.py:158: EasyInstallDeprecationWarning: easy_install command is deprecated. Use build and pip and other standards-based tools.
[4.197s]   warnings.warn(
[4.831s] running egg_info
[4.831s] writing roombav2.egg-info/PKG-INFO
[4.834s] writing dependency_links to roombav2.egg-info/dependency_links.txt
[4.835s] writing entry points to roombav2.egg-info/entry_points.txt
[4.836s] writing requirements to roombav2.egg-info/requires.txt
[4.837s] writing top-level names to roombav2.egg-info/top_level.txt
[4.846s] reading manifest file 'roombav2.egg-info/SOURCES.txt'
[4.852s] writing manifest file 'roombav2.egg-info/SOURCES.txt'
[4.857s] running build_ext
[4.858s] Creating /home/arno/RoombaV2Onboard/install/roombav2/lib/python3.10/site-packages/roombav2.egg-link (link to .)
[4.862s] Installing encoder_reader script to /home/arno/RoombaV2Onboard/install/roombav2/lib/roombav2
[4.862s] Installing joystick_motor_controller script to /home/arno/RoombaV2Onboard/install/roombav2/lib/roombav2
[4.863s] Installing nav2_motor_controller script to /home/arno/RoombaV2Onboard/install/roombav2/lib/roombav2
[4.864s] Installing pwm_open_loop script to /home/arno/RoombaV2Onboard/install/roombav2/lib/roombav2
[4.865s] Installing system_info script to /home/arno/RoombaV2Onboard/install/roombav2/lib/roombav2
[4.866s] 
[4.866s] Installed /home/arno/RoombaV2Onboard/build/roombav2
[4.867s] running symlink_data
[4.867s] symbolically linking /home/arno/RoombaV2Onboard/build/roombav2/resource/roombav2 -> /home/arno/RoombaV2Onboard/install/roombav2/share/ament_index/resource_index/packages
[4.868s] symbolically linking /home/arno/RoombaV2Onboard/build/roombav2/package.xml -> /home/arno/RoombaV2Onboard/install/roombav2/share/roombav2
[4.868s] symbolically linking /home/arno/RoombaV2Onboard/build/roombav2/roombav2/encoder_reader.py -> /home/arno/RoombaV2Onboard/install/roombav2/share/roombav2
[4.869s] symbolically linking /home/arno/RoombaV2Onboard/build/roombav2/roombav2/joystick_motor_controller.py -> /home/arno/RoombaV2Onboard/install/roombav2/share/roombav2
[4.870s] symbolically linking /home/arno/RoombaV2Onboard/build/roombav2/roombav2/nav2_motor_controller.py -> /home/arno/RoombaV2Onboard/install/roombav2/share/roombav2
[4.870s] symbolically linking /home/arno/RoombaV2Onboard/build/roombav2/roombav2/system_info.py -> /home/arno/RoombaV2Onboard/install/roombav2/share/roombav2
[4.871s] symbolically linking /home/arno/RoombaV2Onboard/build/roombav2/roombav2/pwm_open_loop.py -> /home/arno/RoombaV2Onboard/install/roombav2/share/roombav2
[4.872s] symbolically linking /home/arno/RoombaV2Onboard/build/roombav2/launch/localization_launch.py -> /home/arno/RoombaV2Onboard/install/roombav2/share/roombav2/launch
[4.872s] symbolically linking /home/arno/RoombaV2Onboard/build/roombav2/launch/navigation_launch.py -> /home/arno/RoombaV2Onboard/install/roombav2/share/roombav2/launch
[4.873s] symbolically linking /home/arno/RoombaV2Onboard/build/roombav2/launch/microver.launch.py -> /home/arno/RoombaV2Onboard/install/roombav2/share/roombav2/launch
[4.874s] symbolically linking /home/arno/RoombaV2Onboard/build/roombav2/config/amcl_params.yaml -> /home/arno/RoombaV2Onboard/install/roombav2/share/roombav2/config
[4.874s] symbolically linking /home/arno/RoombaV2Onboard/build/roombav2/config/slam_toolbox_params.yaml -> /home/arno/RoombaV2Onboard/install/roombav2/share/roombav2/config
[4.875s] symbolically linking /home/arno/RoombaV2Onboard/build/roombav2/config/ekf.yaml -> /home/arno/RoombaV2Onboard/install/roombav2/share/roombav2/config
[4.876s] symbolically linking /home/arno/RoombaV2Onboard/build/roombav2/config/twist_mux.yaml -> /home/arno/RoombaV2Onboard/install/roombav2/share/roombav2/config
[4.876s] symbolically linking /home/arno/RoombaV2Onboard/build/roombav2/config/nav2_params.yaml -> /home/arno/RoombaV2Onboard/install/roombav2/share/roombav2/config
[4.877s] symbolically linking /home/arno/RoombaV2Onboard/build/roombav2/models/microver.urdf.xacro -> /home/arno/RoombaV2Onboard/install/roombav2/share/roombav2/models
[4.878s] symbolically linking /home/arno/RoombaV2Onboard/build/roombav2/models/constants.xacro -> /home/arno/RoombaV2Onboard/install/roombav2/share/roombav2/models
[4.878s] symbolically linking /home/arno/RoombaV2Onboard/build/roombav2/models/inertial_macros.xacro -> /home/arno/RoombaV2Onboard/install/roombav2/share/roombav2/models
[4.879s] symbolically linking /home/arno/RoombaV2Onboard/build/roombav2/maps/DLL.pgm -> /home/arno/RoombaV2Onboard/install/roombav2/share/roombav2/maps
[4.880s] symbolically linking /home/arno/RoombaV2Onboard/build/roombav2/maps/DLL.yaml -> /home/arno/RoombaV2Onboard/install/roombav2/share/roombav2/maps
[5.008s] Invoked command in '/home/arno/RoombaV2Onboard/build/roombav2' returned '0': PYTHONPATH=/home/arno/RoombaV2Onboard/build/roombav2/prefix_override:/usr/lib/python3/dist-packages/colcon_core/task/python/colcon_distutils_commands:/home/arno/RoombaV2Onboard/install/roombav2/lib/python3.10/site-packages:${PYTHONPATH} /usr/bin/python3 -W ignore:setup.py install is deprecated setup.py develop --editable --build-directory /home/arno/RoombaV2Onboard/build/roombav2/build --no-deps symlink_data --force
