[7.322s] Invoking command in '/home/arno/RoombaV2Onboard/build/roombav2': PYTHONPATH=/home/arno/RoombaV2Onboard/build/roombav2/prefix_override:/usr/lib/python3/dist-packages/colcon_core/task/python/colcon_distutils_commands:/home/arno/RoombaV2Onboard/install/roombav2/lib/python3.10/site-packages:${PYTHONPATH} /usr/bin/python3 -W ignore:setup.py install is deprecated setup.py develop --editable --build-directory /home/arno/RoombaV2Onboard/build/roombav2/build --no-deps symlink_data
[9.795s] running develop
[9.802s] /usr/lib/python3/dist-packages/setuptools/command/easy_install.py:158: EasyInstallDeprecationWarning: easy_install command is deprecated. Use build and pip and other standards-based tools.
[9.803s]   warnings.warn(
[11.485s] running egg_info
[11.487s] writing roombav2.egg-info/PKG-INFO
[11.489s] writing dependency_links to roombav2.egg-info/dependency_links.txt
[11.491s] writing entry points to roombav2.egg-info/entry_points.txt
[11.493s] writing requirements to roombav2.egg-info/requires.txt
[11.495s] writing top-level names to roombav2.egg-info/top_level.txt
[11.511s] reading manifest file 'roombav2.egg-info/SOURCES.txt'
[11.520s] writing manifest file 'roombav2.egg-info/SOURCES.txt'
[11.532s] running build_ext
[11.535s] Creating /home/arno/RoombaV2Onboard/install/roombav2/lib/python3.10/site-packages/roombav2.egg-link (link to .)
[11.542s] Installing encoder_reader script to /home/arno/RoombaV2Onboard/install/roombav2/lib/roombav2
[11.544s] Installing joystick_motor_controller script to /home/arno/RoombaV2Onboard/install/roombav2/lib/roombav2
[11.546s] Installing nav2_motor_controller script to /home/arno/RoombaV2Onboard/install/roombav2/lib/roombav2
[11.549s] 
[11.550s] Installed /home/arno/RoombaV2Onboard/build/roombav2
[11.551s] running symlink_data
[11.841s] Invoked command in '/home/arno/RoombaV2Onboard/build/roombav2' returned '0': PYTHONPATH=/home/arno/RoombaV2Onboard/build/roombav2/prefix_override:/usr/lib/python3/dist-packages/colcon_core/task/python/colcon_distutils_commands:/home/arno/RoombaV2Onboard/install/roombav2/lib/python3.10/site-packages:${PYTHONPATH} /usr/bin/python3 -W ignore:setup.py install is deprecated setup.py develop --editable --build-directory /home/arno/RoombaV2Onboard/build/roombav2/build --no-deps symlink_data
