[13.171s] Invoking command in '/home/arno/RoombaV2Onboard/src/RoverReceive': PYTHONPATH=/home/arno/RoombaV2Onboard/build/RoverReceive/prefix_override:/usr/lib/python3/dist-packages/colcon_core/task/python/colcon_distutils_commands:/home/arno/RoombaV2Onboard/install/RoverReceive/lib/python3.10/site-packages:${PYTHONPATH} /usr/bin/python3 -W ignore:setup.py install is deprecated setup.py egg_info --egg-base ../../build/RoverReceive build --build-base /home/arno/RoombaV2Onboard/build/RoverReceive/build install --record /home/arno/RoombaV2Onboard/build/RoverReceive/install.log --single-version-externally-managed install_data
[16.029s] running egg_info
[16.035s] writing ../../build/RoverReceive/RoverReceive.egg-info/PKG-INFO
[16.039s] writing dependency_links to ../../build/RoverReceive/RoverReceive.egg-info/dependency_links.txt
[16.042s] writing entry points to ../../build/RoverReceive/RoverReceive.egg-info/entry_points.txt
[16.044s] writing requirements to ../../build/RoverReceive/RoverReceive.egg-info/requires.txt
[16.046s] writing top-level names to ../../build/RoverReceive/RoverReceive.egg-info/top_level.txt
[16.068s] reading manifest file '../../build/RoverReceive/RoverReceive.egg-info/SOURCES.txt'
[16.071s] adding license file 'LICENSE'
[16.078s] writing manifest file '../../build/RoverReceive/RoverReceive.egg-info/SOURCES.txt'
[16.080s] running build
[16.082s] running build_py
[16.089s] running install
[16.090s] running install_lib
[16.116s] running install_data
[16.120s] running install_egg_info
[16.138s] removing '/home/arno/RoombaV2Onboard/install/RoverReceive/lib/python3.10/site-packages/RoverReceive-0.0.0-py3.10.egg-info' (and everything under it)
[16.142s] Copying ../../build/RoverReceive/RoverReceive.egg-info to /home/arno/RoombaV2Onboard/install/RoverReceive/lib/python3.10/site-packages/RoverReceive-0.0.0-py3.10.egg-info
[16.160s] running install_scripts
[16.363s] Installing receive_node script to /home/arno/RoombaV2Onboard/install/RoverReceive/lib/RoverReceive
[16.369s] writing list of installed files to '/home/arno/RoombaV2Onboard/build/RoverReceive/install.log'
[16.802s] Invoked command in '/home/arno/RoombaV2Onboard/src/RoverReceive' returned '0': PYTHONPATH=/home/arno/RoombaV2Onboard/build/RoverReceive/prefix_override:/usr/lib/python3/dist-packages/colcon_core/task/python/colcon_distutils_commands:/home/arno/RoombaV2Onboard/install/RoverReceive/lib/python3.10/site-packages:${PYTHONPATH} /usr/bin/python3 -W ignore:setup.py install is deprecated setup.py egg_info --egg-base ../../build/RoverReceive build --build-base /home/arno/RoombaV2Onboard/build/RoverReceive/build install --record /home/arno/RoombaV2Onboard/build/RoverReceive/install.log --single-version-externally-managed install_data
