[0.701s] DEBUG:colcon:Command line arguments: ['/usr/bin/colcon', 'build']
[0.702s] DEBUG:colcon:Parsed command line arguments: Namespace(log_base=None, log_level=None, verb_name='build', build_base='build', install_base='install', merge_install=False, symlink_install=False, test_result_base=None, continue_on_error=False, executor='parallel', parallel_workers=4, event_handlers=None, ignore_user_meta=False, metas=['./colcon.meta'], base_paths=['.'], packages_ignore=None, packages_ignore_regex=None, paths=None, packages_up_to=None, packages_up_to_regex=None, packages_above=None, packages_above_and_dependencies=None, packages_above_depth=None, packages_select_by_dep=None, packages_skip_by_dep=None, packages_skip_up_to=None, packages_select_build_failed=False, packages_skip_build_finished=False, packages_select_test_failures=False, packages_skip_test_passed=False, packages_select=None, packages_skip=None, packages_select_regex=None, packages_skip_regex=None, packages_start=None, packages_end=None, allow_overriding=[], cmake_args=None, cmake_target=None, cmake_target_skip_unavailable=False, cmake_clean_cache=False, cmake_clean_first=False, cmake_force_configure=False, ament_cmake_args=None, catkin_cmake_args=None, catkin_skip_building_tests=False, mixin_files=None, mixin=None, verb_parser=<colcon_mixin.mixin.mixin_argument.MixinArgumentDecorator object at 0xffff98e08d30>, verb_extension=<colcon_core.verb.build.BuildVerb object at 0xffff98f41480>, main=<bound method BuildVerb.main of <colcon_core.verb.build.BuildVerb object at 0xffff98f41480>>, mixin_verb=('build',))
[4.129s] Level 1:colcon.colcon_core.package_discovery:discover_packages(colcon_meta) check parameters
[4.130s] Level 1:colcon.colcon_core.package_discovery:discover_packages(recursive) check parameters
[4.131s] Level 1:colcon.colcon_core.package_discovery:discover_packages(ignore) check parameters
[4.131s] Level 1:colcon.colcon_core.package_discovery:discover_packages(path) check parameters
[4.131s] Level 1:colcon.colcon_core.package_discovery:discover_packages(colcon_meta) discover
[4.131s] Level 1:colcon.colcon_core.package_discovery:discover_packages(recursive) discover
[4.132s] INFO:colcon.colcon_core.package_discovery:Crawling recursively for packages in '/home/arno/RoombaV2Onboard'
[4.133s] Level 1:colcon.colcon_core.package_identification:_identify(.) by extensions ['ignore', 'ignore_ament_install']
[4.134s] Level 1:colcon.colcon_core.package_identification:_identify(.) by extension 'ignore'
[4.134s] Level 1:colcon.colcon_core.package_identification:_identify(.) by extension 'ignore_ament_install'
[4.134s] Level 1:colcon.colcon_core.package_identification:_identify(.) by extensions ['colcon_pkg']
[4.134s] Level 1:colcon.colcon_core.package_identification:_identify(.) by extension 'colcon_pkg'
[4.135s] Level 1:colcon.colcon_core.package_identification:_identify(.) by extensions ['colcon_meta']
[4.135s] Level 1:colcon.colcon_core.package_identification:_identify(.) by extension 'colcon_meta'
[4.135s] Level 1:colcon.colcon_core.package_identification:_identify(.) by extensions ['ros']
[4.135s] Level 1:colcon.colcon_core.package_identification:_identify(.) by extension 'ros'
[4.201s] Level 1:colcon.colcon_core.package_identification:_identify(.) by extensions ['cmake', 'python']
[4.201s] Level 1:colcon.colcon_core.package_identification:_identify(.) by extension 'cmake'
[4.201s] Level 1:colcon.colcon_core.package_identification:_identify(.) by extension 'python'
[4.201s] Level 1:colcon.colcon_core.package_identification:_identify(.) by extensions ['python_setup_py']
[4.201s] Level 1:colcon.colcon_core.package_identification:_identify(.) by extension 'python_setup_py'
[4.202s] Level 1:colcon.colcon_core.package_identification:_identify(build) by extensions ['ignore', 'ignore_ament_install']
[4.202s] Level 1:colcon.colcon_core.package_identification:_identify(build) by extension 'ignore'
[4.203s] Level 1:colcon.colcon_core.package_identification:_identify(build) ignored
[4.203s] Level 1:colcon.colcon_core.package_identification:_identify(install) by extensions ['ignore', 'ignore_ament_install']
[4.204s] Level 1:colcon.colcon_core.package_identification:_identify(install) by extension 'ignore'
[4.204s] Level 1:colcon.colcon_core.package_identification:_identify(install) ignored
[4.205s] Level 1:colcon.colcon_core.package_identification:_identify(log) by extensions ['ignore', 'ignore_ament_install']
[4.205s] Level 1:colcon.colcon_core.package_identification:_identify(log) by extension 'ignore'
[4.205s] Level 1:colcon.colcon_core.package_identification:_identify(log) ignored
[4.206s] Level 1:colcon.colcon_core.package_identification:_identify(src) by extensions ['ignore', 'ignore_ament_install']
[4.206s] Level 1:colcon.colcon_core.package_identification:_identify(src) by extension 'ignore'
[4.206s] Level 1:colcon.colcon_core.package_identification:_identify(src) by extension 'ignore_ament_install'
[4.207s] Level 1:colcon.colcon_core.package_identification:_identify(src) by extensions ['colcon_pkg']
[4.207s] Level 1:colcon.colcon_core.package_identification:_identify(src) by extension 'colcon_pkg'
[4.207s] Level 1:colcon.colcon_core.package_identification:_identify(src) by extensions ['colcon_meta']
[4.208s] Level 1:colcon.colcon_core.package_identification:_identify(src) by extension 'colcon_meta'
[4.208s] Level 1:colcon.colcon_core.package_identification:_identify(src) by extensions ['ros']
[4.208s] Level 1:colcon.colcon_core.package_identification:_identify(src) by extension 'ros'
[4.209s] Level 1:colcon.colcon_core.package_identification:_identify(src) by extensions ['cmake', 'python']
[4.209s] Level 1:colcon.colcon_core.package_identification:_identify(src) by extension 'cmake'
[4.209s] Level 1:colcon.colcon_core.package_identification:_identify(src) by extension 'python'
[4.209s] Level 1:colcon.colcon_core.package_identification:_identify(src) by extensions ['python_setup_py']
[4.209s] Level 1:colcon.colcon_core.package_identification:_identify(src) by extension 'python_setup_py'
[4.210s] Level 1:colcon.colcon_core.package_identification:_identify(src/RoverReceive) by extensions ['ignore', 'ignore_ament_install']
[4.210s] Level 1:colcon.colcon_core.package_identification:_identify(src/RoverReceive) by extension 'ignore'
[4.211s] Level 1:colcon.colcon_core.package_identification:_identify(src/RoverReceive) by extension 'ignore_ament_install'
[4.211s] Level 1:colcon.colcon_core.package_identification:_identify(src/RoverReceive) by extensions ['colcon_pkg']
[4.211s] Level 1:colcon.colcon_core.package_identification:_identify(src/RoverReceive) by extension 'colcon_pkg'
[4.211s] Level 1:colcon.colcon_core.package_identification:_identify(src/RoverReceive) by extensions ['colcon_meta']
[4.211s] Level 1:colcon.colcon_core.package_identification:_identify(src/RoverReceive) by extension 'colcon_meta'
[4.212s] Level 1:colcon.colcon_core.package_identification:_identify(src/RoverReceive) by extensions ['ros']
[4.212s] Level 1:colcon.colcon_core.package_identification:_identify(src/RoverReceive) by extension 'ros'
[4.222s] DEBUG:colcon.colcon_core.package_identification:Package 'src/RoverReceive' with type 'ros.ament_python' and name 'RoverReceive'
[4.222s] Level 1:colcon.colcon_core.package_identification:_identify(src/mode_manager) by extensions ['ignore', 'ignore_ament_install']
[4.223s] Level 1:colcon.colcon_core.package_identification:_identify(src/mode_manager) by extension 'ignore'
[4.223s] Level 1:colcon.colcon_core.package_identification:_identify(src/mode_manager) by extension 'ignore_ament_install'
[4.223s] Level 1:colcon.colcon_core.package_identification:_identify(src/mode_manager) by extensions ['colcon_pkg']
[4.224s] Level 1:colcon.colcon_core.package_identification:_identify(src/mode_manager) by extension 'colcon_pkg'
[4.224s] Level 1:colcon.colcon_core.package_identification:_identify(src/mode_manager) by extensions ['colcon_meta']
[4.224s] Level 1:colcon.colcon_core.package_identification:_identify(src/mode_manager) by extension 'colcon_meta'
[4.224s] Level 1:colcon.colcon_core.package_identification:_identify(src/mode_manager) by extensions ['ros']
[4.224s] Level 1:colcon.colcon_core.package_identification:_identify(src/mode_manager) by extension 'ros'
[4.227s] DEBUG:colcon.colcon_core.package_identification:Package 'src/mode_manager' with type 'ros.ament_python' and name 'mode_manager'
[4.228s] Level 1:colcon.colcon_core.package_identification:_identify(src/rf2o_laser_odometry) by extensions ['ignore', 'ignore_ament_install']
[4.228s] Level 1:colcon.colcon_core.package_identification:_identify(src/rf2o_laser_odometry) by extension 'ignore'
[4.229s] Level 1:colcon.colcon_core.package_identification:_identify(src/rf2o_laser_odometry) by extension 'ignore_ament_install'
[4.229s] Level 1:colcon.colcon_core.package_identification:_identify(src/rf2o_laser_odometry) by extensions ['colcon_pkg']
[4.229s] Level 1:colcon.colcon_core.package_identification:_identify(src/rf2o_laser_odometry) by extension 'colcon_pkg'
[4.230s] Level 1:colcon.colcon_core.package_identification:_identify(src/rf2o_laser_odometry) by extensions ['colcon_meta']
[4.230s] Level 1:colcon.colcon_core.package_identification:_identify(src/rf2o_laser_odometry) by extension 'colcon_meta'
[4.230s] Level 1:colcon.colcon_core.package_identification:_identify(src/rf2o_laser_odometry) by extensions ['ros']
[4.230s] Level 1:colcon.colcon_core.package_identification:_identify(src/rf2o_laser_odometry) by extension 'ros'
[4.240s] DEBUG:colcon.colcon_core.package_identification:Package 'src/rf2o_laser_odometry' with type 'ros.ament_cmake' and name 'rf2o_laser_odometry'
[4.241s] Level 1:colcon.colcon_core.package_identification:_identify(src/roombav2) by extensions ['ignore', 'ignore_ament_install']
[4.241s] Level 1:colcon.colcon_core.package_identification:_identify(src/roombav2) by extension 'ignore'
[4.241s] Level 1:colcon.colcon_core.package_identification:_identify(src/roombav2) by extension 'ignore_ament_install'
[4.242s] Level 1:colcon.colcon_core.package_identification:_identify(src/roombav2) by extensions ['colcon_pkg']
[4.242s] Level 1:colcon.colcon_core.package_identification:_identify(src/roombav2) by extension 'colcon_pkg'
[4.242s] Level 1:colcon.colcon_core.package_identification:_identify(src/roombav2) by extensions ['colcon_meta']
[4.242s] Level 1:colcon.colcon_core.package_identification:_identify(src/roombav2) by extension 'colcon_meta'
[4.243s] Level 1:colcon.colcon_core.package_identification:_identify(src/roombav2) by extensions ['ros']
[4.243s] Level 1:colcon.colcon_core.package_identification:_identify(src/roombav2) by extension 'ros'
[4.245s] DEBUG:colcon.colcon_core.package_identification:Package 'src/roombav2' with type 'ros.ament_python' and name 'roombav2'
[4.246s] Level 1:colcon.colcon_core.package_identification:_identify(src/sllidar_ros2) by extensions ['ignore', 'ignore_ament_install']
[4.247s] Level 1:colcon.colcon_core.package_identification:_identify(src/sllidar_ros2) by extension 'ignore'
[4.247s] Level 1:colcon.colcon_core.package_identification:_identify(src/sllidar_ros2) by extension 'ignore_ament_install'
[4.247s] Level 1:colcon.colcon_core.package_identification:_identify(src/sllidar_ros2) by extensions ['colcon_pkg']
[4.248s] Level 1:colcon.colcon_core.package_identification:_identify(src/sllidar_ros2) by extension 'colcon_pkg'
[4.248s] Level 1:colcon.colcon_core.package_identification:_identify(src/sllidar_ros2) by extensions ['colcon_meta']
[4.248s] Level 1:colcon.colcon_core.package_identification:_identify(src/sllidar_ros2) by extension 'colcon_meta'
[4.248s] Level 1:colcon.colcon_core.package_identification:_identify(src/sllidar_ros2) by extensions ['ros']
[4.249s] Level 1:colcon.colcon_core.package_identification:_identify(src/sllidar_ros2) by extension 'ros'
[4.252s] DEBUG:colcon.colcon_core.package_identification:Package 'src/sllidar_ros2' with type 'ros.ament_cmake' and name 'sllidar_ros2'
[4.252s] Level 1:colcon.colcon_core.package_discovery:discover_packages(recursive) using defaults
[4.253s] Level 1:colcon.colcon_core.package_discovery:discover_packages(ignore) discover
[4.253s] Level 1:colcon.colcon_core.package_discovery:discover_packages(ignore) using defaults
[4.253s] Level 1:colcon.colcon_core.package_discovery:discover_packages(path) discover
[4.253s] Level 1:colcon.colcon_core.package_discovery:discover_packages(path) using defaults
[4.376s] Level 1:colcon.colcon_core.package_discovery:discover_packages(prefix_path) check parameters
[4.376s] Level 1:colcon.colcon_core.package_discovery:discover_packages(prefix_path) discover
[4.394s] DEBUG:colcon.colcon_installed_package_information.package_discovery:Found 5 installed packages in /home/arno/RoombaV2Onboard/install
[4.403s] DEBUG:colcon.colcon_installed_package_information.package_discovery:Found 245 installed packages in /opt/ros/humble
[4.410s] Level 1:colcon.colcon_core.package_discovery:discover_packages(prefix_path) using defaults
[4.599s] Level 5:colcon.colcon_core.verb:set package 'RoverReceive' build argument 'cmake_args' from command line to 'None'
[4.600s] Level 5:colcon.colcon_core.verb:set package 'RoverReceive' build argument 'cmake_target' from command line to 'None'
[4.600s] Level 5:colcon.colcon_core.verb:set package 'RoverReceive' build argument 'cmake_target_skip_unavailable' from command line to 'False'
[4.600s] Level 5:colcon.colcon_core.verb:set package 'RoverReceive' build argument 'cmake_clean_cache' from command line to 'False'
[4.600s] Level 5:colcon.colcon_core.verb:set package 'RoverReceive' build argument 'cmake_clean_first' from command line to 'False'
[4.600s] Level 5:colcon.colcon_core.verb:set package 'RoverReceive' build argument 'cmake_force_configure' from command line to 'False'
[4.600s] Level 5:colcon.colcon_core.verb:set package 'RoverReceive' build argument 'ament_cmake_args' from command line to 'None'
[4.600s] Level 5:colcon.colcon_core.verb:set package 'RoverReceive' build argument 'catkin_cmake_args' from command line to 'None'
[4.600s] Level 5:colcon.colcon_core.verb:set package 'RoverReceive' build argument 'catkin_skip_building_tests' from command line to 'False'
[4.601s] DEBUG:colcon.colcon_core.verb:Building package 'RoverReceive' with the following arguments: {'ament_cmake_args': None, 'build_base': '/home/arno/RoombaV2Onboard/build/RoverReceive', 'catkin_cmake_args': None, 'catkin_skip_building_tests': False, 'cmake_args': None, 'cmake_clean_cache': False, 'cmake_clean_first': False, 'cmake_force_configure': False, 'cmake_target': None, 'cmake_target_skip_unavailable': False, 'install_base': '/home/arno/RoombaV2Onboard/install/RoverReceive', 'merge_install': False, 'path': '/home/arno/RoombaV2Onboard/src/RoverReceive', 'symlink_install': False, 'test_result_base': None}
[4.602s] Level 5:colcon.colcon_core.verb:set package 'mode_manager' build argument 'cmake_args' from command line to 'None'
[4.602s] Level 5:colcon.colcon_core.verb:set package 'mode_manager' build argument 'cmake_target' from command line to 'None'
[4.602s] Level 5:colcon.colcon_core.verb:set package 'mode_manager' build argument 'cmake_target_skip_unavailable' from command line to 'False'
[4.603s] Level 5:colcon.colcon_core.verb:set package 'mode_manager' build argument 'cmake_clean_cache' from command line to 'False'
[4.603s] Level 5:colcon.colcon_core.verb:set package 'mode_manager' build argument 'cmake_clean_first' from command line to 'False'
[4.603s] Level 5:colcon.colcon_core.verb:set package 'mode_manager' build argument 'cmake_force_configure' from command line to 'False'
[4.603s] Level 5:colcon.colcon_core.verb:set package 'mode_manager' build argument 'ament_cmake_args' from command line to 'None'
[4.603s] Level 5:colcon.colcon_core.verb:set package 'mode_manager' build argument 'catkin_cmake_args' from command line to 'None'
[4.603s] Level 5:colcon.colcon_core.verb:set package 'mode_manager' build argument 'catkin_skip_building_tests' from command line to 'False'
[4.603s] DEBUG:colcon.colcon_core.verb:Building package 'mode_manager' with the following arguments: {'ament_cmake_args': None, 'build_base': '/home/arno/RoombaV2Onboard/build/mode_manager', 'catkin_cmake_args': None, 'catkin_skip_building_tests': False, 'cmake_args': None, 'cmake_clean_cache': False, 'cmake_clean_first': False, 'cmake_force_configure': False, 'cmake_target': None, 'cmake_target_skip_unavailable': False, 'install_base': '/home/arno/RoombaV2Onboard/install/mode_manager', 'merge_install': False, 'path': '/home/arno/RoombaV2Onboard/src/mode_manager', 'symlink_install': False, 'test_result_base': None}
[4.605s] Level 5:colcon.colcon_core.verb:set package 'rf2o_laser_odometry' build argument 'cmake_args' from command line to 'None'
[4.605s] Level 5:colcon.colcon_core.verb:set package 'rf2o_laser_odometry' build argument 'cmake_target' from command line to 'None'
[4.605s] Level 5:colcon.colcon_core.verb:set package 'rf2o_laser_odometry' build argument 'cmake_target_skip_unavailable' from command line to 'False'
[4.605s] Level 5:colcon.colcon_core.verb:set package 'rf2o_laser_odometry' build argument 'cmake_clean_cache' from command line to 'False'
[4.605s] Level 5:colcon.colcon_core.verb:set package 'rf2o_laser_odometry' build argument 'cmake_clean_first' from command line to 'False'
[4.605s] Level 5:colcon.colcon_core.verb:set package 'rf2o_laser_odometry' build argument 'cmake_force_configure' from command line to 'False'
[4.605s] Level 5:colcon.colcon_core.verb:set package 'rf2o_laser_odometry' build argument 'ament_cmake_args' from command line to 'None'
[4.606s] Level 5:colcon.colcon_core.verb:set package 'rf2o_laser_odometry' build argument 'catkin_cmake_args' from command line to 'None'
[4.606s] Level 5:colcon.colcon_core.verb:set package 'rf2o_laser_odometry' build argument 'catkin_skip_building_tests' from command line to 'False'
[4.606s] DEBUG:colcon.colcon_core.verb:Building package 'rf2o_laser_odometry' with the following arguments: {'ament_cmake_args': None, 'build_base': '/home/arno/RoombaV2Onboard/build/rf2o_laser_odometry', 'catkin_cmake_args': None, 'catkin_skip_building_tests': False, 'cmake_args': None, 'cmake_clean_cache': False, 'cmake_clean_first': False, 'cmake_force_configure': False, 'cmake_target': None, 'cmake_target_skip_unavailable': False, 'install_base': '/home/arno/RoombaV2Onboard/install/rf2o_laser_odometry', 'merge_install': False, 'path': '/home/arno/RoombaV2Onboard/src/rf2o_laser_odometry', 'symlink_install': False, 'test_result_base': None}
[4.607s] Level 5:colcon.colcon_core.verb:set package 'roombav2' build argument 'cmake_args' from command line to 'None'
[4.607s] Level 5:colcon.colcon_core.verb:set package 'roombav2' build argument 'cmake_target' from command line to 'None'
[4.608s] Level 5:colcon.colcon_core.verb:set package 'roombav2' build argument 'cmake_target_skip_unavailable' from command line to 'False'
[4.608s] Level 5:colcon.colcon_core.verb:set package 'roombav2' build argument 'cmake_clean_cache' from command line to 'False'
[4.608s] Level 5:colcon.colcon_core.verb:set package 'roombav2' build argument 'cmake_clean_first' from command line to 'False'
[4.608s] Level 5:colcon.colcon_core.verb:set package 'roombav2' build argument 'cmake_force_configure' from command line to 'False'
[4.608s] Level 5:colcon.colcon_core.verb:set package 'roombav2' build argument 'ament_cmake_args' from command line to 'None'
[4.608s] Level 5:colcon.colcon_core.verb:set package 'roombav2' build argument 'catkin_cmake_args' from command line to 'None'
[4.608s] Level 5:colcon.colcon_core.verb:set package 'roombav2' build argument 'catkin_skip_building_tests' from command line to 'False'
[4.608s] DEBUG:colcon.colcon_core.verb:Building package 'roombav2' with the following arguments: {'ament_cmake_args': None, 'build_base': '/home/arno/RoombaV2Onboard/build/roombav2', 'catkin_cmake_args': None, 'catkin_skip_building_tests': False, 'cmake_args': None, 'cmake_clean_cache': False, 'cmake_clean_first': False, 'cmake_force_configure': False, 'cmake_target': None, 'cmake_target_skip_unavailable': False, 'install_base': '/home/arno/RoombaV2Onboard/install/roombav2', 'merge_install': False, 'path': '/home/arno/RoombaV2Onboard/src/roombav2', 'symlink_install': False, 'test_result_base': None}
[4.610s] Level 5:colcon.colcon_core.verb:set package 'sllidar_ros2' build argument 'cmake_args' from command line to 'None'
[4.610s] Level 5:colcon.colcon_core.verb:set package 'sllidar_ros2' build argument 'cmake_target' from command line to 'None'
[4.610s] Level 5:colcon.colcon_core.verb:set package 'sllidar_ros2' build argument 'cmake_target_skip_unavailable' from command line to 'False'
[4.610s] Level 5:colcon.colcon_core.verb:set package 'sllidar_ros2' build argument 'cmake_clean_cache' from command line to 'False'
[4.610s] Level 5:colcon.colcon_core.verb:set package 'sllidar_ros2' build argument 'cmake_clean_first' from command line to 'False'
[4.610s] Level 5:colcon.colcon_core.verb:set package 'sllidar_ros2' build argument 'cmake_force_configure' from command line to 'False'
[4.611s] Level 5:colcon.colcon_core.verb:set package 'sllidar_ros2' build argument 'ament_cmake_args' from command line to 'None'
[4.611s] Level 5:colcon.colcon_core.verb:set package 'sllidar_ros2' build argument 'catkin_cmake_args' from command line to 'None'
[4.611s] Level 5:colcon.colcon_core.verb:set package 'sllidar_ros2' build argument 'catkin_skip_building_tests' from command line to 'False'
[4.611s] DEBUG:colcon.colcon_core.verb:Building package 'sllidar_ros2' with the following arguments: {'ament_cmake_args': None, 'build_base': '/home/arno/RoombaV2Onboard/build/sllidar_ros2', 'catkin_cmake_args': None, 'catkin_skip_building_tests': False, 'cmake_args': None, 'cmake_clean_cache': False, 'cmake_clean_first': False, 'cmake_force_configure': False, 'cmake_target': None, 'cmake_target_skip_unavailable': False, 'install_base': '/home/arno/RoombaV2Onboard/install/sllidar_ros2', 'merge_install': False, 'path': '/home/arno/RoombaV2Onboard/src/sllidar_ros2', 'symlink_install': False, 'test_result_base': None}
[4.611s] INFO:colcon.colcon_core.executor:Executing jobs using 'parallel' executor
[4.615s] DEBUG:colcon.colcon_parallel_executor.executor.parallel:run_until_complete
[4.616s] INFO:colcon.colcon_ros.task.ament_python.build:Building ROS package in '/home/arno/RoombaV2Onboard/src/RoverReceive' with build type 'ament_python'
[4.617s] Level 1:colcon.colcon_core.shell:create_environment_hook('RoverReceive', 'ament_prefix_path')
[4.637s] INFO:colcon.colcon_core.plugin_system:Skipping extension 'colcon_core.shell.bat': Not used on non-Windows systems
[4.639s] INFO:colcon.colcon_core.shell:Creating environment hook '/home/arno/RoombaV2Onboard/install/RoverReceive/share/RoverReceive/hook/ament_prefix_path.ps1'
[4.642s] INFO:colcon.colcon_core.shell:Creating environment descriptor '/home/arno/RoombaV2Onboard/install/RoverReceive/share/RoverReceive/hook/ament_prefix_path.dsv'
[4.645s] INFO:colcon.colcon_core.shell:Creating environment hook '/home/arno/RoombaV2Onboard/install/RoverReceive/share/RoverReceive/hook/ament_prefix_path.sh'
[4.649s] INFO:colcon.colcon_core.shell:Skip shell extension 'powershell' for command environment: Not usable outside of PowerShell
[4.649s] DEBUG:colcon.colcon_core.shell:Skip shell extension 'dsv' for command environment
[4.667s] INFO:colcon.colcon_ros.task.ament_python.build:Building ROS package in '/home/arno/RoombaV2Onboard/src/mode_manager' with build type 'ament_python'
[4.668s] Level 1:colcon.colcon_core.shell:create_environment_hook('mode_manager', 'ament_prefix_path')
[4.670s] INFO:colcon.colcon_core.shell:Creating environment hook '/home/arno/RoombaV2Onboard/install/mode_manager/share/mode_manager/hook/ament_prefix_path.ps1'
[4.672s] INFO:colcon.colcon_core.shell:Creating environment descriptor '/home/arno/RoombaV2Onboard/install/mode_manager/share/mode_manager/hook/ament_prefix_path.dsv'
[4.674s] INFO:colcon.colcon_core.shell:Creating environment hook '/home/arno/RoombaV2Onboard/install/mode_manager/share/mode_manager/hook/ament_prefix_path.sh'
[4.677s] INFO:colcon.colcon_core.shell:Skip shell extension 'powershell' for command environment: Not usable outside of PowerShell
[4.678s] DEBUG:colcon.colcon_core.shell:Skip shell extension 'dsv' for command environment
[4.695s] INFO:colcon.colcon_ros.task.ament_cmake.build:Building ROS package in '/home/arno/RoombaV2Onboard/src/rf2o_laser_odometry' with build type 'ament_cmake'
[4.695s] INFO:colcon.colcon_cmake.task.cmake.build:Building CMake package in '/home/arno/RoombaV2Onboard/src/rf2o_laser_odometry'
[4.697s] INFO:colcon.colcon_core.shell:Skip shell extension 'powershell' for command environment: Not usable outside of PowerShell
[4.698s] DEBUG:colcon.colcon_core.shell:Skip shell extension 'dsv' for command environment
[4.717s] INFO:colcon.colcon_ros.task.ament_python.build:Building ROS package in '/home/arno/RoombaV2Onboard/src/roombav2' with build type 'ament_python'
[4.718s] Level 1:colcon.colcon_core.shell:create_environment_hook('roombav2', 'ament_prefix_path')
[4.719s] INFO:colcon.colcon_core.shell:Creating environment hook '/home/arno/RoombaV2Onboard/install/roombav2/share/roombav2/hook/ament_prefix_path.ps1'
[4.722s] INFO:colcon.colcon_core.shell:Creating environment descriptor '/home/arno/RoombaV2Onboard/install/roombav2/share/roombav2/hook/ament_prefix_path.dsv'
[4.723s] INFO:colcon.colcon_core.shell:Creating environment hook '/home/arno/RoombaV2Onboard/install/roombav2/share/roombav2/hook/ament_prefix_path.sh'
[4.727s] INFO:colcon.colcon_core.shell:Skip shell extension 'powershell' for command environment: Not usable outside of PowerShell
[4.727s] DEBUG:colcon.colcon_core.shell:Skip shell extension 'dsv' for command environment
[5.854s] INFO:colcon.colcon_core.task.python.build:Building Python package in '/home/arno/RoombaV2Onboard/src/RoverReceive'
[5.855s] INFO:colcon.colcon_core.shell:Skip shell extension 'powershell' for command environment: Not usable outside of PowerShell
[5.856s] DEBUG:colcon.colcon_core.shell:Skip shell extension 'dsv' for command environment
[6.972s] INFO:colcon.colcon_core.task.python.build:Building Python package in '/home/arno/RoombaV2Onboard/src/mode_manager'
[6.973s] INFO:colcon.colcon_core.shell:Skip shell extension 'powershell' for command environment: Not usable outside of PowerShell
[6.974s] DEBUG:colcon.colcon_core.shell:Skip shell extension 'dsv' for command environment
[7.008s] DEBUG:colcon.colcon_core.event_handler.log_command:Invoking command in '/home/arno/RoombaV2Onboard/build/rf2o_laser_odometry': CMAKE_PREFIX_PATH=${CMAKE_PREFIX_PATH}:/home/arno/RoombaV2Onboard/install/roombav2:/home/arno/RoombaV2Onboard/install/mode_manager:/home/arno/RoombaV2Onboard/install/RoverReceive:/opt/ros/humble /usr/bin/cmake --build /home/arno/RoombaV2Onboard/build/rf2o_laser_odometry -- -j4 -l4
[8.228s] INFO:colcon.colcon_core.task.python.build:Building Python package in '/home/arno/RoombaV2Onboard/src/roombav2'
[8.230s] INFO:colcon.colcon_core.shell:Skip shell extension 'powershell' for command environment: Not usable outside of PowerShell
[8.230s] DEBUG:colcon.colcon_core.shell:Skip shell extension 'dsv' for command environment
[8.315s] DEBUG:colcon.colcon_core.event_handler.log_command:Invoked command in '/home/arno/RoombaV2Onboard/build/rf2o_laser_odometry' returned '0': CMAKE_PREFIX_PATH=${CMAKE_PREFIX_PATH}:/home/arno/RoombaV2Onboard/install/roombav2:/home/arno/RoombaV2Onboard/install/mode_manager:/home/arno/RoombaV2Onboard/install/RoverReceive:/opt/ros/humble /usr/bin/cmake --build /home/arno/RoombaV2Onboard/build/rf2o_laser_odometry -- -j4 -l4
[8.542s] DEBUG:colcon.colcon_core.event_handler.log_command:Invoking command in '/home/arno/RoombaV2Onboard/build/rf2o_laser_odometry': CMAKE_PREFIX_PATH=${CMAKE_PREFIX_PATH}:/home/arno/RoombaV2Onboard/install/roombav2:/home/arno/RoombaV2Onboard/install/mode_manager:/home/arno/RoombaV2Onboard/install/RoverReceive:/opt/ros/humble /usr/bin/cmake --install /home/arno/RoombaV2Onboard/build/rf2o_laser_odometry
[8.603s] Level 1:colcon.colcon_core.environment:create_environment_scripts_only(rf2o_laser_odometry)
[8.607s] DEBUG:colcon.colcon_core.event_handler.log_command:Invoked command in '/home/arno/RoombaV2Onboard/build/rf2o_laser_odometry' returned '0': CMAKE_PREFIX_PATH=${CMAKE_PREFIX_PATH}:/home/arno/RoombaV2Onboard/install/roombav2:/home/arno/RoombaV2Onboard/install/mode_manager:/home/arno/RoombaV2Onboard/install/RoverReceive:/opt/ros/humble /usr/bin/cmake --install /home/arno/RoombaV2Onboard/build/rf2o_laser_odometry
[8.638s] Level 1:colcon.colcon_core.environment:checking '/home/arno/RoombaV2Onboard/install/rf2o_laser_odometry' for CMake module files
[8.642s] Level 1:colcon.colcon_core.environment:checking '/home/arno/RoombaV2Onboard/install/rf2o_laser_odometry' for CMake config files
[8.645s] Level 1:colcon.colcon_core.shell:create_environment_hook('rf2o_laser_odometry', 'cmake_prefix_path')
[8.647s] INFO:colcon.colcon_core.shell:Creating environment hook '/home/arno/RoombaV2Onboard/install/rf2o_laser_odometry/share/rf2o_laser_odometry/hook/cmake_prefix_path.ps1'
[8.649s] INFO:colcon.colcon_core.shell:Creating environment descriptor '/home/arno/RoombaV2Onboard/install/rf2o_laser_odometry/share/rf2o_laser_odometry/hook/cmake_prefix_path.dsv'
[8.653s] INFO:colcon.colcon_core.shell:Creating environment hook '/home/arno/RoombaV2Onboard/install/rf2o_laser_odometry/share/rf2o_laser_odometry/hook/cmake_prefix_path.sh'
[8.658s] Level 1:colcon.colcon_core.environment:checking '/home/arno/RoombaV2Onboard/install/rf2o_laser_odometry/lib'
[8.659s] Level 1:colcon.colcon_core.environment:checking '/home/arno/RoombaV2Onboard/install/rf2o_laser_odometry/bin'
[8.660s] Level 1:colcon.colcon_core.environment:checking '/home/arno/RoombaV2Onboard/install/rf2o_laser_odometry/lib/pkgconfig/rf2o_laser_odometry.pc'
[8.661s] Level 1:colcon.colcon_core.environment:checking '/home/arno/RoombaV2Onboard/install/rf2o_laser_odometry/lib/python3.10/site-packages'
[8.662s] Level 1:colcon.colcon_core.environment:checking '/home/arno/RoombaV2Onboard/install/rf2o_laser_odometry/bin'
[8.664s] INFO:colcon.colcon_core.shell:Creating package script '/home/arno/RoombaV2Onboard/install/rf2o_laser_odometry/share/rf2o_laser_odometry/package.ps1'
[8.669s] INFO:colcon.colcon_core.shell:Creating package descriptor '/home/arno/RoombaV2Onboard/install/rf2o_laser_odometry/share/rf2o_laser_odometry/package.dsv'
[8.681s] INFO:colcon.colcon_core.shell:Creating package script '/home/arno/RoombaV2Onboard/install/rf2o_laser_odometry/share/rf2o_laser_odometry/package.sh'
[8.687s] INFO:colcon.colcon_core.shell:Creating package script '/home/arno/RoombaV2Onboard/install/rf2o_laser_odometry/share/rf2o_laser_odometry/package.bash'
[8.691s] INFO:colcon.colcon_core.shell:Creating package script '/home/arno/RoombaV2Onboard/install/rf2o_laser_odometry/share/rf2o_laser_odometry/package.zsh'
[8.695s] Level 1:colcon.colcon_core.environment:create_file_with_runtime_dependencies(/home/arno/RoombaV2Onboard/install/rf2o_laser_odometry/share/colcon-core/packages/rf2o_laser_odometry)
[8.871s] Level 1:colcon.colcon_core.environment:create_environment_scripts_only(rf2o_laser_odometry)
[8.872s] Level 1:colcon.colcon_core.environment:checking '/home/arno/RoombaV2Onboard/install/rf2o_laser_odometry' for CMake module files
[8.881s] Level 1:colcon.colcon_core.environment:checking '/home/arno/RoombaV2Onboard/install/rf2o_laser_odometry' for CMake config files
[8.885s] Level 1:colcon.colcon_core.shell:create_environment_hook('rf2o_laser_odometry', 'cmake_prefix_path')
[8.886s] INFO:colcon.colcon_core.shell:Creating environment hook '/home/arno/RoombaV2Onboard/install/rf2o_laser_odometry/share/rf2o_laser_odometry/hook/cmake_prefix_path.ps1'
[8.889s] INFO:colcon.colcon_core.shell:Creating environment descriptor '/home/arno/RoombaV2Onboard/install/rf2o_laser_odometry/share/rf2o_laser_odometry/hook/cmake_prefix_path.dsv'
[8.892s] INFO:colcon.colcon_core.shell:Creating environment hook '/home/arno/RoombaV2Onboard/install/rf2o_laser_odometry/share/rf2o_laser_odometry/hook/cmake_prefix_path.sh'
[8.895s] Level 1:colcon.colcon_core.environment:checking '/home/arno/RoombaV2Onboard/install/rf2o_laser_odometry/lib'
[8.896s] Level 1:colcon.colcon_core.environment:checking '/home/arno/RoombaV2Onboard/install/rf2o_laser_odometry/bin'
[8.897s] Level 1:colcon.colcon_core.environment:checking '/home/arno/RoombaV2Onboard/install/rf2o_laser_odometry/lib/pkgconfig/rf2o_laser_odometry.pc'
[8.899s] Level 1:colcon.colcon_core.environment:checking '/home/arno/RoombaV2Onboard/install/rf2o_laser_odometry/lib/python3.10/site-packages'
[8.901s] Level 1:colcon.colcon_core.environment:checking '/home/arno/RoombaV2Onboard/install/rf2o_laser_odometry/bin'
[8.903s] INFO:colcon.colcon_core.shell:Creating package script '/home/arno/RoombaV2Onboard/install/rf2o_laser_odometry/share/rf2o_laser_odometry/package.ps1'
[8.906s] INFO:colcon.colcon_core.shell:Creating package descriptor '/home/arno/RoombaV2Onboard/install/rf2o_laser_odometry/share/rf2o_laser_odometry/package.dsv'
[8.910s] INFO:colcon.colcon_core.shell:Creating package script '/home/arno/RoombaV2Onboard/install/rf2o_laser_odometry/share/rf2o_laser_odometry/package.sh'
[8.913s] INFO:colcon.colcon_core.shell:Creating package script '/home/arno/RoombaV2Onboard/install/rf2o_laser_odometry/share/rf2o_laser_odometry/package.bash'
[8.916s] INFO:colcon.colcon_core.shell:Creating package script '/home/arno/RoombaV2Onboard/install/rf2o_laser_odometry/share/rf2o_laser_odometry/package.zsh'
[8.919s] Level 1:colcon.colcon_core.environment:create_file_with_runtime_dependencies(/home/arno/RoombaV2Onboard/install/rf2o_laser_odometry/share/colcon-core/packages/rf2o_laser_odometry)
[8.925s] INFO:colcon.colcon_ros.task.ament_cmake.build:Building ROS package in '/home/arno/RoombaV2Onboard/src/sllidar_ros2' with build type 'ament_cmake'
[8.928s] INFO:colcon.colcon_cmake.task.cmake.build:Building CMake package in '/home/arno/RoombaV2Onboard/src/sllidar_ros2'
[8.930s] INFO:colcon.colcon_core.shell:Skip shell extension 'powershell' for command environment: Not usable outside of PowerShell
[8.931s] DEBUG:colcon.colcon_core.shell:Skip shell extension 'dsv' for command environment
[8.991s] DEBUG:colcon.colcon_core.event_handler.log_command:Invoking command in '/home/arno/RoombaV2Onboard/build/sllidar_ros2': CMAKE_PREFIX_PATH=${CMAKE_PREFIX_PATH}:/home/arno/RoombaV2Onboard/install/roombav2:/home/arno/RoombaV2Onboard/install/mode_manager:/home/arno/RoombaV2Onboard/install/RoverReceive:/opt/ros/humble /usr/bin/cmake --build /home/arno/RoombaV2Onboard/build/sllidar_ros2 -- -j4 -l4
[9.652s] DEBUG:colcon.colcon_core.event_handler.log_command:Invoked command in '/home/arno/RoombaV2Onboard/build/sllidar_ros2' returned '0': CMAKE_PREFIX_PATH=${CMAKE_PREFIX_PATH}:/home/arno/RoombaV2Onboard/install/roombav2:/home/arno/RoombaV2Onboard/install/mode_manager:/home/arno/RoombaV2Onboard/install/RoverReceive:/opt/ros/humble /usr/bin/cmake --build /home/arno/RoombaV2Onboard/build/sllidar_ros2 -- -j4 -l4
[10.115s] DEBUG:colcon.colcon_core.event_handler.log_command:Invoking command in '/home/arno/RoombaV2Onboard/build/sllidar_ros2': CMAKE_PREFIX_PATH=${CMAKE_PREFIX_PATH}:/home/arno/RoombaV2Onboard/install/roombav2:/home/arno/RoombaV2Onboard/install/mode_manager:/home/arno/RoombaV2Onboard/install/RoverReceive:/opt/ros/humble /usr/bin/cmake --install /home/arno/RoombaV2Onboard/build/sllidar_ros2
[10.244s] Level 1:colcon.colcon_core.environment:create_environment_scripts_only(sllidar_ros2)
[10.245s] Level 1:colcon.colcon_core.environment:checking '/home/arno/RoombaV2Onboard/install/sllidar_ros2' for CMake module files
[10.249s] Level 1:colcon.colcon_core.environment:checking '/home/arno/RoombaV2Onboard/install/sllidar_ros2' for CMake config files
[10.251s] Level 1:colcon.colcon_core.shell:create_environment_hook('sllidar_ros2', 'cmake_prefix_path')
[10.253s] INFO:colcon.colcon_core.shell:Creating environment hook '/home/arno/RoombaV2Onboard/install/sllidar_ros2/share/sllidar_ros2/hook/cmake_prefix_path.ps1'
[10.256s] INFO:colcon.colcon_core.shell:Creating environment descriptor '/home/arno/RoombaV2Onboard/install/sllidar_ros2/share/sllidar_ros2/hook/cmake_prefix_path.dsv'
[10.259s] INFO:colcon.colcon_core.shell:Creating environment hook '/home/arno/RoombaV2Onboard/install/sllidar_ros2/share/sllidar_ros2/hook/cmake_prefix_path.sh'
[10.260s] DEBUG:colcon.colcon_core.event_handler.log_command:Invoked command in '/home/arno/RoombaV2Onboard/build/sllidar_ros2' returned '0': CMAKE_PREFIX_PATH=${CMAKE_PREFIX_PATH}:/home/arno/RoombaV2Onboard/install/roombav2:/home/arno/RoombaV2Onboard/install/mode_manager:/home/arno/RoombaV2Onboard/install/RoverReceive:/opt/ros/humble /usr/bin/cmake --install /home/arno/RoombaV2Onboard/build/sllidar_ros2
[10.263s] Level 1:colcon.colcon_core.environment:checking '/home/arno/RoombaV2Onboard/install/sllidar_ros2/lib'
[10.264s] Level 1:colcon.colcon_core.environment:checking '/home/arno/RoombaV2Onboard/install/sllidar_ros2/bin'
[10.264s] Level 1:colcon.colcon_core.environment:checking '/home/arno/RoombaV2Onboard/install/sllidar_ros2/lib/pkgconfig/sllidar_ros2.pc'
[10.265s] Level 1:colcon.colcon_core.environment:checking '/home/arno/RoombaV2Onboard/install/sllidar_ros2/lib/python3.10/site-packages'
[10.267s] Level 1:colcon.colcon_core.environment:checking '/home/arno/RoombaV2Onboard/install/sllidar_ros2/bin'
[10.268s] INFO:colcon.colcon_core.shell:Creating package script '/home/arno/RoombaV2Onboard/install/sllidar_ros2/share/sllidar_ros2/package.ps1'
[10.271s] INFO:colcon.colcon_core.shell:Creating package descriptor '/home/arno/RoombaV2Onboard/install/sllidar_ros2/share/sllidar_ros2/package.dsv'
[10.274s] INFO:colcon.colcon_core.shell:Creating package script '/home/arno/RoombaV2Onboard/install/sllidar_ros2/share/sllidar_ros2/package.sh'
[10.277s] INFO:colcon.colcon_core.shell:Creating package script '/home/arno/RoombaV2Onboard/install/sllidar_ros2/share/sllidar_ros2/package.bash'
[10.281s] INFO:colcon.colcon_core.shell:Creating package script '/home/arno/RoombaV2Onboard/install/sllidar_ros2/share/sllidar_ros2/package.zsh'
[10.283s] Level 1:colcon.colcon_core.environment:create_file_with_runtime_dependencies(/home/arno/RoombaV2Onboard/install/sllidar_ros2/share/colcon-core/packages/sllidar_ros2)
[10.728s] Level 1:colcon.colcon_core.environment:create_environment_scripts_only(sllidar_ros2)
[10.729s] Level 1:colcon.colcon_core.environment:checking '/home/arno/RoombaV2Onboard/install/sllidar_ros2' for CMake module files
[10.733s] Level 1:colcon.colcon_core.environment:checking '/home/arno/RoombaV2Onboard/install/sllidar_ros2' for CMake config files
[10.736s] Level 1:colcon.colcon_core.shell:create_environment_hook('sllidar_ros2', 'cmake_prefix_path')
[10.738s] INFO:colcon.colcon_core.shell:Creating environment hook '/home/arno/RoombaV2Onboard/install/sllidar_ros2/share/sllidar_ros2/hook/cmake_prefix_path.ps1'
[10.740s] INFO:colcon.colcon_core.shell:Creating environment descriptor '/home/arno/RoombaV2Onboard/install/sllidar_ros2/share/sllidar_ros2/hook/cmake_prefix_path.dsv'
[10.743s] INFO:colcon.colcon_core.shell:Creating environment hook '/home/arno/RoombaV2Onboard/install/sllidar_ros2/share/sllidar_ros2/hook/cmake_prefix_path.sh'
[10.747s] Level 1:colcon.colcon_core.environment:checking '/home/arno/RoombaV2Onboard/install/sllidar_ros2/lib'
[10.748s] Level 1:colcon.colcon_core.environment:checking '/home/arno/RoombaV2Onboard/install/sllidar_ros2/bin'
[10.749s] Level 1:colcon.colcon_core.environment:checking '/home/arno/RoombaV2Onboard/install/sllidar_ros2/lib/pkgconfig/sllidar_ros2.pc'
[10.750s] Level 1:colcon.colcon_core.environment:checking '/home/arno/RoombaV2Onboard/install/sllidar_ros2/lib/python3.10/site-packages'
[10.752s] Level 1:colcon.colcon_core.environment:checking '/home/arno/RoombaV2Onboard/install/sllidar_ros2/bin'
[10.754s] INFO:colcon.colcon_core.shell:Creating package script '/home/arno/RoombaV2Onboard/install/sllidar_ros2/share/sllidar_ros2/package.ps1'
[10.757s] INFO:colcon.colcon_core.shell:Creating package descriptor '/home/arno/RoombaV2Onboard/install/sllidar_ros2/share/sllidar_ros2/package.dsv'
[10.760s] INFO:colcon.colcon_core.shell:Creating package script '/home/arno/RoombaV2Onboard/install/sllidar_ros2/share/sllidar_ros2/package.sh'
[10.763s] INFO:colcon.colcon_core.shell:Creating package script '/home/arno/RoombaV2Onboard/install/sllidar_ros2/share/sllidar_ros2/package.bash'
[10.766s] INFO:colcon.colcon_core.shell:Creating package script '/home/arno/RoombaV2Onboard/install/sllidar_ros2/share/sllidar_ros2/package.zsh'
[10.768s] Level 1:colcon.colcon_core.environment:create_file_with_runtime_dependencies(/home/arno/RoombaV2Onboard/install/sllidar_ros2/share/colcon-core/packages/sllidar_ros2)
[11.180s] DEBUG:colcon.colcon_core.event_handler.log_command:Invoking command in '/home/arno/RoombaV2Onboard/src/RoverReceive': PYTHONPATH=/home/arno/RoombaV2Onboard/build/RoverReceive/prefix_override:/usr/lib/python3/dist-packages/colcon_core/task/python/colcon_distutils_commands:/home/arno/RoombaV2Onboard/install/RoverReceive/lib/python3.10/site-packages:${PYTHONPATH} /usr/bin/python3 -W ignore:setup.py install is deprecated setup.py egg_info --egg-base ../../build/RoverReceive build --build-base /home/arno/RoombaV2Onboard/build/RoverReceive/build install --record /home/arno/RoombaV2Onboard/build/RoverReceive/install.log --single-version-externally-managed install_data
[11.213s] DEBUG:colcon.colcon_core.event_handler.log_command:Invoking command in '/home/arno/RoombaV2Onboard/src/roombav2': PYTHONPATH=/home/arno/RoombaV2Onboard/build/roombav2/prefix_override:/usr/lib/python3/dist-packages/colcon_core/task/python/colcon_distutils_commands:/home/arno/RoombaV2Onboard/install/roombav2/lib/python3.10/site-packages:${PYTHONPATH} /usr/bin/python3 -W ignore:setup.py install is deprecated setup.py egg_info --egg-base ../../build/roombav2 build --build-base /home/arno/RoombaV2Onboard/build/roombav2/build install --record /home/arno/RoombaV2Onboard/build/roombav2/install.log --single-version-externally-managed install_data
[11.217s] DEBUG:colcon.colcon_core.event_handler.log_command:Invoking command in '/home/arno/RoombaV2Onboard/src/mode_manager': PYTHONPATH=/home/arno/RoombaV2Onboard/build/mode_manager/prefix_override:/usr/lib/python3/dist-packages/colcon_core/task/python/colcon_distutils_commands:/home/arno/RoombaV2Onboard/install/mode_manager/lib/python3.10/site-packages:${PYTHONPATH} /usr/bin/python3 -W ignore:setup.py install is deprecated setup.py egg_info --egg-base ../../build/mode_manager build --build-base /home/arno/RoombaV2Onboard/build/mode_manager/build install --record /home/arno/RoombaV2Onboard/build/mode_manager/install.log --single-version-externally-managed install_data
[12.880s] Level 1:colcon.colcon_core.environment:checking '/home/arno/RoombaV2Onboard/install/RoverReceive' for CMake module files
[12.883s] DEBUG:colcon.colcon_core.event_handler.log_command:Invoked command in '/home/arno/RoombaV2Onboard/src/RoverReceive' returned '0': PYTHONPATH=/home/arno/RoombaV2Onboard/build/RoverReceive/prefix_override:/usr/lib/python3/dist-packages/colcon_core/task/python/colcon_distutils_commands:/home/arno/RoombaV2Onboard/install/RoverReceive/lib/python3.10/site-packages:${PYTHONPATH} /usr/bin/python3 -W ignore:setup.py install is deprecated setup.py egg_info --egg-base ../../build/RoverReceive build --build-base /home/arno/RoombaV2Onboard/build/RoverReceive/build install --record /home/arno/RoombaV2Onboard/build/RoverReceive/install.log --single-version-externally-managed install_data
[12.890s] Level 1:colcon.colcon_core.environment:checking '/home/arno/RoombaV2Onboard/install/RoverReceive' for CMake config files
[12.901s] Level 1:colcon.colcon_core.environment:checking '/home/arno/RoombaV2Onboard/install/RoverReceive/lib'
[12.904s] Level 1:colcon.colcon_core.environment:checking '/home/arno/RoombaV2Onboard/install/RoverReceive/bin'
[12.906s] Level 1:colcon.colcon_core.environment:checking '/home/arno/RoombaV2Onboard/install/RoverReceive/lib/pkgconfig/RoverReceive.pc'
[12.910s] Level 1:colcon.colcon_core.environment:checking '/home/arno/RoombaV2Onboard/install/RoverReceive/lib/python3.10/site-packages'
[12.911s] Level 1:colcon.colcon_core.shell:create_environment_hook('RoverReceive', 'pythonpath')
[12.916s] INFO:colcon.colcon_core.shell:Creating environment hook '/home/arno/RoombaV2Onboard/install/RoverReceive/share/RoverReceive/hook/pythonpath.ps1'
[12.922s] INFO:colcon.colcon_core.shell:Creating environment descriptor '/home/arno/RoombaV2Onboard/install/RoverReceive/share/RoverReceive/hook/pythonpath.dsv'
[12.927s] INFO:colcon.colcon_core.shell:Creating environment hook '/home/arno/RoombaV2Onboard/install/RoverReceive/share/RoverReceive/hook/pythonpath.sh'
[12.932s] Level 1:colcon.colcon_core.environment:checking '/home/arno/RoombaV2Onboard/install/RoverReceive/bin'
[12.933s] Level 1:colcon.colcon_core.environment:create_environment_scripts_only(RoverReceive)
[12.936s] INFO:colcon.colcon_core.shell:Creating package script '/home/arno/RoombaV2Onboard/install/RoverReceive/share/RoverReceive/package.ps1'
[12.941s] INFO:colcon.colcon_core.shell:Creating package descriptor '/home/arno/RoombaV2Onboard/install/RoverReceive/share/RoverReceive/package.dsv'
[12.947s] INFO:colcon.colcon_core.shell:Creating package script '/home/arno/RoombaV2Onboard/install/RoverReceive/share/RoverReceive/package.sh'
[12.952s] INFO:colcon.colcon_core.shell:Creating package script '/home/arno/RoombaV2Onboard/install/RoverReceive/share/RoverReceive/package.bash'
[12.957s] INFO:colcon.colcon_core.shell:Creating package script '/home/arno/RoombaV2Onboard/install/RoverReceive/share/RoverReceive/package.zsh'
[12.962s] Level 1:colcon.colcon_core.environment:create_file_with_runtime_dependencies(/home/arno/RoombaV2Onboard/install/RoverReceive/share/colcon-core/packages/RoverReceive)
[13.027s] Level 1:colcon.colcon_core.environment:checking '/home/arno/RoombaV2Onboard/install/roombav2' for CMake module files
[13.029s] DEBUG:colcon.colcon_core.event_handler.log_command:Invoked command in '/home/arno/RoombaV2Onboard/src/roombav2' returned '0': PYTHONPATH=/home/arno/RoombaV2Onboard/build/roombav2/prefix_override:/usr/lib/python3/dist-packages/colcon_core/task/python/colcon_distutils_commands:/home/arno/RoombaV2Onboard/install/roombav2/lib/python3.10/site-packages:${PYTHONPATH} /usr/bin/python3 -W ignore:setup.py install is deprecated setup.py egg_info --egg-base ../../build/roombav2 build --build-base /home/arno/RoombaV2Onboard/build/roombav2/build install --record /home/arno/RoombaV2Onboard/build/roombav2/install.log --single-version-externally-managed install_data
[13.031s] Level 1:colcon.colcon_core.environment:checking '/home/arno/RoombaV2Onboard/install/roombav2' for CMake config files
[13.035s] Level 1:colcon.colcon_core.environment:checking '/home/arno/RoombaV2Onboard/install/roombav2/lib'
[13.036s] Level 1:colcon.colcon_core.environment:checking '/home/arno/RoombaV2Onboard/install/roombav2/bin'
[13.036s] Level 1:colcon.colcon_core.environment:checking '/home/arno/RoombaV2Onboard/install/roombav2/lib/pkgconfig/roombav2.pc'
[13.037s] Level 1:colcon.colcon_core.environment:checking '/home/arno/RoombaV2Onboard/install/roombav2/lib/python3.10/site-packages'
[13.037s] Level 1:colcon.colcon_core.shell:create_environment_hook('roombav2', 'pythonpath')
[13.038s] INFO:colcon.colcon_core.shell:Creating environment hook '/home/arno/RoombaV2Onboard/install/roombav2/share/roombav2/hook/pythonpath.ps1'
[13.040s] INFO:colcon.colcon_core.shell:Creating environment descriptor '/home/arno/RoombaV2Onboard/install/roombav2/share/roombav2/hook/pythonpath.dsv'
[13.042s] INFO:colcon.colcon_core.shell:Creating environment hook '/home/arno/RoombaV2Onboard/install/roombav2/share/roombav2/hook/pythonpath.sh'
[13.045s] Level 1:colcon.colcon_core.environment:checking '/home/arno/RoombaV2Onboard/install/roombav2/bin'
[13.045s] Level 1:colcon.colcon_core.environment:create_environment_scripts_only(roombav2)
[13.047s] INFO:colcon.colcon_core.shell:Creating package script '/home/arno/RoombaV2Onboard/install/roombav2/share/roombav2/package.ps1'
[13.049s] INFO:colcon.colcon_core.shell:Creating package descriptor '/home/arno/RoombaV2Onboard/install/roombav2/share/roombav2/package.dsv'
[13.051s] INFO:colcon.colcon_core.shell:Creating package script '/home/arno/RoombaV2Onboard/install/roombav2/share/roombav2/package.sh'
[13.053s] INFO:colcon.colcon_core.shell:Creating package script '/home/arno/RoombaV2Onboard/install/roombav2/share/roombav2/package.bash'
[13.055s] INFO:colcon.colcon_core.shell:Creating package script '/home/arno/RoombaV2Onboard/install/roombav2/share/roombav2/package.zsh'
[13.057s] Level 1:colcon.colcon_core.environment:create_file_with_runtime_dependencies(/home/arno/RoombaV2Onboard/install/roombav2/share/colcon-core/packages/roombav2)
[13.061s] Level 1:colcon.colcon_core.environment:checking '/home/arno/RoombaV2Onboard/install/mode_manager' for CMake module files
[13.064s] DEBUG:colcon.colcon_core.event_handler.log_command:Invoked command in '/home/arno/RoombaV2Onboard/src/mode_manager' returned '0': PYTHONPATH=/home/arno/RoombaV2Onboard/build/mode_manager/prefix_override:/usr/lib/python3/dist-packages/colcon_core/task/python/colcon_distutils_commands:/home/arno/RoombaV2Onboard/install/mode_manager/lib/python3.10/site-packages:${PYTHONPATH} /usr/bin/python3 -W ignore:setup.py install is deprecated setup.py egg_info --egg-base ../../build/mode_manager build --build-base /home/arno/RoombaV2Onboard/build/mode_manager/build install --record /home/arno/RoombaV2Onboard/build/mode_manager/install.log --single-version-externally-managed install_data
[13.066s] Level 1:colcon.colcon_core.environment:checking '/home/arno/RoombaV2Onboard/install/mode_manager' for CMake config files
[13.069s] Level 1:colcon.colcon_core.environment:checking '/home/arno/RoombaV2Onboard/install/mode_manager/lib'
[13.070s] Level 1:colcon.colcon_core.environment:checking '/home/arno/RoombaV2Onboard/install/mode_manager/bin'
[13.071s] Level 1:colcon.colcon_core.environment:checking '/home/arno/RoombaV2Onboard/install/mode_manager/lib/pkgconfig/mode_manager.pc'
[13.072s] Level 1:colcon.colcon_core.environment:checking '/home/arno/RoombaV2Onboard/install/mode_manager/lib/python3.10/site-packages'
[13.072s] Level 1:colcon.colcon_core.shell:create_environment_hook('mode_manager', 'pythonpath')
[13.074s] INFO:colcon.colcon_core.shell:Creating environment hook '/home/arno/RoombaV2Onboard/install/mode_manager/share/mode_manager/hook/pythonpath.ps1'
[13.076s] INFO:colcon.colcon_core.shell:Creating environment descriptor '/home/arno/RoombaV2Onboard/install/mode_manager/share/mode_manager/hook/pythonpath.dsv'
[13.079s] INFO:colcon.colcon_core.shell:Creating environment hook '/home/arno/RoombaV2Onboard/install/mode_manager/share/mode_manager/hook/pythonpath.sh'
[13.081s] Level 1:colcon.colcon_core.environment:checking '/home/arno/RoombaV2Onboard/install/mode_manager/bin'
[13.082s] Level 1:colcon.colcon_core.environment:create_environment_scripts_only(mode_manager)
[13.083s] INFO:colcon.colcon_core.shell:Creating package script '/home/arno/RoombaV2Onboard/install/mode_manager/share/mode_manager/package.ps1'
[13.085s] INFO:colcon.colcon_core.shell:Creating package descriptor '/home/arno/RoombaV2Onboard/install/mode_manager/share/mode_manager/package.dsv'
[13.087s] INFO:colcon.colcon_core.shell:Creating package script '/home/arno/RoombaV2Onboard/install/mode_manager/share/mode_manager/package.sh'
[13.089s] INFO:colcon.colcon_core.shell:Creating package script '/home/arno/RoombaV2Onboard/install/mode_manager/share/mode_manager/package.bash'
[13.091s] INFO:colcon.colcon_core.shell:Creating package script '/home/arno/RoombaV2Onboard/install/mode_manager/share/mode_manager/package.zsh'
[13.093s] Level 1:colcon.colcon_core.environment:create_file_with_runtime_dependencies(/home/arno/RoombaV2Onboard/install/mode_manager/share/colcon-core/packages/mode_manager)
[13.094s] DEBUG:colcon.colcon_parallel_executor.executor.parallel:closing loop
[13.095s] DEBUG:colcon.colcon_parallel_executor.executor.parallel:loop closed
[13.095s] DEBUG:colcon.colcon_parallel_executor.executor.parallel:run_until_complete finished with '0'
[13.097s] DEBUG:colcon.colcon_core.event_reactor:joining thread
[13.118s] INFO:colcon.colcon_core.plugin_system:Skipping extension 'colcon_notification.desktop_notification.notify_send': Could not find 'notify-send'
[13.119s] INFO:colcon.colcon_core.plugin_system:Skipping extension 'colcon_notification.desktop_notification.terminal_notifier': Not used on non-Darwin systems
[13.119s] INFO:colcon.colcon_core.plugin_system:Skipping extension 'colcon_notification.desktop_notification.win32': Not used on non-Windows systems
[13.119s] INFO:colcon.colcon_notification.desktop_notification:Sending desktop notification using 'notify2'
[13.122s] DEBUG:colcon.colcon_notification.desktop_notification.notify2:Failed to initialize notify2: org.freedesktop.DBus.Error.ServiceUnknown: The name org.freedesktop.Notifications was not provided by any .service files
[13.122s] DEBUG:colcon.colcon_core.event_reactor:joined thread
[13.123s] INFO:colcon.colcon_core.shell:Creating prefix script '/home/arno/RoombaV2Onboard/install/local_setup.ps1'
[13.127s] INFO:colcon.colcon_core.shell:Creating prefix util module '/home/arno/RoombaV2Onboard/install/_local_setup_util_ps1.py'
[13.133s] INFO:colcon.colcon_core.shell:Creating prefix chain script '/home/arno/RoombaV2Onboard/install/setup.ps1'
[13.139s] INFO:colcon.colcon_core.shell:Creating prefix script '/home/arno/RoombaV2Onboard/install/local_setup.sh'
[13.142s] INFO:colcon.colcon_core.shell:Creating prefix util module '/home/arno/RoombaV2Onboard/install/_local_setup_util_sh.py'
[13.145s] INFO:colcon.colcon_core.shell:Creating prefix chain script '/home/arno/RoombaV2Onboard/install/setup.sh'
[13.150s] INFO:colcon.colcon_core.shell:Creating prefix script '/home/arno/RoombaV2Onboard/install/local_setup.bash'
[13.153s] INFO:colcon.colcon_core.shell:Creating prefix chain script '/home/arno/RoombaV2Onboard/install/setup.bash'
[13.158s] INFO:colcon.colcon_core.shell:Creating prefix script '/home/arno/RoombaV2Onboard/install/local_setup.zsh'
[13.160s] INFO:colcon.colcon_core.shell:Creating prefix chain script '/home/arno/RoombaV2Onboard/install/setup.zsh'
