[1.365s] Invoking command in '/home/arno/RoombaV2Onboard/src/RoverReceive': PYTHONPATH=/home/arno/RoombaV2Onboard/build/RoverReceive/prefix_override:/usr/lib/python3/dist-packages/colcon_core/task/python/colcon_distutils_commands:/home/arno/RoombaV2Onboard/install/RoverReceive/lib/python3.10/site-packages:${PYTHONPATH} /usr/bin/python3 -W ignore:setup.py install is deprecated setup.py egg_info --egg-base ../../build/RoverReceive build --build-base /home/arno/RoombaV2Onboard/build/RoverReceive/build install --record /home/arno/RoombaV2Onboard/build/RoverReceive/install.log --single-version-externally-managed install_data
[1.717s] running egg_info
[1.718s] writing ../../build/RoverReceive/RoverReceive.egg-info/PKG-INFO
[1.719s] writing dependency_links to ../../build/RoverReceive/RoverReceive.egg-info/dependency_links.txt
[1.719s] writing entry points to ../../build/RoverReceive/RoverReceive.egg-info/entry_points.txt
[1.719s] writing requirements to ../../build/RoverReceive/RoverReceive.egg-info/requires.txt
[1.719s] writing top-level names to ../../build/RoverReceive/RoverReceive.egg-info/top_level.txt
[1.723s] reading manifest file '../../build/RoverReceive/RoverReceive.egg-info/SOURCES.txt'
[1.723s] adding license file 'LICENSE'
[1.724s] writing manifest file '../../build/RoverReceive/RoverReceive.egg-info/SOURCES.txt'
[1.725s] running build
[1.725s] running build_py
[1.725s] running install
[1.726s] running install_lib
[1.727s] running install_data
[1.727s] running install_egg_info
[1.730s] removing '/home/arno/RoombaV2Onboard/install/RoverReceive/lib/python3.10/site-packages/RoverReceive-0.0.0-py3.10.egg-info' (and everything under it)
[1.731s] Copying ../../build/RoverReceive/RoverReceive.egg-info to /home/arno/RoombaV2Onboard/install/RoverReceive/lib/python3.10/site-packages/RoverReceive-0.0.0-py3.10.egg-info
[1.732s] running install_scripts
[1.761s] Installing receive_node script to /home/arno/RoombaV2Onboard/install/RoverReceive/lib/RoverReceive
[1.762s] writing list of installed files to '/home/arno/RoombaV2Onboard/build/RoverReceive/install.log'
[1.798s] Invoked command in '/home/arno/RoombaV2Onboard/src/RoverReceive' returned '0': PYTHONPATH=/home/arno/RoombaV2Onboard/build/RoverReceive/prefix_override:/usr/lib/python3/dist-packages/colcon_core/task/python/colcon_distutils_commands:/home/arno/RoombaV2Onboard/install/RoverReceive/lib/python3.10/site-packages:${PYTHONPATH} /usr/bin/python3 -W ignore:setup.py install is deprecated setup.py egg_info --egg-base ../../build/RoverReceive build --build-base /home/arno/RoombaV2Onboard/build/RoverReceive/build install --record /home/arno/RoombaV2Onboard/build/RoverReceive/install.log --single-version-externally-managed install_data
