[6.438s] Invoking command in '/home/arno/RoombaV2Onboard/build/roombav2': PYTHONPATH=/home/arno/RoombaV2Onboard/build/roombav2/prefix_override:/usr/lib/python3/dist-packages/colcon_core/task/python/colcon_distutils_commands:/home/arno/RoombaV2Onboard/install/roombav2/lib/python3.10/site-packages:${PYTHONPATH} /usr/bin/python3 -W ignore:setup.py install is deprecated setup.py develop --editable --build-directory /home/arno/RoombaV2Onboard/build/roombav2/build --no-deps symlink_data
[8.989s] running develop
[8.998s] /usr/lib/python3/dist-packages/setuptools/command/easy_install.py:158: EasyInstallDeprecationWarning: easy_install command is deprecated. Use build and pip and other standards-based tools.
[8.999s]   warnings.warn(
[10.700s] running egg_info
[10.702s] writing roombav2.egg-info/PKG-INFO
[10.703s] writing dependency_links to roombav2.egg-info/dependency_links.txt
[10.706s] writing entry points to roombav2.egg-info/entry_points.txt
[10.708s] writing requirements to roombav2.egg-info/requires.txt
[10.710s] writing top-level names to roombav2.egg-info/top_level.txt
[10.725s] reading manifest file 'roombav2.egg-info/SOURCES.txt'
[10.737s] writing manifest file 'roombav2.egg-info/SOURCES.txt'
[10.750s] running build_ext
[10.752s] Creating /home/arno/RoombaV2Onboard/install/roombav2/lib/python3.10/site-packages/roombav2.egg-link (link to .)
[10.760s] Installing encoder_reader script to /home/arno/RoombaV2Onboard/install/roombav2/lib/roombav2
[10.762s] Installing joystick_motor_controller script to /home/arno/RoombaV2Onboard/install/roombav2/lib/roombav2
[10.763s] Installing nav2_motor_controller script to /home/arno/RoombaV2Onboard/install/roombav2/lib/roombav2
[10.766s] 
[10.768s] Installed /home/arno/RoombaV2Onboard/build/roombav2
[10.769s] running symlink_data
[11.042s] Invoked command in '/home/arno/RoombaV2Onboard/build/roombav2' returned '0': PYTHONPATH=/home/arno/RoombaV2Onboard/build/roombav2/prefix_override:/usr/lib/python3/dist-packages/colcon_core/task/python/colcon_distutils_commands:/home/arno/RoombaV2Onboard/install/roombav2/lib/python3.10/site-packages:${PYTHONPATH} /usr/bin/python3 -W ignore:setup.py install is deprecated setup.py develop --editable --build-directory /home/arno/RoombaV2Onboard/build/roombav2/build --no-deps symlink_data
