[5.697s] Invoking command in '/home/arno/RoombaV2Onboard/src/RoverReceive': PYTHONPATH=/home/arno/RoombaV2Onboard/build/RoverReceive/prefix_override:/usr/lib/python3/dist-packages/colcon_core/task/python/colcon_distutils_commands:/home/arno/RoombaV2Onboard/install/RoverReceive/lib/python3.10/site-packages:${PYTHONPATH} /usr/bin/python3 -W ignore:setup.py install is deprecated setup.py egg_info --egg-base ../../build/RoverReceive build --build-base /home/arno/RoombaV2Onboard/build/RoverReceive/build install --record /home/arno/RoombaV2Onboard/build/RoverReceive/install.log --single-version-externally-managed install_data
[6.957s] running egg_info
[6.960s] writing ../../build/RoverReceive/RoverReceive.egg-info/PKG-INFO
[6.961s] writing dependency_links to ../../build/RoverReceive/RoverReceive.egg-info/dependency_links.txt
[6.962s] writing entry points to ../../build/RoverReceive/RoverReceive.egg-info/entry_points.txt
[6.964s] writing requirements to ../../build/RoverReceive/RoverReceive.egg-info/requires.txt
[6.964s] writing top-level names to ../../build/RoverReceive/RoverReceive.egg-info/top_level.txt
[6.974s] reading manifest file '../../build/RoverReceive/RoverReceive.egg-info/SOURCES.txt'
[6.976s] adding license file 'LICENSE'
[6.982s] writing manifest file '../../build/RoverReceive/RoverReceive.egg-info/SOURCES.txt'
[6.983s] running build
[6.984s] running build_py
[6.986s] running install
[6.987s] running install_lib
[6.990s] running install_data
[6.991s] running install_egg_info
[7.000s] removing '/home/arno/RoombaV2Onboard/install/RoverReceive/lib/python3.10/site-packages/RoverReceive-0.0.0-py3.10.egg-info' (and everything under it)
[7.002s] Copying ../../build/RoverReceive/RoverReceive.egg-info to /home/arno/RoombaV2Onboard/install/RoverReceive/lib/python3.10/site-packages/RoverReceive-0.0.0-py3.10.egg-info
[7.010s] running install_scripts
[7.109s] Installing receive_node script to /home/arno/RoombaV2Onboard/install/RoverReceive/lib/RoverReceive
[7.112s] writing list of installed files to '/home/arno/RoombaV2Onboard/build/RoverReceive/install.log'
[7.319s] Invoked command in '/home/arno/RoombaV2Onboard/src/RoverReceive' returned '0': PYTHONPATH=/home/arno/RoombaV2Onboard/build/RoverReceive/prefix_override:/usr/lib/python3/dist-packages/colcon_core/task/python/colcon_distutils_commands:/home/arno/RoombaV2Onboard/install/RoverReceive/lib/python3.10/site-packages:${PYTHONPATH} /usr/bin/python3 -W ignore:setup.py install is deprecated setup.py egg_info --egg-base ../../build/RoverReceive build --build-base /home/arno/RoombaV2Onboard/build/RoverReceive/build install --record /home/arno/RoombaV2Onboard/build/RoverReceive/install.log --single-version-externally-managed install_data
