[6.740s] Invoking command in '/home/arno/RoombaV2Onboard/src/roombav2': PYTHONPATH=/home/arno/RoombaV2Onboard/build/roombav2/prefix_override:/usr/lib/python3/dist-packages/colcon_core/task/python/colcon_distutils_commands:/home/arno/RoombaV2Onboard/install/roombav2/lib/python3.10/site-packages:${PYTHONPATH} /usr/bin/python3 -W ignore:setup.py install is deprecated setup.py egg_info --egg-base ../../build/roombav2 build --build-base /home/arno/RoombaV2Onboard/build/roombav2/build install --record /home/arno/RoombaV2Onboard/build/roombav2/install.log --single-version-externally-managed install_data
[7.723s] running egg_info
[7.725s] writing ../../build/roombav2/roombav2.egg-info/PKG-INFO
[7.728s] writing dependency_links to ../../build/roombav2/roombav2.egg-info/dependency_links.txt
[7.729s] writing entry points to ../../build/roombav2/roombav2.egg-info/entry_points.txt
[7.730s] writing requirements to ../../build/roombav2/roombav2.egg-info/requires.txt
[7.730s] writing top-level names to ../../build/roombav2/roombav2.egg-info/top_level.txt
[7.740s] reading manifest file '../../build/roombav2/roombav2.egg-info/SOURCES.txt'
[7.746s] writing manifest file '../../build/roombav2/roombav2.egg-info/SOURCES.txt'
[7.746s] running build
[7.747s] running build_py
[7.751s] running install
[7.752s] running install_lib
[7.760s] running install_data
[7.762s] copying launch/localization_launch.py -> /home/arno/RoombaV2Onboard/install/roombav2/share/roombav2/launch
[7.765s] running install_egg_info
[7.772s] removing '/home/arno/RoombaV2Onboard/install/roombav2/lib/python3.10/site-packages/roombav2-0.0.0-py3.10.egg-info' (and everything under it)
[7.774s] Copying ../../build/roombav2/roombav2.egg-info to /home/arno/RoombaV2Onboard/install/roombav2/lib/python3.10/site-packages/roombav2-0.0.0-py3.10.egg-info
[7.779s] running install_scripts
[7.857s] Installing encoder_reader script to /home/arno/RoombaV2Onboard/install/roombav2/lib/roombav2
[7.858s] Installing joystick_motor_controller script to /home/arno/RoombaV2Onboard/install/roombav2/lib/roombav2
[7.860s] Installing nav2_motor_controller script to /home/arno/RoombaV2Onboard/install/roombav2/lib/roombav2
[7.860s] Installing pwm_open_loop script to /home/arno/RoombaV2Onboard/install/roombav2/lib/roombav2
[7.861s] Installing system_info script to /home/arno/RoombaV2Onboard/install/roombav2/lib/roombav2
[7.863s] writing list of installed files to '/home/arno/RoombaV2Onboard/build/roombav2/install.log'
[7.970s] Invoked command in '/home/arno/RoombaV2Onboard/src/roombav2' returned '0': PYTHONPATH=/home/arno/RoombaV2Onboard/build/roombav2/prefix_override:/usr/lib/python3/dist-packages/colcon_core/task/python/colcon_distutils_commands:/home/arno/RoombaV2Onboard/install/roombav2/lib/python3.10/site-packages:${PYTHONPATH} /usr/bin/python3 -W ignore:setup.py install is deprecated setup.py egg_info --egg-base ../../build/roombav2 build --build-base /home/arno/RoombaV2Onboard/build/roombav2/build install --record /home/arno/RoombaV2Onboard/build/roombav2/install.log --single-version-externally-managed install_data
