[5.678s] Invoking command in '/home/arno/RoombaV2Onboard/build/roombav2': PYTHONPATH=/home/arno/RoombaV2Onboard/build/roombav2/prefix_override:/usr/lib/python3/dist-packages/colcon_core/task/python/colcon_distutils_commands:/home/arno/RoombaV2Onboard/install/roombav2/lib/python3.10/site-packages:${PYTHONPATH} /usr/bin/python3 -W ignore:setup.py install is deprecated setup.py develop --editable --build-directory /home/arno/RoombaV2Onboard/build/roombav2/build --no-deps symlink_data
[7.081s] running develop
[7.082s] /usr/lib/python3/dist-packages/setuptools/command/easy_install.py:158: EasyInstallDeprecationWarning: easy_install command is deprecated. Use build and pip and other standards-based tools.
[7.083s]   warnings.warn(
[8.106s] running egg_info
[8.107s] writing roombav2.egg-info/PKG-INFO
[8.111s] writing dependency_links to roombav2.egg-info/dependency_links.txt
[8.112s] writing entry points to roombav2.egg-info/entry_points.txt
[8.113s] writing requirements to roombav2.egg-info/requires.txt
[8.113s] writing top-level names to roombav2.egg-info/top_level.txt
[8.125s] reading manifest file 'roombav2.egg-info/SOURCES.txt'
[8.130s] writing manifest file 'roombav2.egg-info/SOURCES.txt'
[8.139s] running build_ext
[8.140s] Creating /home/arno/RoombaV2Onboard/install/roombav2/lib/python3.10/site-packages/roombav2.egg-link (link to .)
[8.142s] Installing encoder_reader script to /home/arno/RoombaV2Onboard/install/roombav2/lib/roombav2
[8.143s] Installing joystick_motor_controller script to /home/arno/RoombaV2Onboard/install/roombav2/lib/roombav2
[8.144s] Installing nav2_motor_controller script to /home/arno/RoombaV2Onboard/install/roombav2/lib/roombav2
[8.145s] 
[8.147s] Installed /home/arno/RoombaV2Onboard/build/roombav2
[8.147s] running symlink_data
[8.280s] Invoked command in '/home/arno/RoombaV2Onboard/build/roombav2' returned '0': PYTHONPATH=/home/arno/RoombaV2Onboard/build/roombav2/prefix_override:/usr/lib/python3/dist-packages/colcon_core/task/python/colcon_distutils_commands:/home/arno/RoombaV2Onboard/install/roombav2/lib/python3.10/site-packages:${PYTHONPATH} /usr/bin/python3 -W ignore:setup.py install is deprecated setup.py develop --editable --build-directory /home/arno/RoombaV2Onboard/build/roombav2/build --no-deps symlink_data
