[12.183s] Invoking command in '/home/arno/RoombaV2Onboard/src/RoverReceive': PYTHONPATH=/home/arno/RoombaV2Onboard/build/RoverReceive/prefix_override:/usr/lib/python3/dist-packages/colcon_core/task/python/colcon_distutils_commands:/home/arno/RoombaV2Onboard/install/RoverReceive/lib/python3.10/site-packages:${PYTHONPATH} /usr/bin/python3 -W ignore:setup.py install is deprecated setup.py egg_info --egg-base ../../build/RoverReceive build --build-base /home/arno/RoombaV2Onboard/build/RoverReceive/build install --record /home/arno/RoombaV2Onboard/build/RoverReceive/install.log --single-version-externally-managed install_data
[15.922s] running egg_info
[15.937s] writing ../../build/RoverReceive/RoverReceive.egg-info/PKG-INFO
[15.942s] writing dependency_links to ../../build/RoverReceive/RoverReceive.egg-info/dependency_links.txt
[15.947s] writing entry points to ../../build/RoverReceive/RoverReceive.egg-info/entry_points.txt
[15.954s] writing requirements to ../../build/RoverReceive/RoverReceive.egg-info/requires.txt
[15.959s] writing top-level names to ../../build/RoverReceive/RoverReceive.egg-info/top_level.txt
[15.966s] reading manifest file '../../build/RoverReceive/RoverReceive.egg-info/SOURCES.txt'
[15.968s] adding license file 'LICENSE'
[15.982s] writing manifest file '../../build/RoverReceive/RoverReceive.egg-info/SOURCES.txt'
[15.984s] running build
[15.986s] running build_py
[15.993s] running install
[15.995s] running install_lib
[16.003s] running install_data
[16.005s] running install_egg_info
[16.022s] removing '/home/arno/RoombaV2Onboard/install/RoverReceive/lib/python3.10/site-packages/RoverReceive-0.0.0-py3.10.egg-info' (and everything under it)
[16.025s] Copying ../../build/RoverReceive/RoverReceive.egg-info to /home/arno/RoombaV2Onboard/install/RoverReceive/lib/python3.10/site-packages/RoverReceive-0.0.0-py3.10.egg-info
[16.039s] running install_scripts
[16.281s] Installing receive_node script to /home/arno/RoombaV2Onboard/install/RoverReceive/lib/RoverReceive
[16.286s] writing list of installed files to '/home/arno/RoombaV2Onboard/build/RoverReceive/install.log'
[16.641s] Invoked command in '/home/arno/RoombaV2Onboard/src/RoverReceive' returned '0': PYTHONPATH=/home/arno/RoombaV2Onboard/build/RoverReceive/prefix_override:/usr/lib/python3/dist-packages/colcon_core/task/python/colcon_distutils_commands:/home/arno/RoombaV2Onboard/install/RoverReceive/lib/python3.10/site-packages:${PYTHONPATH} /usr/bin/python3 -W ignore:setup.py install is deprecated setup.py egg_info --egg-base ../../build/RoverReceive build --build-base /home/arno/RoombaV2Onboard/build/RoverReceive/build install --record /home/arno/RoombaV2Onboard/build/RoverReceive/install.log --single-version-externally-managed install_data
