[4.708s] Invoking command in '/home/arno/RoombaV2Onboard/src/RoverReceive': PYTHONPATH=/home/arno/RoombaV2Onboard/build/RoverReceive/prefix_override:/usr/lib/python3/dist-packages/colcon_core/task/python/colcon_distutils_commands:/home/arno/RoombaV2Onboard/install/RoverReceive/lib/python3.10/site-packages:${PYTHONPATH} /usr/bin/python3 -W ignore:setup.py install is deprecated setup.py egg_info --egg-base ../../build/RoverReceive build --build-base /home/arno/RoombaV2Onboard/build/RoverReceive/build install --record /home/arno/RoombaV2Onboard/build/RoverReceive/install.log --single-version-externally-managed install_data
[5.815s] running egg_info
[5.819s] writing ../../build/RoverReceive/RoverReceive.egg-info/PKG-INFO
[5.820s] writing dependency_links to ../../build/RoverReceive/RoverReceive.egg-info/dependency_links.txt
[5.821s] writing entry points to ../../build/RoverReceive/RoverReceive.egg-info/entry_points.txt
[5.821s] writing requirements to ../../build/RoverReceive/RoverReceive.egg-info/requires.txt
[5.822s] writing top-level names to ../../build/RoverReceive/RoverReceive.egg-info/top_level.txt
[5.836s] reading manifest file '../../build/RoverReceive/RoverReceive.egg-info/SOURCES.txt'
[5.837s] adding license file 'LICENSE'
[5.842s] writing manifest file '../../build/RoverReceive/RoverReceive.egg-info/SOURCES.txt'
[5.842s] running build
[5.843s] running build_py
[5.843s] running install
[5.845s] running install_lib
[5.852s] running install_data
[5.853s] running install_egg_info
[5.864s] removing '/home/arno/RoombaV2Onboard/install/RoverReceive/lib/python3.10/site-packages/RoverReceive-0.0.0-py3.10.egg-info' (and everything under it)
[5.866s] Copying ../../build/RoverReceive/RoverReceive.egg-info to /home/arno/RoombaV2Onboard/install/RoverReceive/lib/python3.10/site-packages/RoverReceive-0.0.0-py3.10.egg-info
[5.871s] running install_scripts
[5.966s] Installing receive_node script to /home/arno/RoombaV2Onboard/install/RoverReceive/lib/RoverReceive
[5.967s] writing list of installed files to '/home/arno/RoombaV2Onboard/build/RoverReceive/install.log'
[6.062s] Invoked command in '/home/arno/RoombaV2Onboard/src/RoverReceive' returned '0': PYTHONPATH=/home/arno/RoombaV2Onboard/build/RoverReceive/prefix_override:/usr/lib/python3/dist-packages/colcon_core/task/python/colcon_distutils_commands:/home/arno/RoombaV2Onboard/install/RoverReceive/lib/python3.10/site-packages:${PYTHONPATH} /usr/bin/python3 -W ignore:setup.py install is deprecated setup.py egg_info --egg-base ../../build/RoverReceive build --build-base /home/arno/RoombaV2Onboard/build/RoverReceive/build install --record /home/arno/RoombaV2Onboard/build/RoverReceive/install.log --single-version-externally-managed install_data
