running develop
running egg_info
creating roombav2.egg-info
writing roombav2.egg-info/PKG-INFO
writing dependency_links to roombav2.egg-info/dependency_links.txt
writing entry points to roombav2.egg-info/entry_points.txt
writing requirements to roombav2.egg-info/requires.txt
writing top-level names to roombav2.egg-info/top_level.txt
writing manifest file 'roombav2.egg-info/SOURCES.txt'
reading manifest file 'roombav2.egg-info/SOURCES.txt'
writing manifest file 'roombav2.egg-info/SOURCES.txt'
running build_ext
Creating /home/arno/RoombaV2Onboard/install/roombav2/lib/python3.10/site-packages/roombav2.egg-link (link to .)
Installing encoder_reader script to /home/arno/RoombaV2Onboard/install/roombav2/lib/roombav2
Installing joystick_motor_controller script to /home/arno/RoombaV2Onboard/install/roombav2/lib/roombav2
Installing nav2_motor_controller script to /home/arno/RoombaV2Onboard/install/roombav2/lib/roombav2

Installed /home/arno/RoombaV2Onboard/build/roombav2
running symlink_data
creating /home/arno/RoombaV2Onboard/install/roombav2/share/ament_index
creating /home/arno/RoombaV2Onboard/install/roombav2/share/ament_index/resource_index
creating /home/arno/RoombaV2Onboard/install/roombav2/share/ament_index/resource_index/packages
symbolically linking /home/arno/RoombaV2Onboard/build/roombav2/resource/roombav2 -> /home/arno/RoombaV2Onboard/install/roombav2/share/ament_index/resource_index/packages
symbolically linking /home/arno/RoombaV2Onboard/build/roombav2/package.xml -> /home/arno/RoombaV2Onboard/install/roombav2/share/roombav2
symbolically linking /home/arno/RoombaV2Onboard/build/roombav2/roombav2/encoder_reader.py -> /home/arno/RoombaV2Onboard/install/roombav2/share/roombav2
symbolically linking /home/arno/RoombaV2Onboard/build/roombav2/roombav2/joystick_motor_controller.py -> /home/arno/RoombaV2Onboard/install/roombav2/share/roombav2
symbolically linking /home/arno/RoombaV2Onboard/build/roombav2/roombav2/nav2_motor_controller.py -> /home/arno/RoombaV2Onboard/install/roombav2/share/roombav2
creating /home/arno/RoombaV2Onboard/install/roombav2/share/roombav2/launch
symbolically linking /home/arno/RoombaV2Onboard/build/roombav2/launch/nav2_bringup.launch.py -> /home/arno/RoombaV2Onboard/install/roombav2/share/roombav2/launch
symbolically linking /home/arno/RoombaV2Onboard/build/roombav2/launch/microver.launch.py -> /home/arno/RoombaV2Onboard/install/roombav2/share/roombav2/launch
creating /home/arno/RoombaV2Onboard/install/roombav2/share/roombav2/config
symbolically linking /home/arno/RoombaV2Onboard/build/roombav2/config/amcl_params.yaml -> /home/arno/RoombaV2Onboard/install/roombav2/share/roombav2/config
symbolically linking /home/arno/RoombaV2Onboard/build/roombav2/config/costmap_params.yaml -> /home/arno/RoombaV2Onboard/install/roombav2/share/roombav2/config
symbolically linking /home/arno/RoombaV2Onboard/build/roombav2/config/planner_params.yaml -> /home/arno/RoombaV2Onboard/install/roombav2/share/roombav2/config
symbolically linking /home/arno/RoombaV2Onboard/build/roombav2/config/slam_toolbox_params.yaml -> /home/arno/RoombaV2Onboard/install/roombav2/share/roombav2/config
symbolically linking /home/arno/RoombaV2Onboard/build/roombav2/config/ekf.yaml -> /home/arno/RoombaV2Onboard/install/roombav2/share/roombav2/config
creating /home/arno/RoombaV2Onboard/install/roombav2/share/roombav2/models
symbolically linking /home/arno/RoombaV2Onboard/build/roombav2/models/microver.urdf.xacro -> /home/arno/RoombaV2Onboard/install/roombav2/share/roombav2/models
symbolically linking /home/arno/RoombaV2Onboard/build/roombav2/models/constants.xacro -> /home/arno/RoombaV2Onboard/install/roombav2/share/roombav2/models
symbolically linking /home/arno/RoombaV2Onboard/build/roombav2/models/inertial_macros.xacro -> /home/arno/RoombaV2Onboard/install/roombav2/share/roombav2/models
