[5.463s] Invoking command in '/home/arno/RoombaV2Onboard/build/roombav2': PYTHONPATH=/home/arno/RoombaV2Onboard/build/roombav2/prefix_override:/usr/lib/python3/dist-packages/colcon_core/task/python/colcon_distutils_commands:/home/arno/RoombaV2Onboard/install/roombav2/lib/python3.10/site-packages:${PYTHONPATH} /usr/bin/python3 -W ignore:setup.py install is deprecated setup.py develop --editable --build-directory /home/arno/RoombaV2Onboard/build/roombav2/build --no-deps symlink_data
[7.094s] running develop
[7.099s] /usr/lib/python3/dist-packages/setuptools/command/easy_install.py:158: EasyInstallDeprecationWarning: easy_install command is deprecated. Use build and pip and other standards-based tools.
[7.101s]   warnings.warn(
[8.006s] running egg_info
[8.006s] creating roombav2.egg-info
[8.007s] writing roombav2.egg-info/PKG-INFO
[8.009s] writing dependency_links to roombav2.egg-info/dependency_links.txt
[8.011s] writing entry points to roombav2.egg-info/entry_points.txt
[8.012s] writing requirements to roombav2.egg-info/requires.txt
[8.013s] writing top-level names to roombav2.egg-info/top_level.txt
[8.014s] writing manifest file 'roombav2.egg-info/SOURCES.txt'
[8.024s] reading manifest file 'roombav2.egg-info/SOURCES.txt'
[8.028s] writing manifest file 'roombav2.egg-info/SOURCES.txt'
[8.035s] running build_ext
[8.036s] Creating /home/arno/RoombaV2Onboard/install/roombav2/lib/python3.10/site-packages/roombav2.egg-link (link to .)
[8.041s] Installing encoder_reader script to /home/arno/RoombaV2Onboard/install/roombav2/lib/roombav2
[8.042s] Installing joystick_motor_controller script to /home/arno/RoombaV2Onboard/install/roombav2/lib/roombav2
[8.043s] Installing nav2_motor_controller script to /home/arno/RoombaV2Onboard/install/roombav2/lib/roombav2
[8.045s] 
[8.045s] Installed /home/arno/RoombaV2Onboard/build/roombav2
[8.046s] running symlink_data
[8.047s] creating /home/arno/RoombaV2Onboard/install/roombav2/share/ament_index
[8.048s] creating /home/arno/RoombaV2Onboard/install/roombav2/share/ament_index/resource_index
[8.049s] creating /home/arno/RoombaV2Onboard/install/roombav2/share/ament_index/resource_index/packages
[8.050s] symbolically linking /home/arno/RoombaV2Onboard/build/roombav2/resource/roombav2 -> /home/arno/RoombaV2Onboard/install/roombav2/share/ament_index/resource_index/packages
[8.051s] symbolically linking /home/arno/RoombaV2Onboard/build/roombav2/package.xml -> /home/arno/RoombaV2Onboard/install/roombav2/share/roombav2
[8.052s] symbolically linking /home/arno/RoombaV2Onboard/build/roombav2/roombav2/encoder_reader.py -> /home/arno/RoombaV2Onboard/install/roombav2/share/roombav2
[8.059s] symbolically linking /home/arno/RoombaV2Onboard/build/roombav2/roombav2/joystick_motor_controller.py -> /home/arno/RoombaV2Onboard/install/roombav2/share/roombav2
[8.060s] symbolically linking /home/arno/RoombaV2Onboard/build/roombav2/roombav2/nav2_motor_controller.py -> /home/arno/RoombaV2Onboard/install/roombav2/share/roombav2
[8.061s] creating /home/arno/RoombaV2Onboard/install/roombav2/share/roombav2/launch
[8.062s] symbolically linking /home/arno/RoombaV2Onboard/build/roombav2/launch/nav2_bringup.launch.py -> /home/arno/RoombaV2Onboard/install/roombav2/share/roombav2/launch
[8.063s] symbolically linking /home/arno/RoombaV2Onboard/build/roombav2/launch/microver.launch.py -> /home/arno/RoombaV2Onboard/install/roombav2/share/roombav2/launch
[8.064s] creating /home/arno/RoombaV2Onboard/install/roombav2/share/roombav2/config
[8.065s] symbolically linking /home/arno/RoombaV2Onboard/build/roombav2/config/amcl_params.yaml -> /home/arno/RoombaV2Onboard/install/roombav2/share/roombav2/config
[8.074s] symbolically linking /home/arno/RoombaV2Onboard/build/roombav2/config/costmap_params.yaml -> /home/arno/RoombaV2Onboard/install/roombav2/share/roombav2/config
[8.076s] symbolically linking /home/arno/RoombaV2Onboard/build/roombav2/config/planner_params.yaml -> /home/arno/RoombaV2Onboard/install/roombav2/share/roombav2/config
[8.079s] symbolically linking /home/arno/RoombaV2Onboard/build/roombav2/config/slam_toolbox_params.yaml -> /home/arno/RoombaV2Onboard/install/roombav2/share/roombav2/config
[8.086s] symbolically linking /home/arno/RoombaV2Onboard/build/roombav2/config/ekf.yaml -> /home/arno/RoombaV2Onboard/install/roombav2/share/roombav2/config
[8.088s] creating /home/arno/RoombaV2Onboard/install/roombav2/share/roombav2/models
[8.094s] symbolically linking /home/arno/RoombaV2Onboard/build/roombav2/models/microver.urdf.xacro -> /home/arno/RoombaV2Onboard/install/roombav2/share/roombav2/models
[8.096s] symbolically linking /home/arno/RoombaV2Onboard/build/roombav2/models/constants.xacro -> /home/arno/RoombaV2Onboard/install/roombav2/share/roombav2/models
[8.098s] symbolically linking /home/arno/RoombaV2Onboard/build/roombav2/models/inertial_macros.xacro -> /home/arno/RoombaV2Onboard/install/roombav2/share/roombav2/models
[8.254s] Invoked command in '/home/arno/RoombaV2Onboard/build/roombav2' returned '0': PYTHONPATH=/home/arno/RoombaV2Onboard/build/roombav2/prefix_override:/usr/lib/python3/dist-packages/colcon_core/task/python/colcon_distutils_commands:/home/arno/RoombaV2Onboard/install/roombav2/lib/python3.10/site-packages:${PYTHONPATH} /usr/bin/python3 -W ignore:setup.py install is deprecated setup.py develop --editable --build-directory /home/arno/RoombaV2Onboard/build/roombav2/build --no-deps symlink_data
