[5.608s] Invoking command in '/home/arno/RoombaV2Onboard/build/roombav2': PYTHONPATH=/home/arno/RoombaV2Onboard/build/roombav2/prefix_override:/usr/lib/python3/dist-packages/colcon_core/task/python/colcon_distutils_commands:/home/arno/RoombaV2Onboard/install/roombav2/lib/python3.10/site-packages:${PYTHONPATH} /usr/bin/python3 -W ignore:setup.py install is deprecated setup.py develop --editable --build-directory /home/arno/RoombaV2Onboard/build/roombav2/build --no-deps symlink_data
[7.009s] running develop
[7.011s] /usr/lib/python3/dist-packages/setuptools/command/easy_install.py:158: EasyInstallDeprecationWarning: easy_install command is deprecated. Use build and pip and other standards-based tools.
[7.020s]   warnings.warn(
[8.051s] running egg_info
[8.052s] writing roombav2.egg-info/PKG-INFO
[8.052s] writing dependency_links to roombav2.egg-info/dependency_links.txt
[8.054s] writing entry points to roombav2.egg-info/entry_points.txt
[8.055s] writing requirements to roombav2.egg-info/requires.txt
[8.055s] writing top-level names to roombav2.egg-info/top_level.txt
[8.064s] reading manifest file 'roombav2.egg-info/SOURCES.txt'
[8.067s] writing manifest file 'roombav2.egg-info/SOURCES.txt'
[8.075s] running build_ext
[8.076s] Creating /home/arno/RoombaV2Onboard/install/roombav2/lib/python3.10/site-packages/roombav2.egg-link (link to .)
[8.079s] Installing encoder_reader script to /home/arno/RoombaV2Onboard/install/roombav2/lib/roombav2
[8.080s] Installing joystick_motor_controller script to /home/arno/RoombaV2Onboard/install/roombav2/lib/roombav2
[8.081s] Installing nav2_motor_controller script to /home/arno/RoombaV2Onboard/install/roombav2/lib/roombav2
[8.082s] 
[8.084s] Installed /home/arno/RoombaV2Onboard/build/roombav2
[8.084s] running symlink_data
[8.087s] error: can't copy '/home/arno/RoombaV2Onboard/build/roombav2/config/twist_mux.yaml,': doesn't exist or not a regular file
[8.213s] Invoked command in '/home/arno/RoombaV2Onboard/build/roombav2' returned '1': PYTHONPATH=/home/arno/RoombaV2Onboard/build/roombav2/prefix_override:/usr/lib/python3/dist-packages/colcon_core/task/python/colcon_distutils_commands:/home/arno/RoombaV2Onboard/install/roombav2/lib/python3.10/site-packages:${PYTHONPATH} /usr/bin/python3 -W ignore:setup.py install is deprecated setup.py develop --editable --build-directory /home/arno/RoombaV2Onboard/build/roombav2/build --no-deps symlink_data
