[2.668s] Invoking command in '/home/arno/RoombaV2Onboard/src/roombav2': PYTHONPATH=/home/arno/RoombaV2Onboard/build/roombav2/prefix_override:/usr/lib/python3/dist-packages/colcon_core/task/python/colcon_distutils_commands:/home/arno/RoombaV2Onboard/install/roombav2/lib/python3.10/site-packages:${PYTHONPATH} /usr/bin/python3 -W ignore:setup.py install is deprecated setup.py egg_info --egg-base ../../build/roombav2 build --build-base /home/arno/RoombaV2Onboard/build/roombav2/build install --record /home/arno/RoombaV2Onboard/build/roombav2/install.log --single-version-externally-managed install_data
[3.680s] running egg_info
[3.682s] writing ../../build/roombav2/roombav2.egg-info/PKG-INFO
[3.684s] writing dependency_links to ../../build/roombav2/roombav2.egg-info/dependency_links.txt
[3.685s] writing entry points to ../../build/roombav2/roombav2.egg-info/entry_points.txt
[3.685s] writing requirements to ../../build/roombav2/roombav2.egg-info/requires.txt
[3.686s] writing top-level names to ../../build/roombav2/roombav2.egg-info/top_level.txt
[3.695s] reading manifest file '../../build/roombav2/roombav2.egg-info/SOURCES.txt'
[3.700s] writing manifest file '../../build/roombav2/roombav2.egg-info/SOURCES.txt'
[3.702s] running build
[3.702s] running build_py
[3.704s] running install
[3.705s] running install_lib
[3.713s] running install_data
[3.715s] copying config/ekf.yaml -> /home/arno/RoombaV2Onboard/install/roombav2/share/roombav2/config
[3.716s] copying config/nav2_params.yaml -> /home/arno/RoombaV2Onboard/install/roombav2/share/roombav2/config
[3.718s] running install_egg_info
[3.725s] removing '/home/arno/RoombaV2Onboard/install/roombav2/lib/python3.10/site-packages/roombav2-0.0.0-py3.10.egg-info' (and everything under it)
[3.727s] Copying ../../build/roombav2/roombav2.egg-info to /home/arno/RoombaV2Onboard/install/roombav2/lib/python3.10/site-packages/roombav2-0.0.0-py3.10.egg-info
[3.733s] running install_scripts
[3.813s] Installing encoder_reader script to /home/arno/RoombaV2Onboard/install/roombav2/lib/roombav2
[3.813s] Installing joystick_motor_controller script to /home/arno/RoombaV2Onboard/install/roombav2/lib/roombav2
[3.814s] Installing nav2_motor_controller script to /home/arno/RoombaV2Onboard/install/roombav2/lib/roombav2
[3.815s] Installing pwm_open_loop script to /home/arno/RoombaV2Onboard/install/roombav2/lib/roombav2
[3.816s] Installing system_info script to /home/arno/RoombaV2Onboard/install/roombav2/lib/roombav2
[3.818s] writing list of installed files to '/home/arno/RoombaV2Onboard/build/roombav2/install.log'
[3.927s] Invoked command in '/home/arno/RoombaV2Onboard/src/roombav2' returned '0': PYTHONPATH=/home/arno/RoombaV2Onboard/build/roombav2/prefix_override:/usr/lib/python3/dist-packages/colcon_core/task/python/colcon_distutils_commands:/home/arno/RoombaV2Onboard/install/roombav2/lib/python3.10/site-packages:${PYTHONPATH} /usr/bin/python3 -W ignore:setup.py install is deprecated setup.py egg_info --egg-base ../../build/roombav2 build --build-base /home/arno/RoombaV2Onboard/build/roombav2/build install --record /home/arno/RoombaV2Onboard/build/roombav2/install.log --single-version-externally-managed install_data
