[13.273s] Invoking command in '/home/arno/RoombaV2Onboard/src/RoverReceive': PYTHONPATH=/home/arno/RoombaV2Onboard/build/RoverReceive/prefix_override:/usr/lib/python3/dist-packages/colcon_core/task/python/colcon_distutils_commands:/home/arno/RoombaV2Onboard/install/RoverReceive/lib/python3.10/site-packages:${PYTHONPATH} /usr/bin/python3 -W ignore:setup.py install is deprecated setup.py egg_info --egg-base ../../build/RoverReceive build --build-base /home/arno/RoombaV2Onboard/build/RoverReceive/build install --record /home/arno/RoombaV2Onboard/build/RoverReceive/install.log --single-version-externally-managed install_data
[16.128s] running egg_info
[16.136s] writing ../../build/RoverReceive/RoverReceive.egg-info/PKG-INFO
[16.141s] writing dependency_links to ../../build/RoverReceive/RoverReceive.egg-info/dependency_links.txt
[16.143s] writing entry points to ../../build/RoverReceive/RoverReceive.egg-info/entry_points.txt
[16.146s] writing requirements to ../../build/RoverReceive/RoverReceive.egg-info/requires.txt
[16.148s] writing top-level names to ../../build/RoverReceive/RoverReceive.egg-info/top_level.txt
[16.173s] reading manifest file '../../build/RoverReceive/RoverReceive.egg-info/SOURCES.txt'
[16.184s] adding license file 'LICENSE'
[16.192s] writing manifest file '../../build/RoverReceive/RoverReceive.egg-info/SOURCES.txt'
[16.195s] running build
[16.197s] running build_py
[16.199s] running install
[16.201s] running install_lib
[16.212s] running install_data
[16.216s] running install_egg_info
[16.235s] removing '/home/arno/RoombaV2Onboard/install/RoverReceive/lib/python3.10/site-packages/RoverReceive-0.0.0-py3.10.egg-info' (and everything under it)
[16.239s] Copying ../../build/RoverReceive/RoverReceive.egg-info to /home/arno/RoombaV2Onboard/install/RoverReceive/lib/python3.10/site-packages/RoverReceive-0.0.0-py3.10.egg-info
[16.255s] running install_scripts
[16.485s] Installing receive_node script to /home/arno/RoombaV2Onboard/install/RoverReceive/lib/RoverReceive
[16.489s] writing list of installed files to '/home/arno/RoombaV2Onboard/build/RoverReceive/install.log'
[16.930s] Invoked command in '/home/arno/RoombaV2Onboard/src/RoverReceive' returned '0': PYTHONPATH=/home/arno/RoombaV2Onboard/build/RoverReceive/prefix_override:/usr/lib/python3/dist-packages/colcon_core/task/python/colcon_distutils_commands:/home/arno/RoombaV2Onboard/install/RoverReceive/lib/python3.10/site-packages:${PYTHONPATH} /usr/bin/python3 -W ignore:setup.py install is deprecated setup.py egg_info --egg-base ../../build/RoverReceive build --build-base /home/arno/RoombaV2Onboard/build/RoverReceive/build install --record /home/arno/RoombaV2Onboard/build/RoverReceive/install.log --single-version-externally-managed install_data
