[5.584s] Invoking command in '/home/arno/RoombaV2Onboard/build/roombav2': PYTHONPATH=/home/arno/RoombaV2Onboard/build/roombav2/prefix_override:/usr/lib/python3/dist-packages/colcon_core/task/python/colcon_distutils_commands:/home/arno/RoombaV2Onboard/install/roombav2/lib/python3.10/site-packages:${PYTHONPATH} /usr/bin/python3 -W ignore:setup.py install is deprecated setup.py develop --editable --build-directory /home/arno/RoombaV2Onboard/build/roombav2/build --no-deps symlink_data
[6.968s] running develop
[6.970s] /usr/lib/python3/dist-packages/setuptools/command/easy_install.py:158: EasyInstallDeprecationWarning: easy_install command is deprecated. Use build and pip and other standards-based tools.
[6.970s]   warnings.warn(
[7.869s] running egg_info
[7.872s] writing roombav2.egg-info/PKG-INFO
[7.879s] writing dependency_links to roombav2.egg-info/dependency_links.txt
[7.881s] writing entry points to roombav2.egg-info/entry_points.txt
[7.883s] writing requirements to roombav2.egg-info/requires.txt
[7.885s] writing top-level names to roombav2.egg-info/top_level.txt
[7.897s] reading manifest file 'roombav2.egg-info/SOURCES.txt'
[7.905s] writing manifest file 'roombav2.egg-info/SOURCES.txt'
[7.918s] running build_ext
[7.921s] Creating /home/arno/RoombaV2Onboard/install/roombav2/lib/python3.10/site-packages/roombav2.egg-link (link to .)
[7.932s] Installing encoder_reader script to /home/arno/RoombaV2Onboard/install/roombav2/lib/roombav2
[7.934s] Installing joystick_motor_controller script to /home/arno/RoombaV2Onboard/install/roombav2/lib/roombav2
[7.936s] Installing nav2_motor_controller script to /home/arno/RoombaV2Onboard/install/roombav2/lib/roombav2
[7.940s] 
[7.942s] Installed /home/arno/RoombaV2Onboard/build/roombav2
[7.944s] running symlink_data
[8.214s] Invoked command in '/home/arno/RoombaV2Onboard/build/roombav2' returned '0': PYTHONPATH=/home/arno/RoombaV2Onboard/build/roombav2/prefix_override:/usr/lib/python3/dist-packages/colcon_core/task/python/colcon_distutils_commands:/home/arno/RoombaV2Onboard/install/roombav2/lib/python3.10/site-packages:${PYTHONPATH} /usr/bin/python3 -W ignore:setup.py install is deprecated setup.py develop --editable --build-directory /home/arno/RoombaV2Onboard/build/roombav2/build --no-deps symlink_data
