[4.606s] Invoking command in '/home/arno/RoombaV2Onboard/src/mode_manager': PYTHONPATH=/home/arno/RoombaV2Onboard/build/mode_manager/prefix_override:/usr/lib/python3/dist-packages/colcon_core/task/python/colcon_distutils_commands:/home/arno/RoombaV2Onboard/install/mode_manager/lib/python3.10/site-packages:${PYTHONPATH} /usr/bin/python3 -W ignore:setup.py install is deprecated setup.py egg_info --egg-base ../../build/mode_manager build --build-base /home/arno/RoombaV2Onboard/build/mode_manager/build install --record /home/arno/RoombaV2Onboard/build/mode_manager/install.log --single-version-externally-managed install_data
[5.704s] running egg_info
[5.707s] writing ../../build/mode_manager/mode_manager.egg-info/PKG-INFO
[5.708s] writing dependency_links to ../../build/mode_manager/mode_manager.egg-info/dependency_links.txt
[5.709s] writing entry points to ../../build/mode_manager/mode_manager.egg-info/entry_points.txt
[5.710s] writing requirements to ../../build/mode_manager/mode_manager.egg-info/requires.txt
[5.711s] writing top-level names to ../../build/mode_manager/mode_manager.egg-info/top_level.txt
[5.721s] reading manifest file '../../build/mode_manager/mode_manager.egg-info/SOURCES.txt'
[5.725s] writing manifest file '../../build/mode_manager/mode_manager.egg-info/SOURCES.txt'
[5.725s] running build
[5.726s] running build_py
[5.727s] running install
[5.728s] running install_lib
[5.733s] running install_data
[5.733s] running install_egg_info
[5.740s] removing '/home/arno/RoombaV2Onboard/install/mode_manager/lib/python3.10/site-packages/mode_manager-0.0.0-py3.10.egg-info' (and everything under it)
[5.741s] Copying ../../build/mode_manager/mode_manager.egg-info to /home/arno/RoombaV2Onboard/install/mode_manager/lib/python3.10/site-packages/mode_manager-0.0.0-py3.10.egg-info
[5.744s] running install_scripts
[5.825s] Installing mode_manager script to /home/arno/RoombaV2Onboard/install/mode_manager/lib/mode_manager
[5.827s] writing list of installed files to '/home/arno/RoombaV2Onboard/build/mode_manager/install.log'
[5.922s] Invoked command in '/home/arno/RoombaV2Onboard/src/mode_manager' returned '0': PYTHONPATH=/home/arno/RoombaV2Onboard/build/mode_manager/prefix_override:/usr/lib/python3/dist-packages/colcon_core/task/python/colcon_distutils_commands:/home/arno/RoombaV2Onboard/install/mode_manager/lib/python3.10/site-packages:${PYTHONPATH} /usr/bin/python3 -W ignore:setup.py install is deprecated setup.py egg_info --egg-base ../../build/mode_manager build --build-base /home/arno/RoombaV2Onboard/build/mode_manager/build install --record /home/arno/RoombaV2Onboard/build/mode_manager/install.log --single-version-externally-managed install_data
