[4.814s] Invoking command in '/home/arno/RoombaV2Onboard/src/RoverReceive': PYTHONPATH=/home/arno/RoombaV2Onboard/build/RoverReceive/prefix_override:/usr/lib/python3/dist-packages/colcon_core/task/python/colcon_distutils_commands:/home/arno/RoombaV2Onboard/install/RoverReceive/lib/python3.10/site-packages:${PYTHONPATH} /usr/bin/python3 -W ignore:setup.py install is deprecated setup.py egg_info --egg-base ../../build/RoverReceive build --build-base /home/arno/RoombaV2Onboard/build/RoverReceive/build install --record /home/arno/RoombaV2Onboard/build/RoverReceive/install.log --single-version-externally-managed install_data
[5.923s] running egg_info
[5.926s] writing ../../build/RoverReceive/RoverReceive.egg-info/PKG-INFO
[5.927s] writing dependency_links to ../../build/RoverReceive/RoverReceive.egg-info/dependency_links.txt
[5.927s] writing entry points to ../../build/RoverReceive/RoverReceive.egg-info/entry_points.txt
[5.928s] writing requirements to ../../build/RoverReceive/RoverReceive.egg-info/requires.txt
[5.929s] writing top-level names to ../../build/RoverReceive/RoverReceive.egg-info/top_level.txt
[5.938s] reading manifest file '../../build/RoverReceive/RoverReceive.egg-info/SOURCES.txt'
[5.939s] adding license file 'LICENSE'
[5.942s] writing manifest file '../../build/RoverReceive/RoverReceive.egg-info/SOURCES.txt'
[5.942s] running build
[5.943s] running build_py
[5.944s] running install
[5.945s] running install_lib
[5.953s] running install_data
[5.954s] running install_egg_info
[5.957s] removing '/home/arno/RoombaV2Onboard/install/RoverReceive/lib/python3.10/site-packages/RoverReceive-0.0.0-py3.10.egg-info' (and everything under it)
[5.959s] Copying ../../build/RoverReceive/RoverReceive.egg-info to /home/arno/RoombaV2Onboard/install/RoverReceive/lib/python3.10/site-packages/RoverReceive-0.0.0-py3.10.egg-info
[5.963s] running install_scripts
[6.049s] Installing receive_node script to /home/arno/RoombaV2Onboard/install/RoverReceive/lib/RoverReceive
[6.050s] writing list of installed files to '/home/arno/RoombaV2Onboard/build/RoverReceive/install.log'
[6.146s] Invoked command in '/home/arno/RoombaV2Onboard/src/RoverReceive' returned '0': PYTHONPATH=/home/arno/RoombaV2Onboard/build/RoverReceive/prefix_override:/usr/lib/python3/dist-packages/colcon_core/task/python/colcon_distutils_commands:/home/arno/RoombaV2Onboard/install/RoverReceive/lib/python3.10/site-packages:${PYTHONPATH} /usr/bin/python3 -W ignore:setup.py install is deprecated setup.py egg_info --egg-base ../../build/RoverReceive build --build-base /home/arno/RoombaV2Onboard/build/RoverReceive/build install --record /home/arno/RoombaV2Onboard/build/RoverReceive/install.log --single-version-externally-managed install_data
