[1.447s] Invoking command in '/home/arno/RoombaV2Onboard/src/mode_manager': PYTHONPATH=/home/arno/RoombaV2Onboard/build/mode_manager/prefix_override:/usr/lib/python3/dist-packages/colcon_core/task/python/colcon_distutils_commands:/home/arno/RoombaV2Onboard/install/mode_manager/lib/python3.10/site-packages:${PYTHONPATH} /usr/bin/python3 -W ignore:setup.py install is deprecated setup.py egg_info --egg-base ../../build/mode_manager build --build-base /home/arno/RoombaV2Onboard/build/mode_manager/build install --record /home/arno/RoombaV2Onboard/build/mode_manager/install.log --single-version-externally-managed install_data
[1.798s] running egg_info
[1.799s] creating ../../build/mode_manager/mode_manager.egg-info
[1.799s] writing ../../build/mode_manager/mode_manager.egg-info/PKG-INFO
[1.800s] writing dependency_links to ../../build/mode_manager/mode_manager.egg-info/dependency_links.txt
[1.800s] writing entry points to ../../build/mode_manager/mode_manager.egg-info/entry_points.txt
[1.800s] writing requirements to ../../build/mode_manager/mode_manager.egg-info/requires.txt
[1.801s] writing top-level names to ../../build/mode_manager/mode_manager.egg-info/top_level.txt
[1.801s] writing manifest file '../../build/mode_manager/mode_manager.egg-info/SOURCES.txt'
[1.803s] reading manifest file '../../build/mode_manager/mode_manager.egg-info/SOURCES.txt'
[1.805s] writing manifest file '../../build/mode_manager/mode_manager.egg-info/SOURCES.txt'
[1.806s] running build
[1.806s] running build_py
[1.806s] creating /home/arno/RoombaV2Onboard/build/mode_manager/build
[1.806s] creating /home/arno/RoombaV2Onboard/build/mode_manager/build/lib
[1.807s] creating /home/arno/RoombaV2Onboard/build/mode_manager/build/lib/mode_manager
[1.807s] copying mode_manager/mode_manager.py -> /home/arno/RoombaV2Onboard/build/mode_manager/build/lib/mode_manager
[1.807s] copying mode_manager/__init__.py -> /home/arno/RoombaV2Onboard/build/mode_manager/build/lib/mode_manager
[1.808s] running install
[1.808s] running install_lib
[1.808s] creating /home/arno/RoombaV2Onboard/install/mode_manager/lib/python3.10/site-packages/mode_manager
[1.808s] copying /home/arno/RoombaV2Onboard/build/mode_manager/build/lib/mode_manager/mode_manager.py -> /home/arno/RoombaV2Onboard/install/mode_manager/lib/python3.10/site-packages/mode_manager
[1.809s] copying /home/arno/RoombaV2Onboard/build/mode_manager/build/lib/mode_manager/__init__.py -> /home/arno/RoombaV2Onboard/install/mode_manager/lib/python3.10/site-packages/mode_manager
[1.809s] byte-compiling /home/arno/RoombaV2Onboard/install/mode_manager/lib/python3.10/site-packages/mode_manager/mode_manager.py to mode_manager.cpython-310.pyc
[1.810s] byte-compiling /home/arno/RoombaV2Onboard/install/mode_manager/lib/python3.10/site-packages/mode_manager/__init__.py to __init__.cpython-310.pyc
[1.811s] running install_data
[1.811s] creating /home/arno/RoombaV2Onboard/install/mode_manager/share/ament_index
[1.811s] creating /home/arno/RoombaV2Onboard/install/mode_manager/share/ament_index/resource_index
[1.811s] creating /home/arno/RoombaV2Onboard/install/mode_manager/share/ament_index/resource_index/packages
[1.811s] copying resource/mode_manager -> /home/arno/RoombaV2Onboard/install/mode_manager/share/ament_index/resource_index/packages
[1.812s] copying package.xml -> /home/arno/RoombaV2Onboard/install/mode_manager/share/mode_manager
[1.812s] running install_egg_info
[1.814s] Copying ../../build/mode_manager/mode_manager.egg-info to /home/arno/RoombaV2Onboard/install/mode_manager/lib/python3.10/site-packages/mode_manager-0.0.0-py3.10.egg-info
[1.815s] running install_scripts
[1.846s] Installing mode_manager script to /home/arno/RoombaV2Onboard/install/mode_manager/lib/mode_manager
[1.846s] writing list of installed files to '/home/arno/RoombaV2Onboard/build/mode_manager/install.log'
[1.881s] Invoked command in '/home/arno/RoombaV2Onboard/src/mode_manager' returned '0': PYTHONPATH=/home/arno/RoombaV2Onboard/build/mode_manager/prefix_override:/usr/lib/python3/dist-packages/colcon_core/task/python/colcon_distutils_commands:/home/arno/RoombaV2Onboard/install/mode_manager/lib/python3.10/site-packages:${PYTHONPATH} /usr/bin/python3 -W ignore:setup.py install is deprecated setup.py egg_info --egg-base ../../build/mode_manager build --build-base /home/arno/RoombaV2Onboard/build/mode_manager/build install --record /home/arno/RoombaV2Onboard/build/mode_manager/install.log --single-version-externally-managed install_data
