[6.082s] Invoking command in '/home/arno/RoombaV2Onboard/src/mode_manager': PYTHONPATH=/home/arno/RoombaV2Onboard/build/mode_manager/prefix_override:/usr/lib/python3/dist-packages/colcon_core/task/python/colcon_distutils_commands:/home/arno/RoombaV2Onboard/install/mode_manager/lib/python3.10/site-packages:${PYTHONPATH} /usr/bin/python3 -W ignore:setup.py install is deprecated setup.py egg_info --egg-base ../../build/mode_manager build --build-base /home/arno/RoombaV2Onboard/build/mode_manager/build install --record /home/arno/RoombaV2Onboard/build/mode_manager/install.log --single-version-externally-managed install_data
[8.412s] running egg_info
[8.416s] writing ../../build/mode_manager/mode_manager.egg-info/PKG-INFO
[8.418s] writing dependency_links to ../../build/mode_manager/mode_manager.egg-info/dependency_links.txt
[8.419s] writing entry points to ../../build/mode_manager/mode_manager.egg-info/entry_points.txt
[8.420s] writing requirements to ../../build/mode_manager/mode_manager.egg-info/requires.txt
[8.421s] writing top-level names to ../../build/mode_manager/mode_manager.egg-info/top_level.txt
[8.433s] reading manifest file '../../build/mode_manager/mode_manager.egg-info/SOURCES.txt'
[8.438s] writing manifest file '../../build/mode_manager/mode_manager.egg-info/SOURCES.txt'
[8.439s] running build
[8.440s] running build_py
[8.441s] running install
[8.443s] running install_lib
[8.451s] running install_data
[8.452s] running install_egg_info
[8.463s] removing '/home/arno/RoombaV2Onboard/install/mode_manager/lib/python3.10/site-packages/mode_manager-0.0.0-py3.10.egg-info' (and everything under it)
[8.466s] Copying ../../build/mode_manager/mode_manager.egg-info to /home/arno/RoombaV2Onboard/install/mode_manager/lib/python3.10/site-packages/mode_manager-0.0.0-py3.10.egg-info
[8.477s] running install_scripts
[8.603s] Installing mode_manager script to /home/arno/RoombaV2Onboard/install/mode_manager/lib/mode_manager
[8.606s] writing list of installed files to '/home/arno/RoombaV2Onboard/build/mode_manager/install.log'
[8.770s] Invoked command in '/home/arno/RoombaV2Onboard/src/mode_manager' returned '0': PYTHONPATH=/home/arno/RoombaV2Onboard/build/mode_manager/prefix_override:/usr/lib/python3/dist-packages/colcon_core/task/python/colcon_distutils_commands:/home/arno/RoombaV2Onboard/install/mode_manager/lib/python3.10/site-packages:${PYTHONPATH} /usr/bin/python3 -W ignore:setup.py install is deprecated setup.py egg_info --egg-base ../../build/mode_manager build --build-base /home/arno/RoombaV2Onboard/build/mode_manager/build install --record /home/arno/RoombaV2Onboard/build/mode_manager/install.log --single-version-externally-managed install_data
