[5.936s] Invoking command in '/home/arno/RoombaV2Onboard/build/roombav2': PYTHONPATH=/home/arno/RoombaV2Onboard/build/roombav2/prefix_override:/usr/lib/python3/dist-packages/colcon_core/task/python/colcon_distutils_commands:/home/arno/RoombaV2Onboard/install/roombav2/lib/python3.10/site-packages:${PYTHONPATH} /usr/bin/python3 -W ignore:setup.py install is deprecated setup.py develop --editable --build-directory /home/arno/RoombaV2Onboard/build/roombav2/build --no-deps symlink_data
[8.419s] running develop
[8.422s] /usr/lib/python3/dist-packages/setuptools/command/easy_install.py:158: EasyInstallDeprecationWarning: easy_install command is deprecated. Use build and pip and other standards-based tools.
[8.423s]   warnings.warn(
[10.104s] running egg_info
[10.106s] writing roombav2.egg-info/PKG-INFO
[10.108s] writing dependency_links to roombav2.egg-info/dependency_links.txt
[10.110s] writing entry points to roombav2.egg-info/entry_points.txt
[10.112s] writing requirements to roombav2.egg-info/requires.txt
[10.114s] writing top-level names to roombav2.egg-info/top_level.txt
[10.129s] reading manifest file 'roombav2.egg-info/SOURCES.txt'
[10.138s] writing manifest file 'roombav2.egg-info/SOURCES.txt'
[10.150s] running build_ext
[10.152s] Creating /home/arno/RoombaV2Onboard/install/roombav2/lib/python3.10/site-packages/roombav2.egg-link (link to .)
[10.160s] Installing encoder_reader script to /home/arno/RoombaV2Onboard/install/roombav2/lib/roombav2
[10.162s] Installing joystick_motor_controller script to /home/arno/RoombaV2Onboard/install/roombav2/lib/roombav2
[10.163s] Installing nav2_motor_controller script to /home/arno/RoombaV2Onboard/install/roombav2/lib/roombav2
[10.167s] 
[10.168s] Installed /home/arno/RoombaV2Onboard/build/roombav2
[10.169s] running symlink_data
[10.437s] Invoked command in '/home/arno/RoombaV2Onboard/build/roombav2' returned '0': PYTHONPATH=/home/arno/RoombaV2Onboard/build/roombav2/prefix_override:/usr/lib/python3/dist-packages/colcon_core/task/python/colcon_distutils_commands:/home/arno/RoombaV2Onboard/install/roombav2/lib/python3.10/site-packages:${PYTHONPATH} /usr/bin/python3 -W ignore:setup.py install is deprecated setup.py develop --editable --build-directory /home/arno/RoombaV2Onboard/build/roombav2/build --no-deps symlink_data
