[12.164s] Invoking command in '/home/arno/RoombaV2Onboard/src/rover_stream': PYTHONPATH=/home/arno/RoombaV2Onboard/build/rover_stream/prefix_override:/usr/lib/python3/dist-packages/colcon_core/task/python/colcon_distutils_commands:/home/arno/RoombaV2Onboard/install/rover_stream/lib/python3.10/site-packages:${PYTHONPATH} /usr/bin/python3 -W ignore:setup.py install is deprecated setup.py egg_info --egg-base ../../build/rover_stream build --build-base /home/arno/RoombaV2Onboard/build/rover_stream/build install --record /home/arno/RoombaV2Onboard/build/rover_stream/install.log --single-version-externally-managed install_data
[15.082s] running egg_info
[15.091s] writing ../../build/rover_stream/rover_stream.egg-info/PKG-INFO
[15.094s] writing dependency_links to ../../build/rover_stream/rover_stream.egg-info/dependency_links.txt
[15.098s] writing entry points to ../../build/rover_stream/rover_stream.egg-info/entry_points.txt
[15.106s] writing requirements to ../../build/rover_stream/rover_stream.egg-info/requires.txt
[15.108s] writing top-level names to ../../build/rover_stream/rover_stream.egg-info/top_level.txt
[15.124s] reading manifest file '../../build/rover_stream/rover_stream.egg-info/SOURCES.txt'
[15.134s] writing manifest file '../../build/rover_stream/rover_stream.egg-info/SOURCES.txt'
[15.137s] running build
[15.138s] running build_py
[15.141s] running install
[15.144s] running install_lib
[15.157s] running install_data
[15.159s] running install_egg_info
[15.176s] removing '/home/arno/RoombaV2Onboard/install/rover_stream/lib/python3.10/site-packages/rover_stream-0.0.0-py3.10.egg-info' (and everything under it)
[15.180s] Copying ../../build/rover_stream/rover_stream.egg-info to /home/arno/RoombaV2Onboard/install/rover_stream/lib/python3.10/site-packages/rover_stream-0.0.0-py3.10.egg-info
[15.198s] running install_scripts
[15.419s] Installing webrtc_streamer script to /home/arno/RoombaV2Onboard/install/rover_stream/lib/rover_stream
[15.424s] writing list of installed files to '/home/arno/RoombaV2Onboard/build/rover_stream/install.log'
[15.805s] Invoked command in '/home/arno/RoombaV2Onboard/src/rover_stream' returned '0': PYTHONPATH=/home/arno/RoombaV2Onboard/build/rover_stream/prefix_override:/usr/lib/python3/dist-packages/colcon_core/task/python/colcon_distutils_commands:/home/arno/RoombaV2Onboard/install/rover_stream/lib/python3.10/site-packages:${PYTHONPATH} /usr/bin/python3 -W ignore:setup.py install is deprecated setup.py egg_info --egg-base ../../build/rover_stream build --build-base /home/arno/RoombaV2Onboard/build/rover_stream/build install --record /home/arno/RoombaV2Onboard/build/rover_stream/install.log --single-version-externally-managed install_data
