[1.460s] Invoking command in '/home/arno/RoombaV2Onboard/src/RoverReceive': PYTHONPATH=/home/arno/RoombaV2Onboard/build/RoverReceive/prefix_override:/usr/lib/python3/dist-packages/colcon_core/task/python/colcon_distutils_commands:/home/arno/RoombaV2Onboard/install/RoverReceive/lib/python3.10/site-packages:${PYTHONPATH} /usr/bin/python3 -W ignore:setup.py install is deprecated setup.py egg_info --egg-base ../../build/RoverReceive build --build-base /home/arno/RoombaV2Onboard/build/RoverReceive/build install --record /home/arno/RoombaV2Onboard/build/RoverReceive/install.log --single-version-externally-managed install_data
[1.834s] running egg_info
[1.835s] creating ../../build/RoverReceive/RoverReceive.egg-info
[1.835s] writing ../../build/RoverReceive/RoverReceive.egg-info/PKG-INFO
[1.835s] writing dependency_links to ../../build/RoverReceive/RoverReceive.egg-info/dependency_links.txt
[1.836s] writing entry points to ../../build/RoverReceive/RoverReceive.egg-info/entry_points.txt
[1.836s] writing requirements to ../../build/RoverReceive/RoverReceive.egg-info/requires.txt
[1.836s] writing top-level names to ../../build/RoverReceive/RoverReceive.egg-info/top_level.txt
[1.836s] writing manifest file '../../build/RoverReceive/RoverReceive.egg-info/SOURCES.txt'
[1.839s] reading manifest file '../../build/RoverReceive/RoverReceive.egg-info/SOURCES.txt'
[1.839s] adding license file 'LICENSE'
[1.841s] writing manifest file '../../build/RoverReceive/RoverReceive.egg-info/SOURCES.txt'
[1.841s] running build
[1.841s] running build_py
[1.842s] creating /home/arno/RoombaV2Onboard/build/RoverReceive/build
[1.842s] creating /home/arno/RoombaV2Onboard/build/RoverReceive/build/lib
[1.842s] creating /home/arno/RoombaV2Onboard/build/RoverReceive/build/lib/RoverReceive
[1.842s] copying RoverReceive/__init__.py -> /home/arno/RoombaV2Onboard/build/RoverReceive/build/lib/RoverReceive
[1.843s] copying RoverReceive/receive_node.py -> /home/arno/RoombaV2Onboard/build/RoverReceive/build/lib/RoverReceive
[1.843s] running install
[1.843s] running install_lib
[1.843s] creating /home/arno/RoombaV2Onboard/install/RoverReceive/lib/python3.10/site-packages/RoverReceive
[1.843s] copying /home/arno/RoombaV2Onboard/build/RoverReceive/build/lib/RoverReceive/__init__.py -> /home/arno/RoombaV2Onboard/install/RoverReceive/lib/python3.10/site-packages/RoverReceive
[1.844s] copying /home/arno/RoombaV2Onboard/build/RoverReceive/build/lib/RoverReceive/receive_node.py -> /home/arno/RoombaV2Onboard/install/RoverReceive/lib/python3.10/site-packages/RoverReceive
[1.844s] byte-compiling /home/arno/RoombaV2Onboard/install/RoverReceive/lib/python3.10/site-packages/RoverReceive/__init__.py to __init__.cpython-310.pyc
[1.844s] byte-compiling /home/arno/RoombaV2Onboard/install/RoverReceive/lib/python3.10/site-packages/RoverReceive/receive_node.py to receive_node.cpython-310.pyc
[1.845s] running install_data
[1.845s] creating /home/arno/RoombaV2Onboard/install/RoverReceive/share/ament_index
[1.846s] creating /home/arno/RoombaV2Onboard/install/RoverReceive/share/ament_index/resource_index
[1.846s] creating /home/arno/RoombaV2Onboard/install/RoverReceive/share/ament_index/resource_index/packages
[1.846s] copying resource/RoverReceive -> /home/arno/RoombaV2Onboard/install/RoverReceive/share/ament_index/resource_index/packages
[1.846s] copying package.xml -> /home/arno/RoombaV2Onboard/install/RoverReceive/share/RoverReceive
[1.846s] running install_egg_info
[1.848s] Copying ../../build/RoverReceive/RoverReceive.egg-info to /home/arno/RoombaV2Onboard/install/RoverReceive/lib/python3.10/site-packages/RoverReceive-0.0.0-py3.10.egg-info
[1.849s] running install_scripts
[1.878s] Installing receive_node script to /home/arno/RoombaV2Onboard/install/RoverReceive/lib/RoverReceive
[1.879s] writing list of installed files to '/home/arno/RoombaV2Onboard/build/RoverReceive/install.log'
[1.910s] Invoked command in '/home/arno/RoombaV2Onboard/src/RoverReceive' returned '0': PYTHONPATH=/home/arno/RoombaV2Onboard/build/RoverReceive/prefix_override:/usr/lib/python3/dist-packages/colcon_core/task/python/colcon_distutils_commands:/home/arno/RoombaV2Onboard/install/RoverReceive/lib/python3.10/site-packages:${PYTHONPATH} /usr/bin/python3 -W ignore:setup.py install is deprecated setup.py egg_info --egg-base ../../build/RoverReceive build --build-base /home/arno/RoombaV2Onboard/build/RoverReceive/build install --record /home/arno/RoombaV2Onboard/build/RoverReceive/install.log --single-version-externally-managed install_data
