[5.895s] Invoking command in '/home/arno/RoombaV2Onboard/src/roombav2': PYTHONPATH=/home/arno/RoombaV2Onboard/build/roombav2/prefix_override:/usr/lib/python3/dist-packages/colcon_core/task/python/colcon_distutils_commands:/home/arno/RoombaV2Onboard/install/roombav2/lib/python3.10/site-packages:${PYTHONPATH} /usr/bin/python3 -W ignore:setup.py install is deprecated setup.py egg_info --egg-base ../../build/roombav2 build --build-base /home/arno/RoombaV2Onboard/build/roombav2/build install --record /home/arno/RoombaV2Onboard/build/roombav2/install.log --single-version-externally-managed install_data
[8.202s] running egg_info
[8.207s] writing ../../build/roombav2/roombav2.egg-info/PKG-INFO
[8.209s] writing dependency_links to ../../build/roombav2/roombav2.egg-info/dependency_links.txt
[8.211s] writing entry points to ../../build/roombav2/roombav2.egg-info/entry_points.txt
[8.213s] writing requirements to ../../build/roombav2/roombav2.egg-info/requires.txt
[8.214s] writing top-level names to ../../build/roombav2/roombav2.egg-info/top_level.txt
[8.231s] reading manifest file '../../build/roombav2/roombav2.egg-info/SOURCES.txt'
[8.241s] writing manifest file '../../build/roombav2/roombav2.egg-info/SOURCES.txt'
[8.241s] running build
[8.242s] running build_py
[8.246s] running install
[8.248s] running install_lib
[8.260s] running install_data
[8.261s] copying roombav2/joystick_motor_controller.py -> /home/arno/RoombaV2Onboard/install/roombav2/share/roombav2
[8.264s] copying roombav2/nav2_motor_controller.py -> /home/arno/RoombaV2Onboard/install/roombav2/share/roombav2
[8.267s] creating /home/arno/RoombaV2Onboard/install/roombav2/share/roombav2/launch
[8.268s] copying launch/nav2_bringup.launch.py -> /home/arno/RoombaV2Onboard/install/roombav2/share/roombav2/launch
[8.270s] copying launch/microver.launch.py -> /home/arno/RoombaV2Onboard/install/roombav2/share/roombav2/launch
[8.271s] creating /home/arno/RoombaV2Onboard/install/roombav2/share/roombav2/config
[8.272s] copying config/amcl_params.yaml -> /home/arno/RoombaV2Onboard/install/roombav2/share/roombav2/config
[8.274s] copying config/costmap_params.yaml -> /home/arno/RoombaV2Onboard/install/roombav2/share/roombav2/config
[8.277s] copying config/planner_params.yaml -> /home/arno/RoombaV2Onboard/install/roombav2/share/roombav2/config
[8.279s] copying config/slam_toolbox_params.yaml -> /home/arno/RoombaV2Onboard/install/roombav2/share/roombav2/config
[8.281s] creating /home/arno/RoombaV2Onboard/install/roombav2/share/roombav2/models
[8.283s] copying models/microver.urdf.xacro -> /home/arno/RoombaV2Onboard/install/roombav2/share/roombav2/models
[8.285s] copying models/constants.xacro -> /home/arno/RoombaV2Onboard/install/roombav2/share/roombav2/models
[8.288s] copying models/inertial_macros.xacro -> /home/arno/RoombaV2Onboard/install/roombav2/share/roombav2/models
[8.290s] running install_egg_info
[8.306s] removing '/home/arno/RoombaV2Onboard/install/roombav2/lib/python3.10/site-packages/roombav2-0.0.0-py3.10.egg-info' (and everything under it)
[8.309s] Copying ../../build/roombav2/roombav2.egg-info to /home/arno/RoombaV2Onboard/install/roombav2/lib/python3.10/site-packages/roombav2-0.0.0-py3.10.egg-info
[8.321s] running install_scripts
[8.499s] Installing encoder_reader script to /home/arno/RoombaV2Onboard/install/roombav2/lib/roombav2
[8.500s] Installing joystick_motor_controller script to /home/arno/RoombaV2Onboard/install/roombav2/lib/roombav2
[8.502s] Installing nav2_motor_controller script to /home/arno/RoombaV2Onboard/install/roombav2/lib/roombav2
[8.506s] writing list of installed files to '/home/arno/RoombaV2Onboard/build/roombav2/install.log'
[8.737s] Invoked command in '/home/arno/RoombaV2Onboard/src/roombav2' returned '0': PYTHONPATH=/home/arno/RoombaV2Onboard/build/roombav2/prefix_override:/usr/lib/python3/dist-packages/colcon_core/task/python/colcon_distutils_commands:/home/arno/RoombaV2Onboard/install/roombav2/lib/python3.10/site-packages:${PYTHONPATH} /usr/bin/python3 -W ignore:setup.py install is deprecated setup.py egg_info --egg-base ../../build/roombav2 build --build-base /home/arno/RoombaV2Onboard/build/roombav2/build install --record /home/arno/RoombaV2Onboard/build/roombav2/install.log --single-version-externally-managed install_data
