[1.489s] Invoking command in '/home/arno/RoombaV2Onboard/src/roombav2': PYTHONPATH=/home/arno/RoombaV2Onboard/build/roombav2/prefix_override:/usr/lib/python3/dist-packages/colcon_core/task/python/colcon_distutils_commands:/home/arno/RoombaV2Onboard/install/roombav2/lib/python3.10/site-packages:${PYTHONPATH} /usr/bin/python3 -W ignore:setup.py install is deprecated setup.py egg_info --egg-base ../../build/roombav2 build --build-base /home/arno/RoombaV2Onboard/build/roombav2/build install --record /home/arno/RoombaV2Onboard/build/roombav2/install.log --single-version-externally-managed install_data
[1.866s] running egg_info
[1.867s] writing ../../build/roombav2/roombav2.egg-info/PKG-INFO
[1.867s] writing dependency_links to ../../build/roombav2/roombav2.egg-info/dependency_links.txt
[1.868s] writing entry points to ../../build/roombav2/roombav2.egg-info/entry_points.txt
[1.868s] writing requirements to ../../build/roombav2/roombav2.egg-info/requires.txt
[1.868s] writing top-level names to ../../build/roombav2/roombav2.egg-info/top_level.txt
[1.872s] reading manifest file '../../build/roombav2/roombav2.egg-info/SOURCES.txt'
[1.873s] writing manifest file '../../build/roombav2/roombav2.egg-info/SOURCES.txt'
[1.874s] running build
[1.874s] running build_py
[1.875s] copying roombav2/joystick_motor_controller.py -> /home/arno/RoombaV2Onboard/build/roombav2/build/lib/roombav2
[1.875s] running install
[1.875s] running install_lib
[1.876s] copying /home/arno/RoombaV2Onboard/build/roombav2/build/lib/roombav2/joystick_motor_controller.py -> /home/arno/RoombaV2Onboard/install/roombav2/lib/python3.10/site-packages/roombav2
[1.878s] byte-compiling /home/arno/RoombaV2Onboard/install/roombav2/lib/python3.10/site-packages/roombav2/joystick_motor_controller.py to joystick_motor_controller.cpython-310.pyc
[1.881s] running install_data
[1.881s] copying roombav2/joystick_motor_controller.py -> /home/arno/RoombaV2Onboard/install/roombav2/share/roombav2
[1.882s] running install_egg_info
[1.885s] removing '/home/arno/RoombaV2Onboard/install/roombav2/lib/python3.10/site-packages/roombav2-0.0.0-py3.10.egg-info' (and everything under it)
[1.885s] Copying ../../build/roombav2/roombav2.egg-info to /home/arno/RoombaV2Onboard/install/roombav2/lib/python3.10/site-packages/roombav2-0.0.0-py3.10.egg-info
[1.887s] running install_scripts
[1.930s] Installing encoder_reader script to /home/arno/RoombaV2Onboard/install/roombav2/lib/roombav2
[1.930s] Installing joystick_motor_controller script to /home/arno/RoombaV2Onboard/install/roombav2/lib/roombav2
[1.930s] Installing nav2_motor_controller script to /home/arno/RoombaV2Onboard/install/roombav2/lib/roombav2
[1.930s] Installing pwm_open_loop script to /home/arno/RoombaV2Onboard/install/roombav2/lib/roombav2
[1.931s] Installing system_info script to /home/arno/RoombaV2Onboard/install/roombav2/lib/roombav2
[1.932s] writing list of installed files to '/home/arno/RoombaV2Onboard/build/roombav2/install.log'
[1.966s] Invoked command in '/home/arno/RoombaV2Onboard/src/roombav2' returned '0': PYTHONPATH=/home/arno/RoombaV2Onboard/build/roombav2/prefix_override:/usr/lib/python3/dist-packages/colcon_core/task/python/colcon_distutils_commands:/home/arno/RoombaV2Onboard/install/roombav2/lib/python3.10/site-packages:${PYTHONPATH} /usr/bin/python3 -W ignore:setup.py install is deprecated setup.py egg_info --egg-base ../../build/roombav2 build --build-base /home/arno/RoombaV2Onboard/build/roombav2/build install --record /home/arno/RoombaV2Onboard/build/roombav2/install.log --single-version-externally-managed install_data
