/home/arno/RoombaV2Onboard/install/roombav2/lib/python3.10/site-packages/roombav2/encoder_reader.py
/home/arno/RoombaV2Onboard/install/roombav2/lib/python3.10/site-packages/roombav2/__init__.py
/home/arno/RoombaV2Onboard/install/roombav2/lib/python3.10/site-packages/roombav2/joystick_motor_controller.py
/home/arno/RoombaV2Onboard/install/roombav2/lib/python3.10/site-packages/roombav2/nav2_motor_controller.py
/home/arno/RoombaV2Onboard/install/roombav2/lib/python3.10/site-packages/roombav2/__pycache__/encoder_reader.cpython-310.pyc
/home/arno/RoombaV2Onboard/install/roombav2/lib/python3.10/site-packages/roombav2/__pycache__/__init__.cpython-310.pyc
/home/arno/RoombaV2Onboard/install/roombav2/lib/python3.10/site-packages/roombav2/__pycache__/joystick_motor_controller.cpython-310.pyc
/home/arno/RoombaV2Onboard/install/roombav2/lib/python3.10/site-packages/roombav2/__pycache__/nav2_motor_controller.cpython-310.pyc
/home/arno/RoombaV2Onboard/install/roombav2/share/ament_index/resource_index/packages/roombav2
/home/arno/RoombaV2Onboard/install/roombav2/share/roombav2/package.xml
/home/arno/RoombaV2Onboard/install/roombav2/lib/python3.10/site-packages/roombav2-0.0.0-py3.10.egg-info/SOURCES.txt
/home/arno/RoombaV2Onboard/install/roombav2/lib/python3.10/site-packages/roombav2-0.0.0-py3.10.egg-info/dependency_links.txt
/home/arno/RoombaV2Onboard/install/roombav2/lib/python3.10/site-packages/roombav2-0.0.0-py3.10.egg-info/PKG-INFO
/home/arno/RoombaV2Onboard/install/roombav2/lib/python3.10/site-packages/roombav2-0.0.0-py3.10.egg-info/requires.txt
/home/arno/RoombaV2Onboard/install/roombav2/lib/python3.10/site-packages/roombav2-0.0.0-py3.10.egg-info/entry_points.txt
/home/arno/RoombaV2Onboard/install/roombav2/lib/python3.10/site-packages/roombav2-0.0.0-py3.10.egg-info/zip-safe
/home/arno/RoombaV2Onboard/install/roombav2/lib/python3.10/site-packages/roombav2-0.0.0-py3.10.egg-info/top_level.txt
/home/arno/RoombaV2Onboard/install/roombav2/lib/roombav2/encoder_reader
/home/arno/RoombaV2Onboard/install/roombav2/lib/roombav2/joystick_motor_controller
/home/arno/RoombaV2Onboard/install/roombav2/lib/roombav2/nav2_motor_controller
