[1.373s] Invoking command in '/home/arno/RoombaV2Onboard/src/rover_stream': PYTHONPATH=/home/arno/RoombaV2Onboard/build/rover_stream/prefix_override:/usr/lib/python3/dist-packages/colcon_core/task/python/colcon_distutils_commands:/home/arno/RoombaV2Onboard/install/rover_stream/lib/python3.10/site-packages:${PYTHONPATH} /usr/bin/python3 -W ignore:setup.py install is deprecated setup.py egg_info --egg-base ../../build/rover_stream build --build-base /home/arno/RoombaV2Onboard/build/rover_stream/build install --record /home/arno/RoombaV2Onboard/build/rover_stream/install.log --single-version-externally-managed install_data
[1.733s] running egg_info
[1.734s] writing ../../build/rover_stream/rover_stream.egg-info/PKG-INFO
[1.734s] writing dependency_links to ../../build/rover_stream/rover_stream.egg-info/dependency_links.txt
[1.734s] writing entry points to ../../build/rover_stream/rover_stream.egg-info/entry_points.txt
[1.735s] writing requirements to ../../build/rover_stream/rover_stream.egg-info/requires.txt
[1.735s] writing top-level names to ../../build/rover_stream/rover_stream.egg-info/top_level.txt
[1.737s] reading manifest file '../../build/rover_stream/rover_stream.egg-info/SOURCES.txt'
[1.738s] writing manifest file '../../build/rover_stream/rover_stream.egg-info/SOURCES.txt'
[1.739s] running build
[1.739s] running build_py
[1.739s] running install
[1.739s] running install_lib
[1.741s] running install_data
[1.741s] running install_egg_info
[1.743s] removing '/home/arno/RoombaV2Onboard/install/rover_stream/lib/python3.10/site-packages/rover_stream-0.0.0-py3.10.egg-info' (and everything under it)
[1.744s] Copying ../../build/rover_stream/rover_stream.egg-info to /home/arno/RoombaV2Onboard/install/rover_stream/lib/python3.10/site-packages/rover_stream-0.0.0-py3.10.egg-info
[1.745s] running install_scripts
[1.778s] Installing webrtc_streamer script to /home/arno/RoombaV2Onboard/install/rover_stream/lib/rover_stream
[1.779s] writing list of installed files to '/home/arno/RoombaV2Onboard/build/rover_stream/install.log'
[1.812s] Invoked command in '/home/arno/RoombaV2Onboard/src/rover_stream' returned '0': PYTHONPATH=/home/arno/RoombaV2Onboard/build/rover_stream/prefix_override:/usr/lib/python3/dist-packages/colcon_core/task/python/colcon_distutils_commands:/home/arno/RoombaV2Onboard/install/rover_stream/lib/python3.10/site-packages:${PYTHONPATH} /usr/bin/python3 -W ignore:setup.py install is deprecated setup.py egg_info --egg-base ../../build/rover_stream build --build-base /home/arno/RoombaV2Onboard/build/rover_stream/build install --record /home/arno/RoombaV2Onboard/build/rover_stream/install.log --single-version-externally-managed install_data
