[1.387s] Invoking command in '/home/arno/RoombaV2Onboard/src/mode_manager': PYTHONPATH=/home/arno/RoombaV2Onboard/build/mode_manager/prefix_override:/usr/lib/python3/dist-packages/colcon_core/task/python/colcon_distutils_commands:/home/arno/RoombaV2Onboard/install/mode_manager/lib/python3.10/site-packages:${PYTHONPATH} /usr/bin/python3 -W ignore:setup.py install is deprecated setup.py egg_info --egg-base ../../build/mode_manager build --build-base /home/arno/RoombaV2Onboard/build/mode_manager/build install --record /home/arno/RoombaV2Onboard/build/mode_manager/install.log --single-version-externally-managed install_data
[1.709s] running egg_info
[1.710s] writing ../../build/mode_manager/mode_manager.egg-info/PKG-INFO
[1.710s] writing dependency_links to ../../build/mode_manager/mode_manager.egg-info/dependency_links.txt
[1.710s] writing entry points to ../../build/mode_manager/mode_manager.egg-info/entry_points.txt
[1.710s] writing requirements to ../../build/mode_manager/mode_manager.egg-info/requires.txt
[1.710s] writing top-level names to ../../build/mode_manager/mode_manager.egg-info/top_level.txt
[1.714s] reading manifest file '../../build/mode_manager/mode_manager.egg-info/SOURCES.txt'
[1.715s] writing manifest file '../../build/mode_manager/mode_manager.egg-info/SOURCES.txt'
[1.715s] running build
[1.715s] running build_py
[1.715s] running install
[1.716s] running install_lib
[1.717s] running install_data
[1.718s] running install_egg_info
[1.720s] removing '/home/arno/RoombaV2Onboard/install/mode_manager/lib/python3.10/site-packages/mode_manager-0.0.0-py3.10.egg-info' (and everything under it)
[1.721s] Copying ../../build/mode_manager/mode_manager.egg-info to /home/arno/RoombaV2Onboard/install/mode_manager/lib/python3.10/site-packages/mode_manager-0.0.0-py3.10.egg-info
[1.722s] running install_scripts
[1.751s] Installing mode_manager script to /home/arno/RoombaV2Onboard/install/mode_manager/lib/mode_manager
[1.752s] writing list of installed files to '/home/arno/RoombaV2Onboard/build/mode_manager/install.log'
[1.784s] Invoked command in '/home/arno/RoombaV2Onboard/src/mode_manager' returned '0': PYTHONPATH=/home/arno/RoombaV2Onboard/build/mode_manager/prefix_override:/usr/lib/python3/dist-packages/colcon_core/task/python/colcon_distutils_commands:/home/arno/RoombaV2Onboard/install/mode_manager/lib/python3.10/site-packages:${PYTHONPATH} /usr/bin/python3 -W ignore:setup.py install is deprecated setup.py egg_info --egg-base ../../build/mode_manager build --build-base /home/arno/RoombaV2Onboard/build/mode_manager/build install --record /home/arno/RoombaV2Onboard/build/mode_manager/install.log --single-version-externally-managed install_data
