[1.377s] Invoking command in '/home/arno/RoombaV2Onboard/src/rover_stream': PYTHONPATH=/home/arno/RoombaV2Onboard/build/rover_stream/prefix_override:/usr/lib/python3/dist-packages/colcon_core/task/python/colcon_distutils_commands:/home/arno/RoombaV2Onboard/install/rover_stream/lib/python3.10/site-packages:${PYTHONPATH} /usr/bin/python3 -W ignore:setup.py install is deprecated setup.py egg_info --egg-base ../../build/rover_stream build --build-base /home/arno/RoombaV2Onboard/build/rover_stream/build install --record /home/arno/RoombaV2Onboard/build/rover_stream/install.log --single-version-externally-managed install_data
[1.751s] running egg_info
[1.752s] writing ../../build/rover_stream/rover_stream.egg-info/PKG-INFO
[1.752s] writing dependency_links to ../../build/rover_stream/rover_stream.egg-info/dependency_links.txt
[1.752s] writing entry points to ../../build/rover_stream/rover_stream.egg-info/entry_points.txt
[1.752s] writing requirements to ../../build/rover_stream/rover_stream.egg-info/requires.txt
[1.753s] writing top-level names to ../../build/rover_stream/rover_stream.egg-info/top_level.txt
[1.755s] reading manifest file '../../build/rover_stream/rover_stream.egg-info/SOURCES.txt'
[1.756s] writing manifest file '../../build/rover_stream/rover_stream.egg-info/SOURCES.txt'
[1.757s] running build
[1.757s] running build_py
[1.757s] running install
[1.758s] running install_lib
[1.759s] running install_data
[1.760s] running install_egg_info
[1.762s] removing '/home/arno/RoombaV2Onboard/install/rover_stream/lib/python3.10/site-packages/rover_stream-0.0.0-py3.10.egg-info' (and everything under it)
[1.763s] Copying ../../build/rover_stream/rover_stream.egg-info to /home/arno/RoombaV2Onboard/install/rover_stream/lib/python3.10/site-packages/rover_stream-0.0.0-py3.10.egg-info
[1.764s] running install_scripts
[1.796s] Installing webrtc_streamer script to /home/arno/RoombaV2Onboard/install/rover_stream/lib/rover_stream
[1.796s] writing list of installed files to '/home/arno/RoombaV2Onboard/build/rover_stream/install.log'
[1.833s] Invoked command in '/home/arno/RoombaV2Onboard/src/rover_stream' returned '0': PYTHONPATH=/home/arno/RoombaV2Onboard/build/rover_stream/prefix_override:/usr/lib/python3/dist-packages/colcon_core/task/python/colcon_distutils_commands:/home/arno/RoombaV2Onboard/install/rover_stream/lib/python3.10/site-packages:${PYTHONPATH} /usr/bin/python3 -W ignore:setup.py install is deprecated setup.py egg_info --egg-base ../../build/rover_stream build --build-base /home/arno/RoombaV2Onboard/build/rover_stream/build install --record /home/arno/RoombaV2Onboard/build/rover_stream/install.log --single-version-externally-managed install_data
