[5.587s] Invoking command in '/home/arno/RoombaV2Onboard/build/roombav2': PYTHONPATH=/home/arno/RoombaV2Onboard/build/roombav2/prefix_override:/usr/lib/python3/dist-packages/colcon_core/task/python/colcon_distutils_commands:/home/arno/RoombaV2Onboard/install/roombav2/lib/python3.10/site-packages:${PYTHONPATH} /usr/bin/python3 -W ignore:setup.py install is deprecated setup.py develop --editable --build-directory /home/arno/RoombaV2Onboard/build/roombav2/build --no-deps symlink_data
[6.993s] running develop
[6.995s] /usr/lib/python3/dist-packages/setuptools/command/easy_install.py:158: EasyInstallDeprecationWarning: easy_install command is deprecated. Use build and pip and other standards-based tools.
[6.996s]   warnings.warn(
[7.935s] running egg_info
[7.938s] writing roombav2.egg-info/PKG-INFO
[7.942s] writing dependency_links to roombav2.egg-info/dependency_links.txt
[7.945s] writing entry points to roombav2.egg-info/entry_points.txt
[7.948s] writing requirements to roombav2.egg-info/requires.txt
[7.951s] writing top-level names to roombav2.egg-info/top_level.txt
[7.970s] reading manifest file 'roombav2.egg-info/SOURCES.txt'
[7.978s] writing manifest file 'roombav2.egg-info/SOURCES.txt'
[7.991s] running build_ext
[7.993s] Creating /home/arno/RoombaV2Onboard/install/roombav2/lib/python3.10/site-packages/roombav2.egg-link (link to .)
[8.002s] Installing encoder_reader script to /home/arno/RoombaV2Onboard/install/roombav2/lib/roombav2
[8.003s] Installing joystick_motor_controller script to /home/arno/RoombaV2Onboard/install/roombav2/lib/roombav2
[8.006s] Installing nav2_motor_controller script to /home/arno/RoombaV2Onboard/install/roombav2/lib/roombav2
[8.009s] 
[8.011s] Installed /home/arno/RoombaV2Onboard/build/roombav2
[8.012s] running symlink_data
[8.216s] Invoked command in '/home/arno/RoombaV2Onboard/build/roombav2' returned '0': PYTHONPATH=/home/arno/RoombaV2Onboard/build/roombav2/prefix_override:/usr/lib/python3/dist-packages/colcon_core/task/python/colcon_distutils_commands:/home/arno/RoombaV2Onboard/install/roombav2/lib/python3.10/site-packages:${PYTHONPATH} /usr/bin/python3 -W ignore:setup.py install is deprecated setup.py develop --editable --build-directory /home/arno/RoombaV2Onboard/build/roombav2/build --no-deps symlink_data
