[6.204s] Invoking command in '/home/arno/RoombaV2Onboard/src/mode_manager': PYTHONPATH=/home/arno/RoombaV2Onboard/build/mode_manager/prefix_override:/usr/lib/python3/dist-packages/colcon_core/task/python/colcon_distutils_commands:/home/arno/RoombaV2Onboard/install/mode_manager/lib/python3.10/site-packages:${PYTHONPATH} /usr/bin/python3 -W ignore:setup.py install is deprecated setup.py egg_info --egg-base ../../build/mode_manager build --build-base /home/arno/RoombaV2Onboard/build/mode_manager/build install --record /home/arno/RoombaV2Onboard/build/mode_manager/install.log --single-version-externally-managed install_data
[7.635s] running egg_info
[7.638s] creating ../../build/mode_manager/mode_manager.egg-info
[7.639s] writing ../../build/mode_manager/mode_manager.egg-info/PKG-INFO
[7.642s] writing dependency_links to ../../build/mode_manager/mode_manager.egg-info/dependency_links.txt
[7.645s] writing entry points to ../../build/mode_manager/mode_manager.egg-info/entry_points.txt
[7.647s] writing requirements to ../../build/mode_manager/mode_manager.egg-info/requires.txt
[7.649s] writing top-level names to ../../build/mode_manager/mode_manager.egg-info/top_level.txt
[7.653s] writing manifest file '../../build/mode_manager/mode_manager.egg-info/SOURCES.txt'
[7.667s] reading manifest file '../../build/mode_manager/mode_manager.egg-info/SOURCES.txt'
[7.677s] writing manifest file '../../build/mode_manager/mode_manager.egg-info/SOURCES.txt'
[7.678s] running build
[7.679s] running build_py
[7.682s] creating /home/arno/RoombaV2Onboard/build/mode_manager/build
[7.683s] creating /home/arno/RoombaV2Onboard/build/mode_manager/build/lib
[7.684s] creating /home/arno/RoombaV2Onboard/build/mode_manager/build/lib/mode_manager
[7.685s] copying mode_manager/__init__.py -> /home/arno/RoombaV2Onboard/build/mode_manager/build/lib/mode_manager
[7.685s] copying mode_manager/mode_manager.py -> /home/arno/RoombaV2Onboard/build/mode_manager/build/lib/mode_manager
[7.689s] running install
[7.693s] running install_lib
[7.694s] creating /home/arno/RoombaV2Onboard/install/mode_manager/lib/python3.10/site-packages/mode_manager
[7.695s] copying /home/arno/RoombaV2Onboard/build/mode_manager/build/lib/mode_manager/__init__.py -> /home/arno/RoombaV2Onboard/install/mode_manager/lib/python3.10/site-packages/mode_manager
[7.696s] copying /home/arno/RoombaV2Onboard/build/mode_manager/build/lib/mode_manager/mode_manager.py -> /home/arno/RoombaV2Onboard/install/mode_manager/lib/python3.10/site-packages/mode_manager
[7.709s] byte-compiling /home/arno/RoombaV2Onboard/install/mode_manager/lib/python3.10/site-packages/mode_manager/__init__.py to __init__.cpython-310.pyc
[7.711s] byte-compiling /home/arno/RoombaV2Onboard/install/mode_manager/lib/python3.10/site-packages/mode_manager/mode_manager.py to mode_manager.cpython-310.pyc
[7.713s] running install_data
[7.714s] creating /home/arno/RoombaV2Onboard/install/mode_manager/share/ament_index
[7.715s] creating /home/arno/RoombaV2Onboard/install/mode_manager/share/ament_index/resource_index
[7.715s] creating /home/arno/RoombaV2Onboard/install/mode_manager/share/ament_index/resource_index/packages
[7.716s] copying resource/mode_manager -> /home/arno/RoombaV2Onboard/install/mode_manager/share/ament_index/resource_index/packages
[7.717s] copying package.xml -> /home/arno/RoombaV2Onboard/install/mode_manager/share/mode_manager
[7.718s] running install_egg_info
[7.730s] Copying ../../build/mode_manager/mode_manager.egg-info to /home/arno/RoombaV2Onboard/install/mode_manager/lib/python3.10/site-packages/mode_manager-0.0.0-py3.10.egg-info
[7.753s] running install_scripts
[7.859s] Installing mode_manager script to /home/arno/RoombaV2Onboard/install/mode_manager/lib/mode_manager
[7.861s] writing list of installed files to '/home/arno/RoombaV2Onboard/build/mode_manager/install.log'
[8.113s] Invoked command in '/home/arno/RoombaV2Onboard/src/mode_manager' returned '0': PYTHONPATH=/home/arno/RoombaV2Onboard/build/mode_manager/prefix_override:/usr/lib/python3/dist-packages/colcon_core/task/python/colcon_distutils_commands:/home/arno/RoombaV2Onboard/install/mode_manager/lib/python3.10/site-packages:${PYTHONPATH} /usr/bin/python3 -W ignore:setup.py install is deprecated setup.py egg_info --egg-base ../../build/mode_manager build --build-base /home/arno/RoombaV2Onboard/build/mode_manager/build install --record /home/arno/RoombaV2Onboard/build/mode_manager/install.log --single-version-externally-managed install_data
