-- Found ament_cmake: 1.3.10 (/opt/ros/humble/share/ament_cmake/cmake)
-- Found ament_lint_auto: 0.12.11 (/opt/ros/humble/share/ament_lint_auto/cmake)
-- Added test 'copyright' to check source files copyright and LICENSE
-- Added test 'flake8' to check Python code syntax and style conventions
-- Added test 'lint_cmake' to check CMake code style
-- Added test 'pep257' to check Python code against some of the docstring style conventions in PEP 257
-- Added test 'xmllint' to check XML markup files
-- Configuring done
-- Generating done
-- Build files have been written to: /home/arno/RoombaV2Onboard/build/microver_dusty
-- Install configuration: ""
-- Up-to-date: /home/arno/RoombaV2Onboard/install/microver_dusty/share/microver_dusty/config
-- Up-to-date: /home/arno/RoombaV2Onboard/install/microver_dusty/share/microver_dusty/config/ekf.yaml
-- Up-to-date: /home/arno/RoombaV2Onboard/install/microver_dusty/share/microver_dusty/launch
[31mCMake Error at cmake_install.cmake:46 (file):
  file INSTALL cannot find
  "/home/arno/RoombaV2Onboard/src/microver_dusty/maps": No such file or
  directory.

[0m
-- Up-to-date: /home/arno/RoombaV2Onboard/install/microver_dusty/share/microver_dusty/launch/microver.launch.py
