[3.382s] Invoking command in '/home/arno/RoombaV2Onboard/src/roombav2': PYTHONPATH=/home/arno/RoombaV2Onboard/build/roombav2/prefix_override:/usr/lib/python3/dist-packages/colcon_core/task/python/colcon_distutils_commands:/home/arno/RoombaV2Onboard/install/roombav2/lib/python3.10/site-packages:${PYTHONPATH} /usr/bin/python3 -W ignore:setup.py install is deprecated setup.py egg_info --egg-base ../../build/roombav2 build --build-base /home/arno/RoombaV2Onboard/build/roombav2/build install --record /home/arno/RoombaV2Onboard/build/roombav2/install.log --single-version-externally-managed install_data
[4.398s] running egg_info
[4.401s] writing ../../build/roombav2/roombav2.egg-info/PKG-INFO
[4.402s] writing dependency_links to ../../build/roombav2/roombav2.egg-info/dependency_links.txt
[4.403s] writing entry points to ../../build/roombav2/roombav2.egg-info/entry_points.txt
[4.404s] writing requirements to ../../build/roombav2/roombav2.egg-info/requires.txt
[4.405s] writing top-level names to ../../build/roombav2/roombav2.egg-info/top_level.txt
[4.414s] reading manifest file '../../build/roombav2/roombav2.egg-info/SOURCES.txt'
[4.419s] writing manifest file '../../build/roombav2/roombav2.egg-info/SOURCES.txt'
[4.420s] running build
[4.420s] running build_py
[4.423s] running install
[4.424s] running install_lib
[4.431s] running install_data
[4.433s] copying launch/localization_launch.py -> /home/arno/RoombaV2Onboard/install/roombav2/share/roombav2/launch
[4.434s] copying launch/navigation_launch.py -> /home/arno/RoombaV2Onboard/install/roombav2/share/roombav2/launch
[4.437s] running install_egg_info
[4.445s] removing '/home/arno/RoombaV2Onboard/install/roombav2/lib/python3.10/site-packages/roombav2-0.0.0-py3.10.egg-info' (and everything under it)
[4.446s] Copying ../../build/roombav2/roombav2.egg-info to /home/arno/RoombaV2Onboard/install/roombav2/lib/python3.10/site-packages/roombav2-0.0.0-py3.10.egg-info
[4.452s] running install_scripts
[4.532s] Installing encoder_reader script to /home/arno/RoombaV2Onboard/install/roombav2/lib/roombav2
[4.533s] Installing joystick_motor_controller script to /home/arno/RoombaV2Onboard/install/roombav2/lib/roombav2
[4.534s] Installing nav2_motor_controller script to /home/arno/RoombaV2Onboard/install/roombav2/lib/roombav2
[4.535s] Installing pwm_open_loop script to /home/arno/RoombaV2Onboard/install/roombav2/lib/roombav2
[4.536s] Installing system_info script to /home/arno/RoombaV2Onboard/install/roombav2/lib/roombav2
[4.538s] writing list of installed files to '/home/arno/RoombaV2Onboard/build/roombav2/install.log'
[4.647s] Invoked command in '/home/arno/RoombaV2Onboard/src/roombav2' returned '0': PYTHONPATH=/home/arno/RoombaV2Onboard/build/roombav2/prefix_override:/usr/lib/python3/dist-packages/colcon_core/task/python/colcon_distutils_commands:/home/arno/RoombaV2Onboard/install/roombav2/lib/python3.10/site-packages:${PYTHONPATH} /usr/bin/python3 -W ignore:setup.py install is deprecated setup.py egg_info --egg-base ../../build/roombav2 build --build-base /home/arno/RoombaV2Onboard/build/roombav2/build install --record /home/arno/RoombaV2Onboard/build/roombav2/install.log --single-version-externally-managed install_data
