[5.721s] Invoking command in '/home/arno/RoombaV2Onboard/src/RoverReceive': PYTHONPATH=/home/arno/RoombaV2Onboard/build/RoverReceive/prefix_override:/usr/lib/python3/dist-packages/colcon_core/task/python/colcon_distutils_commands:/home/arno/RoombaV2Onboard/install/RoverReceive/lib/python3.10/site-packages:${PYTHONPATH} /usr/bin/python3 -W ignore:setup.py install is deprecated setup.py egg_info --egg-base ../../build/RoverReceive build --build-base /home/arno/RoombaV2Onboard/build/RoverReceive/build install --record /home/arno/RoombaV2Onboard/build/RoverReceive/install.log --single-version-externally-managed install_data
[6.986s] running egg_info
[6.989s] writing ../../build/RoverReceive/RoverReceive.egg-info/PKG-INFO
[6.992s] writing dependency_links to ../../build/RoverReceive/RoverReceive.egg-info/dependency_links.txt
[6.994s] writing entry points to ../../build/RoverReceive/RoverReceive.egg-info/entry_points.txt
[6.996s] writing requirements to ../../build/RoverReceive/RoverReceive.egg-info/requires.txt
[6.997s] writing top-level names to ../../build/RoverReceive/RoverReceive.egg-info/top_level.txt
[7.006s] reading manifest file '../../build/RoverReceive/RoverReceive.egg-info/SOURCES.txt'
[7.008s] adding license file 'LICENSE'
[7.012s] writing manifest file '../../build/RoverReceive/RoverReceive.egg-info/SOURCES.txt'
[7.013s] running build
[7.013s] running build_py
[7.017s] running install
[7.018s] running install_lib
[7.026s] running install_data
[7.028s] running install_egg_info
[7.036s] removing '/home/arno/RoombaV2Onboard/install/RoverReceive/lib/python3.10/site-packages/RoverReceive-0.0.0-py3.10.egg-info' (and everything under it)
[7.039s] Copying ../../build/RoverReceive/RoverReceive.egg-info to /home/arno/RoombaV2Onboard/install/RoverReceive/lib/python3.10/site-packages/RoverReceive-0.0.0-py3.10.egg-info
[7.048s] running install_scripts
[7.147s] Installing receive_node script to /home/arno/RoombaV2Onboard/install/RoverReceive/lib/RoverReceive
[7.149s] writing list of installed files to '/home/arno/RoombaV2Onboard/build/RoverReceive/install.log'
[7.358s] Invoked command in '/home/arno/RoombaV2Onboard/src/RoverReceive' returned '0': PYTHONPATH=/home/arno/RoombaV2Onboard/build/RoverReceive/prefix_override:/usr/lib/python3/dist-packages/colcon_core/task/python/colcon_distutils_commands:/home/arno/RoombaV2Onboard/install/RoverReceive/lib/python3.10/site-packages:${PYTHONPATH} /usr/bin/python3 -W ignore:setup.py install is deprecated setup.py egg_info --egg-base ../../build/RoverReceive build --build-base /home/arno/RoombaV2Onboard/build/RoverReceive/build install --record /home/arno/RoombaV2Onboard/build/RoverReceive/install.log --single-version-externally-managed install_data
