[1.814s] Invoking command in '/home/arno/RoombaV2Onboard/src/mode_manager': PYTHONPATH=/home/arno/RoombaV2Onboard/build/mode_manager/prefix_override:/usr/lib/python3/dist-packages/colcon_core/task/python/colcon_distutils_commands:/home/arno/RoombaV2Onboard/install/mode_manager/lib/python3.10/site-packages:${PYTHONPATH} /usr/bin/python3 -W ignore:setup.py install is deprecated setup.py egg_info --egg-base ../../build/mode_manager build --build-base /home/arno/RoombaV2Onboard/build/mode_manager/build install --record /home/arno/RoombaV2Onboard/build/mode_manager/install.log --single-version-externally-managed install_data
[2.193s] running egg_info
[2.194s] writing ../../build/mode_manager/mode_manager.egg-info/PKG-INFO
[2.194s] writing dependency_links to ../../build/mode_manager/mode_manager.egg-info/dependency_links.txt
[2.195s] writing entry points to ../../build/mode_manager/mode_manager.egg-info/entry_points.txt
[2.195s] writing requirements to ../../build/mode_manager/mode_manager.egg-info/requires.txt
[2.195s] writing top-level names to ../../build/mode_manager/mode_manager.egg-info/top_level.txt
[2.199s] reading manifest file '../../build/mode_manager/mode_manager.egg-info/SOURCES.txt'
[2.200s] writing manifest file '../../build/mode_manager/mode_manager.egg-info/SOURCES.txt'
[2.201s] running build
[2.201s] running build_py
[2.201s] running install
[2.202s] running install_lib
[2.203s] running install_data
[2.204s] running install_egg_info
[2.206s] removing '/home/arno/RoombaV2Onboard/install/mode_manager/lib/python3.10/site-packages/mode_manager-0.0.0-py3.10.egg-info' (and everything under it)
[2.206s] Copying ../../build/mode_manager/mode_manager.egg-info to /home/arno/RoombaV2Onboard/install/mode_manager/lib/python3.10/site-packages/mode_manager-0.0.0-py3.10.egg-info
[2.207s] running install_scripts
[2.239s] Installing mode_manager script to /home/arno/RoombaV2Onboard/install/mode_manager/lib/mode_manager
[2.240s] writing list of installed files to '/home/arno/RoombaV2Onboard/build/mode_manager/install.log'
[2.280s] Invoked command in '/home/arno/RoombaV2Onboard/src/mode_manager' returned '0': PYTHONPATH=/home/arno/RoombaV2Onboard/build/mode_manager/prefix_override:/usr/lib/python3/dist-packages/colcon_core/task/python/colcon_distutils_commands:/home/arno/RoombaV2Onboard/install/mode_manager/lib/python3.10/site-packages:${PYTHONPATH} /usr/bin/python3 -W ignore:setup.py install is deprecated setup.py egg_info --egg-base ../../build/mode_manager build --build-base /home/arno/RoombaV2Onboard/build/mode_manager/build install --record /home/arno/RoombaV2Onboard/build/mode_manager/install.log --single-version-externally-managed install_data
