[1.459s] Invoking command in '/home/arno/RoombaV2Onboard/src/mode_manager': PYTHONPATH=/home/arno/RoombaV2Onboard/build/mode_manager/prefix_override:/usr/lib/python3/dist-packages/colcon_core/task/python/colcon_distutils_commands:/home/arno/RoombaV2Onboard/install/mode_manager/lib/python3.10/site-packages:${PYTHONPATH} /usr/bin/python3 -W ignore:setup.py install is deprecated setup.py egg_info --egg-base ../../build/mode_manager build --build-base /home/arno/RoombaV2Onboard/build/mode_manager/build install --record /home/arno/RoombaV2Onboard/build/mode_manager/install.log --single-version-externally-managed install_data
[1.785s] running egg_info
[1.786s] writing ../../build/mode_manager/mode_manager.egg-info/PKG-INFO
[1.786s] writing dependency_links to ../../build/mode_manager/mode_manager.egg-info/dependency_links.txt
[1.787s] writing entry points to ../../build/mode_manager/mode_manager.egg-info/entry_points.txt
[1.787s] writing requirements to ../../build/mode_manager/mode_manager.egg-info/requires.txt
[1.787s] writing top-level names to ../../build/mode_manager/mode_manager.egg-info/top_level.txt
[1.793s] reading manifest file '../../build/mode_manager/mode_manager.egg-info/SOURCES.txt'
[1.794s] writing manifest file '../../build/mode_manager/mode_manager.egg-info/SOURCES.txt'
[1.794s] running build
[1.794s] running build_py
[1.795s] running install
[1.795s] running install_lib
[1.797s] running install_data
[1.798s] running install_egg_info
[1.801s] removing '/home/arno/RoombaV2Onboard/install/mode_manager/lib/python3.10/site-packages/mode_manager-0.0.0-py3.10.egg-info' (and everything under it)
[1.802s] Copying ../../build/mode_manager/mode_manager.egg-info to /home/arno/RoombaV2Onboard/install/mode_manager/lib/python3.10/site-packages/mode_manager-0.0.0-py3.10.egg-info
[1.803s] running install_scripts
[1.844s] Installing mode_manager script to /home/arno/RoombaV2Onboard/install/mode_manager/lib/mode_manager
[1.845s] writing list of installed files to '/home/arno/RoombaV2Onboard/build/mode_manager/install.log'
[1.879s] Invoked command in '/home/arno/RoombaV2Onboard/src/mode_manager' returned '0': PYTHONPATH=/home/arno/RoombaV2Onboard/build/mode_manager/prefix_override:/usr/lib/python3/dist-packages/colcon_core/task/python/colcon_distutils_commands:/home/arno/RoombaV2Onboard/install/mode_manager/lib/python3.10/site-packages:${PYTHONPATH} /usr/bin/python3 -W ignore:setup.py install is deprecated setup.py egg_info --egg-base ../../build/mode_manager build --build-base /home/arno/RoombaV2Onboard/build/mode_manager/build install --record /home/arno/RoombaV2Onboard/build/mode_manager/install.log --single-version-externally-managed install_data
