[5.720s] Invoking command in '/home/arno/RoombaV2Onboard/src/RoverReceive': PYTHONPATH=/home/arno/RoombaV2Onboard/build/RoverReceive/prefix_override:/usr/lib/python3/dist-packages/colcon_core/task/python/colcon_distutils_commands:/home/arno/RoombaV2Onboard/install/RoverReceive/lib/python3.10/site-packages:${PYTHONPATH} /usr/bin/python3 -W ignore:setup.py install is deprecated setup.py egg_info --egg-base ../../build/RoverReceive build --build-base /home/arno/RoombaV2Onboard/build/RoverReceive/build install --record /home/arno/RoombaV2Onboard/build/RoverReceive/install.log --single-version-externally-managed install_data
[7.012s] running egg_info
[7.015s] writing ../../build/RoverReceive/RoverReceive.egg-info/PKG-INFO
[7.019s] writing dependency_links to ../../build/RoverReceive/RoverReceive.egg-info/dependency_links.txt
[7.021s] writing entry points to ../../build/RoverReceive/RoverReceive.egg-info/entry_points.txt
[7.022s] writing requirements to ../../build/RoverReceive/RoverReceive.egg-info/requires.txt
[7.023s] writing top-level names to ../../build/RoverReceive/RoverReceive.egg-info/top_level.txt
[7.033s] reading manifest file '../../build/RoverReceive/RoverReceive.egg-info/SOURCES.txt'
[7.035s] adding license file 'LICENSE'
[7.039s] writing manifest file '../../build/RoverReceive/RoverReceive.egg-info/SOURCES.txt'
[7.040s] running build
[7.041s] running build_py
[7.043s] running install
[7.047s] running install_lib
[7.051s] running install_data
[7.053s] running install_egg_info
[7.061s] removing '/home/arno/RoombaV2Onboard/install/RoverReceive/lib/python3.10/site-packages/RoverReceive-0.0.0-py3.10.egg-info' (and everything under it)
[7.064s] Copying ../../build/RoverReceive/RoverReceive.egg-info to /home/arno/RoombaV2Onboard/install/RoverReceive/lib/python3.10/site-packages/RoverReceive-0.0.0-py3.10.egg-info
[7.071s] running install_scripts
[7.203s] Installing receive_node script to /home/arno/RoombaV2Onboard/install/RoverReceive/lib/RoverReceive
[7.206s] writing list of installed files to '/home/arno/RoombaV2Onboard/build/RoverReceive/install.log'
[7.374s] Invoked command in '/home/arno/RoombaV2Onboard/src/RoverReceive' returned '0': PYTHONPATH=/home/arno/RoombaV2Onboard/build/RoverReceive/prefix_override:/usr/lib/python3/dist-packages/colcon_core/task/python/colcon_distutils_commands:/home/arno/RoombaV2Onboard/install/RoverReceive/lib/python3.10/site-packages:${PYTHONPATH} /usr/bin/python3 -W ignore:setup.py install is deprecated setup.py egg_info --egg-base ../../build/RoverReceive build --build-base /home/arno/RoombaV2Onboard/build/RoverReceive/build install --record /home/arno/RoombaV2Onboard/build/RoverReceive/install.log --single-version-externally-managed install_data
