[13.574s] Invoking command in '/home/arno/RoombaV2Onboard/src/rover_stream': PYTHONPATH=/home/arno/RoombaV2Onboard/build/rover_stream/prefix_override:/usr/lib/python3/dist-packages/colcon_core/task/python/colcon_distutils_commands:/home/arno/RoombaV2Onboard/install/rover_stream/lib/python3.10/site-packages:${PYTHONPATH} /usr/bin/python3 -W ignore:setup.py install is deprecated setup.py egg_info --egg-base ../../build/rover_stream build --build-base /home/arno/RoombaV2Onboard/build/rover_stream/build install --record /home/arno/RoombaV2Onboard/build/rover_stream/install.log --single-version-externally-managed install_data
[16.766s] running egg_info
[16.770s] writing ../../build/rover_stream/rover_stream.egg-info/PKG-INFO
[16.784s] writing dependency_links to ../../build/rover_stream/rover_stream.egg-info/dependency_links.txt
[16.791s] writing entry points to ../../build/rover_stream/rover_stream.egg-info/entry_points.txt
[16.792s] writing requirements to ../../build/rover_stream/rover_stream.egg-info/requires.txt
[16.796s] writing top-level names to ../../build/rover_stream/rover_stream.egg-info/top_level.txt
[16.832s] reading manifest file '../../build/rover_stream/rover_stream.egg-info/SOURCES.txt'
[16.852s] writing manifest file '../../build/rover_stream/rover_stream.egg-info/SOURCES.txt'
[16.857s] running build
[16.859s] running build_py
[16.874s] running install
[16.878s] running install_lib
[16.895s] running install_data
[16.904s] running install_egg_info
[16.935s] removing '/home/arno/RoombaV2Onboard/install/rover_stream/lib/python3.10/site-packages/rover_stream-0.0.0-py3.10.egg-info' (and everything under it)
[16.942s] Copying ../../build/rover_stream/rover_stream.egg-info to /home/arno/RoombaV2Onboard/install/rover_stream/lib/python3.10/site-packages/rover_stream-0.0.0-py3.10.egg-info
[16.962s] running install_scripts
[17.213s] Installing webrtc_streamer script to /home/arno/RoombaV2Onboard/install/rover_stream/lib/rover_stream
[17.221s] writing list of installed files to '/home/arno/RoombaV2Onboard/build/rover_stream/install.log'
[17.742s] Invoked command in '/home/arno/RoombaV2Onboard/src/rover_stream' returned '0': PYTHONPATH=/home/arno/RoombaV2Onboard/build/rover_stream/prefix_override:/usr/lib/python3/dist-packages/colcon_core/task/python/colcon_distutils_commands:/home/arno/RoombaV2Onboard/install/rover_stream/lib/python3.10/site-packages:${PYTHONPATH} /usr/bin/python3 -W ignore:setup.py install is deprecated setup.py egg_info --egg-base ../../build/rover_stream build --build-base /home/arno/RoombaV2Onboard/build/rover_stream/build install --record /home/arno/RoombaV2Onboard/build/rover_stream/install.log --single-version-externally-managed install_data
