[12.196s] Invoking command in '/home/arno/RoombaV2Onboard/src/roombav2': PYTHONPATH=/home/arno/RoombaV2Onboard/build/roombav2/prefix_override:/usr/lib/python3/dist-packages/colcon_core/task/python/colcon_distutils_commands:/home/arno/RoombaV2Onboard/install/roombav2/lib/python3.10/site-packages:${PYTHONPATH} /usr/bin/python3 -W ignore:setup.py install is deprecated setup.py egg_info --egg-base ../../build/roombav2 build --build-base /home/arno/RoombaV2Onboard/build/roombav2/build install --record /home/arno/RoombaV2Onboard/build/roombav2/install.log --single-version-externally-managed install_data
[15.849s] running egg_info
[15.855s] writing ../../build/roombav2/roombav2.egg-info/PKG-INFO
[15.872s] writing dependency_links to ../../build/roombav2/roombav2.egg-info/dependency_links.txt
[15.877s] writing entry points to ../../build/roombav2/roombav2.egg-info/entry_points.txt
[15.878s] writing requirements to ../../build/roombav2/roombav2.egg-info/requires.txt
[15.881s] writing top-level names to ../../build/roombav2/roombav2.egg-info/top_level.txt
[15.893s] reading manifest file '../../build/roombav2/roombav2.egg-info/SOURCES.txt'
[15.916s] writing manifest file '../../build/roombav2/roombav2.egg-info/SOURCES.txt'
[15.917s] running build
[15.918s] running build_py
[15.922s] running install
[15.928s] running install_lib
[15.935s] running install_data
[15.938s] copying config/slam_toolbox_params.yaml -> /home/arno/RoombaV2Onboard/install/roombav2/share/roombav2/config
[15.939s] running install_egg_info
[15.960s] removing '/home/arno/RoombaV2Onboard/install/roombav2/lib/python3.10/site-packages/roombav2-0.0.1-py3.10.egg-info' (and everything under it)
[15.964s] Copying ../../build/roombav2/roombav2.egg-info to /home/arno/RoombaV2Onboard/install/roombav2/lib/python3.10/site-packages/roombav2-0.0.1-py3.10.egg-info
[15.979s] running install_scripts
[16.201s] Installing encoder_reader script to /home/arno/RoombaV2Onboard/install/roombav2/lib/roombav2
[16.205s] Installing nav2_motor_controller script to /home/arno/RoombaV2Onboard/install/roombav2/lib/roombav2
[16.216s] writing list of installed files to '/home/arno/RoombaV2Onboard/build/roombav2/install.log'
[16.647s] Invoked command in '/home/arno/RoombaV2Onboard/src/roombav2' returned '0': PYTHONPATH=/home/arno/RoombaV2Onboard/build/roombav2/prefix_override:/usr/lib/python3/dist-packages/colcon_core/task/python/colcon_distutils_commands:/home/arno/RoombaV2Onboard/install/roombav2/lib/python3.10/site-packages:${PYTHONPATH} /usr/bin/python3 -W ignore:setup.py install is deprecated setup.py egg_info --egg-base ../../build/roombav2 build --build-base /home/arno/RoombaV2Onboard/build/roombav2/build install --record /home/arno/RoombaV2Onboard/build/roombav2/install.log --single-version-externally-managed install_data
