[13.236s] Invoking command in '/home/arno/RoombaV2Onboard/src/RoverReceive': PYTHONPATH=/home/arno/RoombaV2Onboard/build/RoverReceive/prefix_override:/usr/lib/python3/dist-packages/colcon_core/task/python/colcon_distutils_commands:/home/arno/RoombaV2Onboard/install/RoverReceive/lib/python3.10/site-packages:${PYTHONPATH} /usr/bin/python3 -W ignore:setup.py install is deprecated setup.py egg_info --egg-base ../../build/RoverReceive build --build-base /home/arno/RoombaV2Onboard/build/RoverReceive/build install --record /home/arno/RoombaV2Onboard/build/RoverReceive/install.log --single-version-externally-managed install_data
[16.827s] running egg_info
[16.834s] writing ../../build/RoverReceive/RoverReceive.egg-info/PKG-INFO
[16.839s] writing dependency_links to ../../build/RoverReceive/RoverReceive.egg-info/dependency_links.txt
[16.847s] writing entry points to ../../build/RoverReceive/RoverReceive.egg-info/entry_points.txt
[16.849s] writing requirements to ../../build/RoverReceive/RoverReceive.egg-info/requires.txt
[16.852s] writing top-level names to ../../build/RoverReceive/RoverReceive.egg-info/top_level.txt
[16.874s] reading manifest file '../../build/RoverReceive/RoverReceive.egg-info/SOURCES.txt'
[16.879s] adding license file 'LICENSE'
[16.886s] writing manifest file '../../build/RoverReceive/RoverReceive.egg-info/SOURCES.txt'
[16.888s] running build
[16.890s] running build_py
[16.909s] running install
[16.913s] running install_lib
[16.938s] running install_data
[16.945s] running install_egg_info
[16.970s] removing '/home/arno/RoombaV2Onboard/install/RoverReceive/lib/python3.10/site-packages/RoverReceive-0.0.0-py3.10.egg-info' (and everything under it)
[16.982s] Copying ../../build/RoverReceive/RoverReceive.egg-info to /home/arno/RoombaV2Onboard/install/RoverReceive/lib/python3.10/site-packages/RoverReceive-0.0.0-py3.10.egg-info
[17.004s] running install_scripts
[17.287s] Installing receive_node script to /home/arno/RoombaV2Onboard/install/RoverReceive/lib/RoverReceive
[17.300s] writing list of installed files to '/home/arno/RoombaV2Onboard/build/RoverReceive/install.log'
[17.865s] Invoked command in '/home/arno/RoombaV2Onboard/src/RoverReceive' returned '0': PYTHONPATH=/home/arno/RoombaV2Onboard/build/RoverReceive/prefix_override:/usr/lib/python3/dist-packages/colcon_core/task/python/colcon_distutils_commands:/home/arno/RoombaV2Onboard/install/RoverReceive/lib/python3.10/site-packages:${PYTHONPATH} /usr/bin/python3 -W ignore:setup.py install is deprecated setup.py egg_info --egg-base ../../build/RoverReceive build --build-base /home/arno/RoombaV2Onboard/build/RoverReceive/build install --record /home/arno/RoombaV2Onboard/build/RoverReceive/install.log --single-version-externally-managed install_data
