[5.961s] Invoking command in '/home/arno/RoombaV2Onboard/build/roombav2': PYTHONPATH=/home/arno/RoombaV2Onboard/build/roombav2/prefix_override:/usr/lib/python3/dist-packages/colcon_core/task/python/colcon_distutils_commands:/home/arno/RoombaV2Onboard/install/roombav2/lib/python3.10/site-packages:${PYTHONPATH} /usr/bin/python3 -W ignore:setup.py install is deprecated setup.py develop --editable --build-directory /home/arno/RoombaV2Onboard/build/roombav2/build --no-deps symlink_data
[8.432s] running develop
[8.437s] /usr/lib/python3/dist-packages/setuptools/command/easy_install.py:158: EasyInstallDeprecationWarning: easy_install command is deprecated. Use build and pip and other standards-based tools.
[8.438s]   warnings.warn(
[10.134s] running egg_info
[10.135s] writing roombav2.egg-info/PKG-INFO
[10.137s] writing dependency_links to roombav2.egg-info/dependency_links.txt
[10.140s] writing entry points to roombav2.egg-info/entry_points.txt
[10.141s] writing requirements to roombav2.egg-info/requires.txt
[10.143s] writing top-level names to roombav2.egg-info/top_level.txt
[10.159s] reading manifest file 'roombav2.egg-info/SOURCES.txt'
[10.168s] writing manifest file 'roombav2.egg-info/SOURCES.txt'
[10.180s] running build_ext
[10.182s] Creating /home/arno/RoombaV2Onboard/install/roombav2/lib/python3.10/site-packages/roombav2.egg-link (link to .)
[10.190s] Installing encoder_reader script to /home/arno/RoombaV2Onboard/install/roombav2/lib/roombav2
[10.192s] Installing joystick_motor_controller script to /home/arno/RoombaV2Onboard/install/roombav2/lib/roombav2
[10.194s] Installing nav2_motor_controller script to /home/arno/RoombaV2Onboard/install/roombav2/lib/roombav2
[10.197s] 
[10.198s] Installed /home/arno/RoombaV2Onboard/build/roombav2
[10.199s] running symlink_data
[10.473s] Invoked command in '/home/arno/RoombaV2Onboard/build/roombav2' returned '0': PYTHONPATH=/home/arno/RoombaV2Onboard/build/roombav2/prefix_override:/usr/lib/python3/dist-packages/colcon_core/task/python/colcon_distutils_commands:/home/arno/RoombaV2Onboard/install/roombav2/lib/python3.10/site-packages:${PYTHONPATH} /usr/bin/python3 -W ignore:setup.py install is deprecated setup.py develop --editable --build-directory /home/arno/RoombaV2Onboard/build/roombav2/build --no-deps symlink_data
