[5.723s] Invoking command in '/home/arno/RoombaV2Onboard/src/roombav2': PYTHONPATH=/home/arno/RoombaV2Onboard/build/roombav2/prefix_override:/usr/lib/python3/dist-packages/colcon_core/task/python/colcon_distutils_commands:/home/arno/RoombaV2Onboard/install/roombav2/lib/python3.10/site-packages:${PYTHONPATH} /usr/bin/python3 -W ignore:setup.py install is deprecated setup.py egg_info --egg-base ../../build/roombav2 build --build-base /home/arno/RoombaV2Onboard/build/roombav2/build install --record /home/arno/RoombaV2Onboard/build/roombav2/install.log --single-version-externally-managed install_data
[7.949s] running egg_info
[7.954s] writing ../../build/roombav2/roombav2.egg-info/PKG-INFO
[7.956s] writing dependency_links to ../../build/roombav2/roombav2.egg-info/dependency_links.txt
[7.958s] writing entry points to ../../build/roombav2/roombav2.egg-info/entry_points.txt
[7.960s] writing requirements to ../../build/roombav2/roombav2.egg-info/requires.txt
[7.961s] writing top-level names to ../../build/roombav2/roombav2.egg-info/top_level.txt
[7.977s] reading manifest file '../../build/roombav2/roombav2.egg-info/SOURCES.txt'
[7.985s] writing manifest file '../../build/roombav2/roombav2.egg-info/SOURCES.txt'
[7.986s] running build
[7.987s] running build_py
[7.991s] running install
[7.993s] running install_lib
[8.005s] running install_data
[8.006s] running install_egg_info
[8.019s] removing '/home/arno/RoombaV2Onboard/install/roombav2/lib/python3.10/site-packages/roombav2-0.0.0-py3.10.egg-info' (and everything under it)
[8.023s] Copying ../../build/roombav2/roombav2.egg-info to /home/arno/RoombaV2Onboard/install/roombav2/lib/python3.10/site-packages/roombav2-0.0.0-py3.10.egg-info
[8.033s] running install_scripts
[8.195s] Installing encoder_reader script to /home/arno/RoombaV2Onboard/install/roombav2/lib/roombav2
[8.197s] Installing joystick_motor_controller script to /home/arno/RoombaV2Onboard/install/roombav2/lib/roombav2
[8.199s] Installing nav2_motor_controller script to /home/arno/RoombaV2Onboard/install/roombav2/lib/roombav2
[8.202s] writing list of installed files to '/home/arno/RoombaV2Onboard/build/roombav2/install.log'
[8.431s] Invoked command in '/home/arno/RoombaV2Onboard/src/roombav2' returned '0': PYTHONPATH=/home/arno/RoombaV2Onboard/build/roombav2/prefix_override:/usr/lib/python3/dist-packages/colcon_core/task/python/colcon_distutils_commands:/home/arno/RoombaV2Onboard/install/roombav2/lib/python3.10/site-packages:${PYTHONPATH} /usr/bin/python3 -W ignore:setup.py install is deprecated setup.py egg_info --egg-base ../../build/roombav2 build --build-base /home/arno/RoombaV2Onboard/build/roombav2/build install --record /home/arno/RoombaV2Onboard/build/roombav2/install.log --single-version-externally-managed install_data
