running egg_info
creating ../../build/mode_manager/mode_manager.egg-info
writing ../../build/mode_manager/mode_manager.egg-info/PKG-INFO
writing dependency_links to ../../build/mode_manager/mode_manager.egg-info/dependency_links.txt
writing entry points to ../../build/mode_manager/mode_manager.egg-info/entry_points.txt
writing requirements to ../../build/mode_manager/mode_manager.egg-info/requires.txt
writing top-level names to ../../build/mode_manager/mode_manager.egg-info/top_level.txt
writing manifest file '../../build/mode_manager/mode_manager.egg-info/SOURCES.txt'
reading manifest file '../../build/mode_manager/mode_manager.egg-info/SOURCES.txt'
writing manifest file '../../build/mode_manager/mode_manager.egg-info/SOURCES.txt'
running build
running build_py
creating /home/arno/RoombaV2Onboard/build/mode_manager/build
creating /home/arno/RoombaV2Onboard/build/mode_manager/build/lib
creating /home/arno/RoombaV2Onboard/build/mode_manager/build/lib/mode_manager
copying mode_manager/__init__.py -> /home/arno/RoombaV2Onboard/build/mode_manager/build/lib/mode_manager
copying mode_manager/mode_manager.py -> /home/arno/RoombaV2Onboard/build/mode_manager/build/lib/mode_manager
running install
running install_lib
creating /home/arno/RoombaV2Onboard/install/mode_manager/lib/python3.10/site-packages/mode_manager
copying /home/arno/RoombaV2Onboard/build/mode_manager/build/lib/mode_manager/__init__.py -> /home/arno/RoombaV2Onboard/install/mode_manager/lib/python3.10/site-packages/mode_manager
copying /home/arno/RoombaV2Onboard/build/mode_manager/build/lib/mode_manager/mode_manager.py -> /home/arno/RoombaV2Onboard/install/mode_manager/lib/python3.10/site-packages/mode_manager
byte-compiling /home/arno/RoombaV2Onboard/install/mode_manager/lib/python3.10/site-packages/mode_manager/__init__.py to __init__.cpython-310.pyc
byte-compiling /home/arno/RoombaV2Onboard/install/mode_manager/lib/python3.10/site-packages/mode_manager/mode_manager.py to mode_manager.cpython-310.pyc
running install_data
creating /home/arno/RoombaV2Onboard/install/mode_manager/share/ament_index
creating /home/arno/RoombaV2Onboard/install/mode_manager/share/ament_index/resource_index
creating /home/arno/RoombaV2Onboard/install/mode_manager/share/ament_index/resource_index/packages
copying resource/mode_manager -> /home/arno/RoombaV2Onboard/install/mode_manager/share/ament_index/resource_index/packages
copying package.xml -> /home/arno/RoombaV2Onboard/install/mode_manager/share/mode_manager
running install_egg_info
Copying ../../build/mode_manager/mode_manager.egg-info to /home/arno/RoombaV2Onboard/install/mode_manager/lib/python3.10/site-packages/mode_manager-0.0.0-py3.10.egg-info
running install_scripts
Installing mode_manager script to /home/arno/RoombaV2Onboard/install/mode_manager/lib/mode_manager
writing list of installed files to '/home/arno/RoombaV2Onboard/build/mode_manager/install.log'
