[16.639s] Invoking command in '/home/arno/RoombaV2Onboard/src/RoverReceive': PYTHONPATH=/home/arno/RoombaV2Onboard/build/RoverReceive/prefix_override:/usr/lib/python3/dist-packages/colcon_core/task/python/colcon_distutils_commands:/home/arno/RoombaV2Onboard/install/RoverReceive/lib/python3.10/site-packages:${PYTHONPATH} /usr/bin/python3 -W ignore:setup.py install is deprecated setup.py egg_info --egg-base ../../build/RoverReceive build --build-base /home/arno/RoombaV2Onboard/build/RoverReceive/build install --record /home/arno/RoombaV2Onboard/build/RoverReceive/install.log --single-version-externally-managed install_data
[19.541s] running egg_info
[19.543s] writing ../../build/RoverReceive/RoverReceive.egg-info/PKG-INFO
[19.547s] writing dependency_links to ../../build/RoverReceive/RoverReceive.egg-info/dependency_links.txt
[19.554s] writing entry points to ../../build/RoverReceive/RoverReceive.egg-info/entry_points.txt
[19.555s] writing requirements to ../../build/RoverReceive/RoverReceive.egg-info/requires.txt
[19.558s] writing top-level names to ../../build/RoverReceive/RoverReceive.egg-info/top_level.txt
[19.581s] reading manifest file '../../build/RoverReceive/RoverReceive.egg-info/SOURCES.txt'
[19.583s] adding license file 'LICENSE'
[19.591s] writing manifest file '../../build/RoverReceive/RoverReceive.egg-info/SOURCES.txt'
[19.597s] running build
[19.598s] running build_py
[19.601s] running install
[19.602s] running install_lib
[19.613s] running install_data
[19.619s] running install_egg_info
[19.636s] removing '/home/arno/RoombaV2Onboard/install/RoverReceive/lib/python3.10/site-packages/RoverReceive-0.0.0-py3.10.egg-info' (and everything under it)
[19.640s] Copying ../../build/RoverReceive/RoverReceive.egg-info to /home/arno/RoombaV2Onboard/install/RoverReceive/lib/python3.10/site-packages/RoverReceive-0.0.0-py3.10.egg-info
[19.656s] running install_scripts
[19.868s] Installing receive_node script to /home/arno/RoombaV2Onboard/install/RoverReceive/lib/RoverReceive
[19.873s] writing list of installed files to '/home/arno/RoombaV2Onboard/build/RoverReceive/install.log'
[20.319s] Invoked command in '/home/arno/RoombaV2Onboard/src/RoverReceive' returned '0': PYTHONPATH=/home/arno/RoombaV2Onboard/build/RoverReceive/prefix_override:/usr/lib/python3/dist-packages/colcon_core/task/python/colcon_distutils_commands:/home/arno/RoombaV2Onboard/install/RoverReceive/lib/python3.10/site-packages:${PYTHONPATH} /usr/bin/python3 -W ignore:setup.py install is deprecated setup.py egg_info --egg-base ../../build/RoverReceive build --build-base /home/arno/RoombaV2Onboard/build/RoverReceive/build install --record /home/arno/RoombaV2Onboard/build/RoverReceive/install.log --single-version-externally-managed install_data
