[3.142s] Invoking command in '/home/arno/RoombaV2Onboard/src/roombav2': PYTHONPATH=/home/arno/RoombaV2Onboard/build/roombav2/prefix_override:/usr/lib/python3/dist-packages/colcon_core/task/python/colcon_distutils_commands:/home/arno/RoombaV2Onboard/install/roombav2/lib/python3.10/site-packages:${PYTHONPATH} /usr/bin/python3 -W ignore:setup.py install is deprecated setup.py egg_info --egg-base ../../build/roombav2 build --build-base /home/arno/RoombaV2Onboard/build/roombav2/build install --record /home/arno/RoombaV2Onboard/build/roombav2/install.log --single-version-externally-managed install_data
[4.163s] running egg_info
[4.165s] writing ../../build/roombav2/roombav2.egg-info/PKG-INFO
[4.166s] writing dependency_links to ../../build/roombav2/roombav2.egg-info/dependency_links.txt
[4.167s] writing entry points to ../../build/roombav2/roombav2.egg-info/entry_points.txt
[4.168s] writing requirements to ../../build/roombav2/roombav2.egg-info/requires.txt
[4.169s] writing top-level names to ../../build/roombav2/roombav2.egg-info/top_level.txt
[4.179s] reading manifest file '../../build/roombav2/roombav2.egg-info/SOURCES.txt'
[4.184s] writing manifest file '../../build/roombav2/roombav2.egg-info/SOURCES.txt'
[4.184s] running build
[4.185s] running build_py
[4.187s] running install
[4.189s] running install_lib
[4.196s] running install_data
[4.198s] copying launch/microver.launch.py -> /home/arno/RoombaV2Onboard/install/roombav2/share/roombav2/launch
[4.200s] running install_egg_info
[4.207s] removing '/home/arno/RoombaV2Onboard/install/roombav2/lib/python3.10/site-packages/roombav2-0.0.0-py3.10.egg-info' (and everything under it)
[4.209s] Copying ../../build/roombav2/roombav2.egg-info to /home/arno/RoombaV2Onboard/install/roombav2/lib/python3.10/site-packages/roombav2-0.0.0-py3.10.egg-info
[4.215s] running install_scripts
[4.295s] Installing encoder_reader script to /home/arno/RoombaV2Onboard/install/roombav2/lib/roombav2
[4.296s] Installing joystick_motor_controller script to /home/arno/RoombaV2Onboard/install/roombav2/lib/roombav2
[4.296s] Installing nav2_motor_controller script to /home/arno/RoombaV2Onboard/install/roombav2/lib/roombav2
[4.297s] Installing pwm_open_loop script to /home/arno/RoombaV2Onboard/install/roombav2/lib/roombav2
[4.298s] Installing system_info script to /home/arno/RoombaV2Onboard/install/roombav2/lib/roombav2
[4.300s] writing list of installed files to '/home/arno/RoombaV2Onboard/build/roombav2/install.log'
[4.415s] Invoked command in '/home/arno/RoombaV2Onboard/src/roombav2' returned '0': PYTHONPATH=/home/arno/RoombaV2Onboard/build/roombav2/prefix_override:/usr/lib/python3/dist-packages/colcon_core/task/python/colcon_distutils_commands:/home/arno/RoombaV2Onboard/install/roombav2/lib/python3.10/site-packages:${PYTHONPATH} /usr/bin/python3 -W ignore:setup.py install is deprecated setup.py egg_info --egg-base ../../build/roombav2 build --build-base /home/arno/RoombaV2Onboard/build/roombav2/build install --record /home/arno/RoombaV2Onboard/build/roombav2/install.log --single-version-externally-managed install_data
