[12.195s] Invoking command in '/home/arno/RoombaV2Onboard/src/RoverReceive': PYTHONPATH=/home/arno/RoombaV2Onboard/build/RoverReceive/prefix_override:/usr/lib/python3/dist-packages/colcon_core/task/python/colcon_distutils_commands:/home/arno/RoombaV2Onboard/install/RoverReceive/lib/python3.10/site-packages:${PYTHONPATH} /usr/bin/python3 -W ignore:setup.py install is deprecated setup.py egg_info --egg-base ../../build/RoverReceive build --build-base /home/arno/RoombaV2Onboard/build/RoverReceive/build install --record /home/arno/RoombaV2Onboard/build/RoverReceive/install.log --single-version-externally-managed install_data
[15.096s] running egg_info
[15.104s] writing ../../build/RoverReceive/RoverReceive.egg-info/PKG-INFO
[15.106s] writing dependency_links to ../../build/RoverReceive/RoverReceive.egg-info/dependency_links.txt
[15.109s] writing entry points to ../../build/RoverReceive/RoverReceive.egg-info/entry_points.txt
[15.111s] writing requirements to ../../build/RoverReceive/RoverReceive.egg-info/requires.txt
[15.113s] writing top-level names to ../../build/RoverReceive/RoverReceive.egg-info/top_level.txt
[15.133s] reading manifest file '../../build/RoverReceive/RoverReceive.egg-info/SOURCES.txt'
[15.136s] adding license file 'LICENSE'
[15.142s] writing manifest file '../../build/RoverReceive/RoverReceive.egg-info/SOURCES.txt'
[15.145s] running build
[15.146s] running build_py
[15.148s] running install
[15.151s] running install_lib
[15.170s] running install_data
[15.172s] running install_egg_info
[15.187s] removing '/home/arno/RoombaV2Onboard/install/RoverReceive/lib/python3.10/site-packages/RoverReceive-0.0.0-py3.10.egg-info' (and everything under it)
[15.192s] Copying ../../build/RoverReceive/RoverReceive.egg-info to /home/arno/RoombaV2Onboard/install/RoverReceive/lib/python3.10/site-packages/RoverReceive-0.0.0-py3.10.egg-info
[15.216s] running install_scripts
[15.416s] Installing receive_node script to /home/arno/RoombaV2Onboard/install/RoverReceive/lib/RoverReceive
[15.421s] writing list of installed files to '/home/arno/RoombaV2Onboard/build/RoverReceive/install.log'
[15.777s] Invoked command in '/home/arno/RoombaV2Onboard/src/RoverReceive' returned '0': PYTHONPATH=/home/arno/RoombaV2Onboard/build/RoverReceive/prefix_override:/usr/lib/python3/dist-packages/colcon_core/task/python/colcon_distutils_commands:/home/arno/RoombaV2Onboard/install/RoverReceive/lib/python3.10/site-packages:${PYTHONPATH} /usr/bin/python3 -W ignore:setup.py install is deprecated setup.py egg_info --egg-base ../../build/RoverReceive build --build-base /home/arno/RoombaV2Onboard/build/RoverReceive/build install --record /home/arno/RoombaV2Onboard/build/RoverReceive/install.log --single-version-externally-managed install_data
