[2.477s] Invoking command in '/home/arno/RoombaV2Onboard/build/microver_dusty': CMAKE_PREFIX_PATH=/opt/ros/humble /usr/bin/cmake /home/arno/RoombaV2Onboard/src/microver_dusty -DAMENT_CMAKE_SYMLINK_INSTALL=1 -DCMAKE_INSTALL_PREFIX=/home/arno/RoombaV2Onboard/install/microver_dusty
[5.087s] -- The C compiler identification is GNU 11.4.0
[5.489s] -- The CXX compiler identification is GNU 11.4.0
[5.585s] -- Detecting C compiler ABI info
[6.595s] -- Detecting C compiler ABI info - done
[6.691s] -- Check for working C compiler: /usr/bin/cc - skipped
[6.696s] -- Detecting C compile features
[6.704s] -- Detecting C compile features - done
[6.737s] -- Detecting CXX compiler ABI info
[7.660s] -- Detecting CXX compiler ABI info - done
[7.735s] -- Check for working CXX compiler: /usr/bin/c++ - skipped
[7.737s] -- Detecting CXX compile features
[7.743s] -- Detecting CXX compile features - done
[7.817s] -- Found ament_cmake: 1.3.10 (/opt/ros/humble/share/ament_cmake/cmake)
[9.921s] -- Found Python3: /usr/bin/python3 (found version "3.10.12") found components: Interpreter 
[10.801s] -- Override CMake install command with custom implementation using symlinks instead of copying resources
[11.406s] -- Found rclpy: 3.3.14 (/opt/ros/humble/share/rclpy/cmake)
[11.443s] -- Found nav_msgs: 4.2.4 (/opt/ros/humble/share/nav_msgs/cmake)
[12.051s] -- Found rosidl_generator_c: 3.1.5 (/opt/ros/humble/share/rosidl_generator_c/cmake)
[12.141s] -- Found rosidl_adapter: 3.1.5 (/opt/ros/humble/share/rosidl_adapter/cmake)
[12.268s] -- Found rosidl_generator_cpp: 3.1.5 (/opt/ros/humble/share/rosidl_generator_cpp/cmake)
[12.440s] -- Using all available rosidl_typesupport_c: rosidl_typesupport_fastrtps_c;rosidl_typesupport_introspection_c
[12.672s] -- Using all available rosidl_typesupport_cpp: rosidl_typesupport_fastrtps_cpp;rosidl_typesupport_introspection_cpp
[13.480s] -- Found ament_lint_auto: 0.12.11 (/opt/ros/humble/share/ament_lint_auto/cmake)
[14.684s] -- Added test 'copyright' to check source files copyright and LICENSE
[14.761s] -- Added test 'flake8' to check Python code syntax and style conventions
[14.775s] -- Added test 'lint_cmake' to check CMake code style
[14.783s] -- Added test 'pep257' to check Python code against some of the docstring style conventions in PEP 257
[14.826s] -- Added test 'xmllint' to check XML markup files
[14.848s] -- Configuring done
[14.917s] -- Generating done
[14.933s] -- Build files have been written to: /home/arno/RoombaV2Onboard/build/microver_dusty
[15.013s] Invoked command in '/home/arno/RoombaV2Onboard/build/microver_dusty' returned '0': CMAKE_PREFIX_PATH=/opt/ros/humble /usr/bin/cmake /home/arno/RoombaV2Onboard/src/microver_dusty -DAMENT_CMAKE_SYMLINK_INSTALL=1 -DCMAKE_INSTALL_PREFIX=/home/arno/RoombaV2Onboard/install/microver_dusty
[15.018s] Invoking command in '/home/arno/RoombaV2Onboard/build/microver_dusty': CMAKE_PREFIX_PATH=/opt/ros/humble /usr/bin/cmake --build /home/arno/RoombaV2Onboard/build/microver_dusty -- -j4 -l4
[15.408s] Invoked command in '/home/arno/RoombaV2Onboard/build/microver_dusty' returned '0': CMAKE_PREFIX_PATH=/opt/ros/humble /usr/bin/cmake --build /home/arno/RoombaV2Onboard/build/microver_dusty -- -j4 -l4
[15.737s] Invoking command in '/home/arno/RoombaV2Onboard/build/microver_dusty': CMAKE_PREFIX_PATH=/opt/ros/humble /usr/bin/cmake --install /home/arno/RoombaV2Onboard/build/microver_dusty
[15.812s] -- Install configuration: ""
[15.818s] -- Execute custom install script
[15.824s] -- Symlinking: /home/arno/RoombaV2Onboard/install/microver_dusty/lib/microver_dusty/nav2_motor_controller.py
[15.899s] -- Symlinking: /home/arno/RoombaV2Onboard/install/microver_dusty/lib/microver_dusty/encoder_reader.py
[15.979s] -- Symlinking: /home/arno/RoombaV2Onboard/install/microver_dusty/share/microver_dusty/config/amcl_params.yaml
[16.062s] -- Symlinking: /home/arno/RoombaV2Onboard/install/microver_dusty/share/microver_dusty/config/costmap_params.yaml
[16.144s] -- Symlinking: /home/arno/RoombaV2Onboard/install/microver_dusty/share/microver_dusty/config/planner_params.yaml
[16.224s] -- Symlinking: /home/arno/RoombaV2Onboard/install/microver_dusty/share/microver_dusty/launch/microver.launch.py
[16.302s] -- Symlinking: /home/arno/RoombaV2Onboard/install/microver_dusty/share/microver_dusty/launch/nav2_bringup.launch.py
[16.384s] -- Symlinking: /home/arno/RoombaV2Onboard/install/microver_dusty/share/microver_dusty/models/constants.xacro
[16.469s] -- Symlinking: /home/arno/RoombaV2Onboard/install/microver_dusty/share/microver_dusty/models/gazebo_control.xacro
[16.594s] -- Symlinking: /home/arno/RoombaV2Onboard/install/microver_dusty/share/microver_dusty/models/inertial_macros.xacro
[16.653s] -- Symlinking: /home/arno/RoombaV2Onboard/install/microver_dusty/share/microver_dusty/models/microver.sdf
[16.718s] -- Symlinking: /home/arno/RoombaV2Onboard/install/microver_dusty/share/microver_dusty/models/microver.urdf
[16.804s] -- Symlinking: /home/arno/RoombaV2Onboard/install/microver_dusty/share/microver_dusty/models/microver.urdf.xacro
[16.872s] -- Symlinking: /home/arno/RoombaV2Onboard/install/microver_dusty/share/microver_dusty/models/microver_description/model.config
[16.936s] -- Symlinking: /home/arno/RoombaV2Onboard/install/microver_dusty/share/microver_dusty/models/ros2_control.xacro
[17.010s] -- Symlinking: /home/arno/RoombaV2Onboard/install/microver_dusty/share/microver_dusty/src/encoder_reader.py
[17.070s] -- Symlinking: /home/arno/RoombaV2Onboard/install/microver_dusty/share/microver_dusty/src/nav2_motor_controller.py
[17.128s] -- Symlinking: /home/arno/RoombaV2Onboard/install/microver_dusty/share/microver_dusty/worlds/microver_world/default.world
[17.188s] -- Symlinking: /home/arno/RoombaV2Onboard/install/microver_dusty/share/ament_index/resource_index/package_run_dependencies/microver_dusty
[17.254s] -- Symlinking: /home/arno/RoombaV2Onboard/install/microver_dusty/share/ament_index/resource_index/parent_prefix_path/microver_dusty
[17.318s] -- Symlinking: /home/arno/RoombaV2Onboard/install/microver_dusty/share/microver_dusty/environment/ament_prefix_path.sh
[17.377s] -- Symlinking: /home/arno/RoombaV2Onboard/install/microver_dusty/share/microver_dusty/environment/ament_prefix_path.dsv
[17.435s] -- Symlinking: /home/arno/RoombaV2Onboard/install/microver_dusty/share/microver_dusty/environment/path.sh
[17.493s] -- Symlinking: /home/arno/RoombaV2Onboard/install/microver_dusty/share/microver_dusty/environment/path.dsv
[17.559s] -- Symlinking: /home/arno/RoombaV2Onboard/install/microver_dusty/share/microver_dusty/local_setup.bash
[17.623s] -- Symlinking: /home/arno/RoombaV2Onboard/install/microver_dusty/share/microver_dusty/local_setup.sh
[17.685s] -- Symlinking: /home/arno/RoombaV2Onboard/install/microver_dusty/share/microver_dusty/local_setup.zsh
[17.745s] -- Symlinking: /home/arno/RoombaV2Onboard/install/microver_dusty/share/microver_dusty/local_setup.dsv
[17.802s] -- Symlinking: /home/arno/RoombaV2Onboard/install/microver_dusty/share/microver_dusty/package.dsv
[17.861s] -- Symlinking: /home/arno/RoombaV2Onboard/install/microver_dusty/share/ament_index/resource_index/packages/microver_dusty
[17.924s] -- Symlinking: /home/arno/RoombaV2Onboard/install/microver_dusty/share/microver_dusty/cmake/microver_dustyConfig.cmake
[17.988s] -- Symlinking: /home/arno/RoombaV2Onboard/install/microver_dusty/share/microver_dusty/cmake/microver_dustyConfig-version.cmake
[18.046s] -- Symlinking: /home/arno/RoombaV2Onboard/install/microver_dusty/share/microver_dusty/package.xml
[18.120s] Invoked command in '/home/arno/RoombaV2Onboard/build/microver_dusty' returned '0': CMAKE_PREFIX_PATH=/opt/ros/humble /usr/bin/cmake --install /home/arno/RoombaV2Onboard/build/microver_dusty
