[5.671s] Invoking command in '/home/arno/RoombaV2Onboard/src/mode_manager': PYTHONPATH=/home/arno/RoombaV2Onboard/build/mode_manager/prefix_override:/usr/lib/python3/dist-packages/colcon_core/task/python/colcon_distutils_commands:/home/arno/RoombaV2Onboard/install/mode_manager/lib/python3.10/site-packages:${PYTHONPATH} /usr/bin/python3 -W ignore:setup.py install is deprecated setup.py egg_info --egg-base ../../build/mode_manager build --build-base /home/arno/RoombaV2Onboard/build/mode_manager/build install --record /home/arno/RoombaV2Onboard/build/mode_manager/install.log --single-version-externally-managed install_data
[6.937s] running egg_info
[6.941s] writing ../../build/mode_manager/mode_manager.egg-info/PKG-INFO
[6.944s] writing dependency_links to ../../build/mode_manager/mode_manager.egg-info/dependency_links.txt
[6.946s] writing entry points to ../../build/mode_manager/mode_manager.egg-info/entry_points.txt
[6.949s] writing requirements to ../../build/mode_manager/mode_manager.egg-info/requires.txt
[6.950s] writing top-level names to ../../build/mode_manager/mode_manager.egg-info/top_level.txt
[6.955s] reading manifest file '../../build/mode_manager/mode_manager.egg-info/SOURCES.txt'
[6.959s] writing manifest file '../../build/mode_manager/mode_manager.egg-info/SOURCES.txt'
[6.961s] running build
[6.962s] running build_py
[6.963s] running install
[6.964s] running install_lib
[6.971s] running install_data
[6.972s] running install_egg_info
[6.981s] removing '/home/arno/RoombaV2Onboard/install/mode_manager/lib/python3.10/site-packages/mode_manager-0.0.0-py3.10.egg-info' (and everything under it)
[6.983s] Copying ../../build/mode_manager/mode_manager.egg-info to /home/arno/RoombaV2Onboard/install/mode_manager/lib/python3.10/site-packages/mode_manager-0.0.0-py3.10.egg-info
[6.992s] running install_scripts
[7.096s] Installing mode_manager script to /home/arno/RoombaV2Onboard/install/mode_manager/lib/mode_manager
[7.100s] writing list of installed files to '/home/arno/RoombaV2Onboard/build/mode_manager/install.log'
[7.343s] Invoked command in '/home/arno/RoombaV2Onboard/src/mode_manager' returned '0': PYTHONPATH=/home/arno/RoombaV2Onboard/build/mode_manager/prefix_override:/usr/lib/python3/dist-packages/colcon_core/task/python/colcon_distutils_commands:/home/arno/RoombaV2Onboard/install/mode_manager/lib/python3.10/site-packages:${PYTHONPATH} /usr/bin/python3 -W ignore:setup.py install is deprecated setup.py egg_info --egg-base ../../build/mode_manager build --build-base /home/arno/RoombaV2Onboard/build/mode_manager/build install --record /home/arno/RoombaV2Onboard/build/mode_manager/install.log --single-version-externally-managed install_data
