[1.836s] Invoking command in '/home/arno/RoombaV2Onboard/src/RoverReceive': PYTHONPATH=/home/arno/RoombaV2Onboard/build/RoverReceive/prefix_override:/usr/lib/python3/dist-packages/colcon_core/task/python/colcon_distutils_commands:/home/arno/RoombaV2Onboard/install/RoverReceive/lib/python3.10/site-packages:${PYTHONPATH} /usr/bin/python3 -W ignore:setup.py install is deprecated setup.py egg_info --egg-base ../../build/RoverReceive build --build-base /home/arno/RoombaV2Onboard/build/RoverReceive/build install --record /home/arno/RoombaV2Onboard/build/RoverReceive/install.log --single-version-externally-managed install_data
[2.220s] running egg_info
[2.221s] writing ../../build/RoverReceive/RoverReceive.egg-info/PKG-INFO
[2.221s] writing dependency_links to ../../build/RoverReceive/RoverReceive.egg-info/dependency_links.txt
[2.222s] writing entry points to ../../build/RoverReceive/RoverReceive.egg-info/entry_points.txt
[2.222s] writing requirements to ../../build/RoverReceive/RoverReceive.egg-info/requires.txt
[2.222s] writing top-level names to ../../build/RoverReceive/RoverReceive.egg-info/top_level.txt
[2.226s] reading manifest file '../../build/RoverReceive/RoverReceive.egg-info/SOURCES.txt'
[2.226s] adding license file 'LICENSE'
[2.227s] writing manifest file '../../build/RoverReceive/RoverReceive.egg-info/SOURCES.txt'
[2.228s] running build
[2.228s] running build_py
[2.228s] running install
[2.229s] running install_lib
[2.231s] running install_data
[2.231s] running install_egg_info
[2.234s] removing '/home/arno/RoombaV2Onboard/install/RoverReceive/lib/python3.10/site-packages/RoverReceive-0.0.0-py3.10.egg-info' (and everything under it)
[2.235s] Copying ../../build/RoverReceive/RoverReceive.egg-info to /home/arno/RoombaV2Onboard/install/RoverReceive/lib/python3.10/site-packages/RoverReceive-0.0.0-py3.10.egg-info
[2.236s] running install_scripts
[2.267s] Installing receive_node script to /home/arno/RoombaV2Onboard/install/RoverReceive/lib/RoverReceive
[2.267s] writing list of installed files to '/home/arno/RoombaV2Onboard/build/RoverReceive/install.log'
[2.308s] Invoked command in '/home/arno/RoombaV2Onboard/src/RoverReceive' returned '0': PYTHONPATH=/home/arno/RoombaV2Onboard/build/RoverReceive/prefix_override:/usr/lib/python3/dist-packages/colcon_core/task/python/colcon_distutils_commands:/home/arno/RoombaV2Onboard/install/RoverReceive/lib/python3.10/site-packages:${PYTHONPATH} /usr/bin/python3 -W ignore:setup.py install is deprecated setup.py egg_info --egg-base ../../build/RoverReceive build --build-base /home/arno/RoombaV2Onboard/build/RoverReceive/build install --record /home/arno/RoombaV2Onboard/build/RoverReceive/install.log --single-version-externally-managed install_data
