[0.432s] Invoking command in '/home/arno/RoombaV2Onboard/build/microver_dusty': CMAKE_PREFIX_PATH=/opt/ros/humble /usr/bin/cmake --build /home/arno/RoombaV2Onboard/build/microver_dusty -- -j8 -l8
[0.475s] -- Found ament_cmake: 1.3.10 (/opt/ros/humble/share/ament_cmake/cmake)
[0.685s] -- Found ament_lint_auto: 0.12.11 (/opt/ros/humble/share/ament_lint_auto/cmake)
[0.786s] -- Added test 'copyright' to check source files copyright and LICENSE
[0.788s] -- Added test 'flake8' to check Python code syntax and style conventions
[0.789s] -- Added test 'lint_cmake' to check CMake code style
[0.790s] -- Added test 'pep257' to check Python code against some of the docstring style conventions in PEP 257
[0.791s] -- Added test 'xmllint' to check XML markup files
[0.792s] -- Configuring done
[0.797s] -- Generating done
[0.798s] -- Build files have been written to: /home/arno/RoombaV2Onboard/build/microver_dusty
[0.854s] Invoked command in '/home/arno/RoombaV2Onboard/build/microver_dusty' returned '0': CMAKE_PREFIX_PATH=/opt/ros/humble /usr/bin/cmake --build /home/arno/RoombaV2Onboard/build/microver_dusty -- -j8 -l8
[0.896s] Invoking command in '/home/arno/RoombaV2Onboard/build/microver_dusty': CMAKE_PREFIX_PATH=/opt/ros/humble /usr/bin/cmake --install /home/arno/RoombaV2Onboard/build/microver_dusty
[0.906s] -- Install configuration: ""
[0.906s] [31mCMake Error at cmake_install.cmake:46 (file):
[0.906s]   file INSTALL cannot find
[0.906s]   "/home/arno/RoombaV2Onboard/src/microver_dusty/config": No such file or
[0.906s]   directory.
[0.907s] 
[0.907s] [0m
[0.908s] Invoked command in '/home/arno/RoombaV2Onboard/build/microver_dusty' returned '1': CMAKE_PREFIX_PATH=/opt/ros/humble /usr/bin/cmake --install /home/arno/RoombaV2Onboard/build/microver_dusty
