running develop
/usr/lib/python3/dist-packages/setuptools/command/easy_install.py:158: EasyInstallDeprecationWarning: easy_install command is deprecated. Use build and pip and other standards-based tools.
  warnings.warn(
running egg_info
creating RoverReceive.egg-info
writing RoverReceive.egg-info/PKG-INFO
writing dependency_links to RoverReceive.egg-info/dependency_links.txt
writing entry points to RoverReceive.egg-info/entry_points.txt
writing requirements to RoverReceive.egg-info/requires.txt
writing top-level names to RoverReceive.egg-info/top_level.txt
writing manifest file 'RoverReceive.egg-info/SOURCES.txt'
reading manifest file 'RoverReceive.egg-info/SOURCES.txt'
writing manifest file 'RoverReceive.egg-info/SOURCES.txt'
running build_ext
Creating /home/arno/RoombaV2Onboard/install/RoverReceive/lib/python3.10/site-packages/RoverReceive.egg-link (link to .)
Installing receive_node script to /home/arno/RoombaV2Onboard/install/RoverReceive/lib/RoverReceive

Installed /home/arno/RoombaV2Onboard/build/RoverReceive
running symlink_data
creating /home/arno/RoombaV2Onboard/install/RoverReceive/share/ament_index
creating /home/arno/RoombaV2Onboard/install/RoverReceive/share/ament_index/resource_index
creating /home/arno/RoombaV2Onboard/install/RoverReceive/share/ament_index/resource_index/packages
symbolically linking /home/arno/RoombaV2Onboard/build/RoverReceive/resource/RoverReceive -> /home/arno/RoombaV2Onboard/install/RoverReceive/share/ament_index/resource_index/packages
symbolically linking /home/arno/RoombaV2Onboard/build/RoverReceive/package.xml -> /home/arno/RoombaV2Onboard/install/RoverReceive/share/RoverReceive
