[2.151s] Invoking command in '/home/arno/RoombaV2Onboard/build/rf2o_laser_odometry': CMAKE_PREFIX_PATH=${CMAKE_PREFIX_PATH}:/home/arno/RoombaV2Onboard/install/roombav2:/home/arno/RoombaV2Onboard/install/mode_manager:/home/arno/RoombaV2Onboard/install/RoverReceive:/opt/ros/humble /usr/bin/cmake /home/arno/RoombaV2Onboard/src/rf2o_laser_odometry -DAMENT_CMAKE_SYMLINK_INSTALL=1 -DCMAKE_INSTALL_PREFIX=/home/arno/RoombaV2Onboard/install/rf2o_laser_odometry
[4.206s] -- The C compiler identification is GNU 11.4.0
[5.140s] -- The CXX compiler identification is GNU 11.4.0
[5.901s] -- Detecting C compiler ABI info
[6.645s] -- Detecting C compiler ABI info - done
[6.679s] -- Check for working C compiler: /usr/bin/cc - skipped
[6.687s] -- Detecting C compile features
[6.748s] -- Detecting C compile features - done
[7.012s] -- Detecting CXX compiler ABI info
[7.491s] -- Detecting CXX compiler ABI info - done
[7.524s] -- Check for working CXX compiler: /usr/bin/c++ - skipped
[7.526s] -- Detecting CXX compile features
[7.529s] -- Detecting CXX compile features - done
[7.707s] -- Found ament_cmake: 1.3.10 (/opt/ros/humble/share/ament_cmake/cmake)
[9.619s] -- Found Python3: /usr/bin/python3 (found version "3.10.12") found components: Interpreter 
[10.430s] -- Override CMake install command with custom implementation using symlinks instead of copying resources
[11.718s] -- Found rclcpp: 16.0.10 (/opt/ros/humble/share/rclcpp/cmake)
[14.957s] -- Found rosidl_generator_c: 3.1.5 (/opt/ros/humble/share/rosidl_generator_c/cmake)
[15.014s] -- Found rosidl_adapter: 3.1.5 (/opt/ros/humble/share/rosidl_adapter/cmake)
[15.092s] -- Found rosidl_generator_cpp: 3.1.5 (/opt/ros/humble/share/rosidl_generator_cpp/cmake)
[15.192s] -- Using all available rosidl_typesupport_c: rosidl_typesupport_fastrtps_c;rosidl_typesupport_introspection_c
[15.326s] -- Using all available rosidl_typesupport_cpp: rosidl_typesupport_fastrtps_cpp;rosidl_typesupport_introspection_cpp
[15.705s] -- Found rmw_implementation_cmake: 6.1.2 (/opt/ros/humble/share/rmw_implementation_cmake/cmake)
[15.739s] -- Found rmw_cyclonedds_cpp: 1.3.4 (/opt/ros/humble/share/rmw_cyclonedds_cpp/cmake)
[15.918s] -- Using RMW implementation 'rmw_cyclonedds_cpp' as default
[16.013s] -- Looking for pthread.h
[16.348s] -- Looking for pthread.h - found
[16.348s] -- Performing Test CMAKE_HAVE_LIBC_PTHREAD
[16.681s] -- Performing Test CMAKE_HAVE_LIBC_PTHREAD - Success
[16.684s] -- Found Threads: TRUE  
[17.033s] -- Found geometry_msgs: 4.2.4 (/opt/ros/humble/share/geometry_msgs/cmake)
[17.119s] -- Found tf2_geometry_msgs: 0.25.7 (/opt/ros/humble/share/tf2_geometry_msgs/cmake)
[17.281s] -- Found eigen3_cmake_module: 0.1.1 (/opt/ros/humble/share/eigen3_cmake_module/cmake)
[17.288s] -- Found Eigen3: TRUE (found version "3.4.0") 
[17.288s] -- Ensuring Eigen3 include directory is part of orocos-kdl CMake target
[18.104s] -- Found sensor_msgs: 4.2.4 (/opt/ros/humble/share/sensor_msgs/cmake)
[18.284s] -- Found nav_msgs: 4.2.4 (/opt/ros/humble/share/nav_msgs/cmake)
[18.601s] -- Found Boost: /usr/lib/aarch64-linux-gnu/cmake/Boost-1.74.0/BoostConfig.cmake (found version "1.74.0")  
[19.121s] -- Configuring done
[19.218s] -- Generating done
[19.227s] -- Build files have been written to: /home/arno/RoombaV2Onboard/build/rf2o_laser_odometry
[19.276s] Invoked command in '/home/arno/RoombaV2Onboard/build/rf2o_laser_odometry' returned '0': CMAKE_PREFIX_PATH=${CMAKE_PREFIX_PATH}:/home/arno/RoombaV2Onboard/install/roombav2:/home/arno/RoombaV2Onboard/install/mode_manager:/home/arno/RoombaV2Onboard/install/RoverReceive:/opt/ros/humble /usr/bin/cmake /home/arno/RoombaV2Onboard/src/rf2o_laser_odometry -DAMENT_CMAKE_SYMLINK_INSTALL=1 -DCMAKE_INSTALL_PREFIX=/home/arno/RoombaV2Onboard/install/rf2o_laser_odometry
[19.278s] Invoking command in '/home/arno/RoombaV2Onboard/build/rf2o_laser_odometry': CMAKE_PREFIX_PATH=${CMAKE_PREFIX_PATH}:/home/arno/RoombaV2Onboard/install/roombav2:/home/arno/RoombaV2Onboard/install/mode_manager:/home/arno/RoombaV2Onboard/install/RoverReceive:/opt/ros/humble /usr/bin/cmake --build /home/arno/RoombaV2Onboard/build/rf2o_laser_odometry -- -j4 -l4
[19.508s] [ 20%] [32mBuilding CXX object CMakeFiles/rf2o_laser_odometry.dir/src/CLaserOdometry2D.cpp.o[0m
[19.519s] [ 40%] [32mBuilding CXX object CMakeFiles/rf2o_laser_odometry_node.dir/src/CLaserOdometry2DNode.cpp.o[0m
[19.555s] [ 60%] [32mBuilding CXX object CMakeFiles/rf2o_laser_odometry_node.dir/src/CLaserOdometry2D.cpp.o[0m
[153.942s] [ 80%] [32m[1mLinking CXX executable rf2o_laser_odometry_node[0m
[155.851s] [100%] [32m[1mLinking CXX static library librf2o_laser_odometry.a[0m
[158.267s] [100%] Built target rf2o_laser_odometry
[162.305s] [100%] Built target rf2o_laser_odometry_node
[162.469s] Invoked command in '/home/arno/RoombaV2Onboard/build/rf2o_laser_odometry' returned '0': CMAKE_PREFIX_PATH=${CMAKE_PREFIX_PATH}:/home/arno/RoombaV2Onboard/install/roombav2:/home/arno/RoombaV2Onboard/install/mode_manager:/home/arno/RoombaV2Onboard/install/RoverReceive:/opt/ros/humble /usr/bin/cmake --build /home/arno/RoombaV2Onboard/build/rf2o_laser_odometry -- -j4 -l4
[162.643s] Invoking command in '/home/arno/RoombaV2Onboard/build/rf2o_laser_odometry': CMAKE_PREFIX_PATH=${CMAKE_PREFIX_PATH}:/home/arno/RoombaV2Onboard/install/roombav2:/home/arno/RoombaV2Onboard/install/mode_manager:/home/arno/RoombaV2Onboard/install/RoverReceive:/opt/ros/humble /usr/bin/cmake --install /home/arno/RoombaV2Onboard/build/rf2o_laser_odometry
[162.671s] -- Install configuration: ""
[162.675s] -- Execute custom install script
[162.677s] -- Symlinking: /home/arno/RoombaV2Onboard/install/rf2o_laser_odometry/lib/rf2o_laser_odometry/rf2o_laser_odometry_node
[162.712s] -- Symlinking: /home/arno/RoombaV2Onboard/install/rf2o_laser_odometry/share/rf2o_laser_odometry/launch/rf2o_laser_odometry.launch.py
[162.747s] -- Symlinking: /home/arno/RoombaV2Onboard/install/rf2o_laser_odometry/share/ament_index/resource_index/package_run_dependencies/rf2o_laser_odometry
[162.780s] -- Symlinking: /home/arno/RoombaV2Onboard/install/rf2o_laser_odometry/share/ament_index/resource_index/parent_prefix_path/rf2o_laser_odometry
[162.811s] -- Symlinking: /home/arno/RoombaV2Onboard/install/rf2o_laser_odometry/share/rf2o_laser_odometry/environment/ament_prefix_path.sh
[162.844s] -- Symlinking: /home/arno/RoombaV2Onboard/install/rf2o_laser_odometry/share/rf2o_laser_odometry/environment/ament_prefix_path.dsv
[162.874s] -- Symlinking: /home/arno/RoombaV2Onboard/install/rf2o_laser_odometry/share/rf2o_laser_odometry/environment/path.sh
[162.905s] -- Symlinking: /home/arno/RoombaV2Onboard/install/rf2o_laser_odometry/share/rf2o_laser_odometry/environment/path.dsv
[162.937s] -- Symlinking: /home/arno/RoombaV2Onboard/install/rf2o_laser_odometry/share/rf2o_laser_odometry/local_setup.bash
[162.968s] -- Symlinking: /home/arno/RoombaV2Onboard/install/rf2o_laser_odometry/share/rf2o_laser_odometry/local_setup.sh
[163.002s] -- Symlinking: /home/arno/RoombaV2Onboard/install/rf2o_laser_odometry/share/rf2o_laser_odometry/local_setup.zsh
[163.033s] -- Symlinking: /home/arno/RoombaV2Onboard/install/rf2o_laser_odometry/share/rf2o_laser_odometry/local_setup.dsv
[163.064s] -- Symlinking: /home/arno/RoombaV2Onboard/install/rf2o_laser_odometry/share/rf2o_laser_odometry/package.dsv
[163.097s] -- Symlinking: /home/arno/RoombaV2Onboard/install/rf2o_laser_odometry/share/ament_index/resource_index/packages/rf2o_laser_odometry
[163.129s] -- Symlinking: /home/arno/RoombaV2Onboard/install/rf2o_laser_odometry/share/rf2o_laser_odometry/cmake/rf2o_laser_odometryConfig.cmake
[163.161s] -- Symlinking: /home/arno/RoombaV2Onboard/install/rf2o_laser_odometry/share/rf2o_laser_odometry/cmake/rf2o_laser_odometryConfig-version.cmake
[163.196s] -- Symlinking: /home/arno/RoombaV2Onboard/install/rf2o_laser_odometry/share/rf2o_laser_odometry/package.xml
[163.240s] Invoked command in '/home/arno/RoombaV2Onboard/build/rf2o_laser_odometry' returned '0': CMAKE_PREFIX_PATH=${CMAKE_PREFIX_PATH}:/home/arno/RoombaV2Onboard/install/roombav2:/home/arno/RoombaV2Onboard/install/mode_manager:/home/arno/RoombaV2Onboard/install/RoverReceive:/opt/ros/humble /usr/bin/cmake --install /home/arno/RoombaV2Onboard/build/rf2o_laser_odometry
