[9.495s] Invoking command in '/home/arno/RoombaV2Onboard/src/rover_stream': PYTHONPATH=/home/arno/RoombaV2Onboard/build/rover_stream/prefix_override:/usr/lib/python3/dist-packages/colcon_core/task/python/colcon_distutils_commands:/home/arno/RoombaV2Onboard/install/rover_stream/lib/python3.10/site-packages:${PYTHONPATH} /usr/bin/python3 -W ignore:setup.py install is deprecated setup.py egg_info --egg-base ../../build/rover_stream build --build-base /home/arno/RoombaV2Onboard/build/rover_stream/build install --record /home/arno/RoombaV2Onboard/build/rover_stream/install.log --single-version-externally-managed install_data
[12.050s] running egg_info
[12.056s] writing ../../build/rover_stream/rover_stream.egg-info/PKG-INFO
[12.058s] writing dependency_links to ../../build/rover_stream/rover_stream.egg-info/dependency_links.txt
[12.061s] writing entry points to ../../build/rover_stream/rover_stream.egg-info/entry_points.txt
[12.064s] writing requirements to ../../build/rover_stream/rover_stream.egg-info/requires.txt
[12.066s] writing top-level names to ../../build/rover_stream/rover_stream.egg-info/top_level.txt
[12.084s] reading manifest file '../../build/rover_stream/rover_stream.egg-info/SOURCES.txt'
[12.097s] writing manifest file '../../build/rover_stream/rover_stream.egg-info/SOURCES.txt'
[12.101s] running build
[12.102s] running build_py
[12.103s] running install
[12.105s] running install_lib
[12.119s] running install_data
[12.120s] running install_egg_info
[12.138s] removing '/home/arno/RoombaV2Onboard/install/rover_stream/lib/python3.10/site-packages/rover_stream-0.0.0-py3.10.egg-info' (and everything under it)
[12.143s] Copying ../../build/rover_stream/rover_stream.egg-info to /home/arno/RoombaV2Onboard/install/rover_stream/lib/python3.10/site-packages/rover_stream-0.0.0-py3.10.egg-info
[12.159s] running install_scripts
[12.355s] Installing webrtc_streamer script to /home/arno/RoombaV2Onboard/install/rover_stream/lib/rover_stream
[12.360s] writing list of installed files to '/home/arno/RoombaV2Onboard/build/rover_stream/install.log'
[12.656s] Invoked command in '/home/arno/RoombaV2Onboard/src/rover_stream' returned '0': PYTHONPATH=/home/arno/RoombaV2Onboard/build/rover_stream/prefix_override:/usr/lib/python3/dist-packages/colcon_core/task/python/colcon_distutils_commands:/home/arno/RoombaV2Onboard/install/rover_stream/lib/python3.10/site-packages:${PYTHONPATH} /usr/bin/python3 -W ignore:setup.py install is deprecated setup.py egg_info --egg-base ../../build/rover_stream build --build-base /home/arno/RoombaV2Onboard/build/rover_stream/build install --record /home/arno/RoombaV2Onboard/build/rover_stream/install.log --single-version-externally-managed install_data
