[5.943s] Invoking command in '/home/arno/RoombaV2Onboard/build/roombav2': PYTHONPATH=/home/arno/RoombaV2Onboard/build/roombav2/prefix_override:/usr/lib/python3/dist-packages/colcon_core/task/python/colcon_distutils_commands:/home/arno/RoombaV2Onboard/install/roombav2/lib/python3.10/site-packages:${PYTHONPATH} /usr/bin/python3 -W ignore:setup.py install is deprecated setup.py develop --editable --build-directory /home/arno/RoombaV2Onboard/build/roombav2/build --no-deps symlink_data
[8.420s] running develop
[8.422s] /usr/lib/python3/dist-packages/setuptools/command/easy_install.py:158: EasyInstallDeprecationWarning: easy_install command is deprecated. Use build and pip and other standards-based tools.
[8.424s]   warnings.warn(
[10.120s] running egg_info
[10.122s] writing roombav2.egg-info/PKG-INFO
[10.124s] writing dependency_links to roombav2.egg-info/dependency_links.txt
[10.126s] writing entry points to roombav2.egg-info/entry_points.txt
[10.128s] writing requirements to roombav2.egg-info/requires.txt
[10.130s] writing top-level names to roombav2.egg-info/top_level.txt
[10.145s] reading manifest file 'roombav2.egg-info/SOURCES.txt'
[10.153s] writing manifest file 'roombav2.egg-info/SOURCES.txt'
[10.165s] running build_ext
[10.167s] Creating /home/arno/RoombaV2Onboard/install/roombav2/lib/python3.10/site-packages/roombav2.egg-link (link to .)
[10.175s] Installing encoder_reader script to /home/arno/RoombaV2Onboard/install/roombav2/lib/roombav2
[10.177s] Installing joystick_motor_controller script to /home/arno/RoombaV2Onboard/install/roombav2/lib/roombav2
[10.178s] Installing nav2_motor_controller script to /home/arno/RoombaV2Onboard/install/roombav2/lib/roombav2
[10.182s] 
[10.183s] Installed /home/arno/RoombaV2Onboard/build/roombav2
[10.184s] running symlink_data
[10.454s] Invoked command in '/home/arno/RoombaV2Onboard/build/roombav2' returned '0': PYTHONPATH=/home/arno/RoombaV2Onboard/build/roombav2/prefix_override:/usr/lib/python3/dist-packages/colcon_core/task/python/colcon_distutils_commands:/home/arno/RoombaV2Onboard/install/roombav2/lib/python3.10/site-packages:${PYTHONPATH} /usr/bin/python3 -W ignore:setup.py install is deprecated setup.py develop --editable --build-directory /home/arno/RoombaV2Onboard/build/roombav2/build --no-deps symlink_data
