[2.639s] Invoking command in '/home/arno/RoombaV2Onboard/build/roombav2': PYTHONPATH=/home/arno/RoombaV2Onboard/build/roombav2/prefix_override:/usr/lib/python3/dist-packages/colcon_core/task/python/colcon_distutils_commands:/home/arno/RoombaV2Onboard/install/roombav2/lib/python3.10/site-packages:${PYTHONPATH} /usr/bin/python3 -W ignore:setup.py install is deprecated setup.py develop --editable --build-directory /home/arno/RoombaV2Onboard/build/roombav2/build --no-deps symlink_data
[3.716s] running develop
[3.718s] /usr/lib/python3/dist-packages/setuptools/command/easy_install.py:158: EasyInstallDeprecationWarning: easy_install command is deprecated. Use build and pip and other standards-based tools.
[3.718s]   warnings.warn(
[4.368s] running egg_info
[4.368s] writing roombav2.egg-info/PKG-INFO
[4.369s] writing dependency_links to roombav2.egg-info/dependency_links.txt
[4.370s] writing entry points to roombav2.egg-info/entry_points.txt
[4.371s] writing requirements to roombav2.egg-info/requires.txt
[4.372s] writing top-level names to roombav2.egg-info/top_level.txt
[4.380s] reading manifest file 'roombav2.egg-info/SOURCES.txt'
[4.385s] writing manifest file 'roombav2.egg-info/SOURCES.txt'
[4.391s] running build_ext
[4.392s] Creating /home/arno/RoombaV2Onboard/install/roombav2/lib/python3.10/site-packages/roombav2.egg-link (link to .)
[4.395s] Installing encoder_reader script to /home/arno/RoombaV2Onboard/install/roombav2/lib/roombav2
[4.396s] Installing joystick_motor_controller script to /home/arno/RoombaV2Onboard/install/roombav2/lib/roombav2
[4.397s] Installing nav2_motor_controller script to /home/arno/RoombaV2Onboard/install/roombav2/lib/roombav2
[4.398s] Installing pwm_open_loop script to /home/arno/RoombaV2Onboard/install/roombav2/lib/roombav2
[4.398s] Installing system_info script to /home/arno/RoombaV2Onboard/install/roombav2/lib/roombav2
[4.400s] 
[4.400s] Installed /home/arno/RoombaV2Onboard/build/roombav2
[4.400s] running symlink_data
[4.534s] Invoked command in '/home/arno/RoombaV2Onboard/build/roombav2' returned '0': PYTHONPATH=/home/arno/RoombaV2Onboard/build/roombav2/prefix_override:/usr/lib/python3/dist-packages/colcon_core/task/python/colcon_distutils_commands:/home/arno/RoombaV2Onboard/install/roombav2/lib/python3.10/site-packages:${PYTHONPATH} /usr/bin/python3 -W ignore:setup.py install is deprecated setup.py develop --editable --build-directory /home/arno/RoombaV2Onboard/build/roombav2/build --no-deps symlink_data
