[1.503s] Invoking command in '/home/arno/RoombaV2Onboard/src/roombav2': PYTHONPATH=/home/arno/RoombaV2Onboard/build/roombav2/prefix_override:/usr/lib/python3/dist-packages/colcon_core/task/python/colcon_distutils_commands:/home/arno/RoombaV2Onboard/install/roombav2/lib/python3.10/site-packages:${PYTHONPATH} /usr/bin/python3 -W ignore:setup.py install is deprecated setup.py egg_info --egg-base ../../build/roombav2 build --build-base /home/arno/RoombaV2Onboard/build/roombav2/build install --record /home/arno/RoombaV2Onboard/build/roombav2/install.log --single-version-externally-managed install_data
[1.851s] running egg_info
[1.852s] writing ../../build/roombav2/roombav2.egg-info/PKG-INFO
[1.852s] writing dependency_links to ../../build/roombav2/roombav2.egg-info/dependency_links.txt
[1.853s] writing entry points to ../../build/roombav2/roombav2.egg-info/entry_points.txt
[1.853s] writing requirements to ../../build/roombav2/roombav2.egg-info/requires.txt
[1.853s] writing top-level names to ../../build/roombav2/roombav2.egg-info/top_level.txt
[1.857s] reading manifest file '../../build/roombav2/roombav2.egg-info/SOURCES.txt'
[1.859s] writing manifest file '../../build/roombav2/roombav2.egg-info/SOURCES.txt'
[1.859s] running build
[1.859s] running build_py
[1.860s] running install
[1.860s] running install_lib
[1.862s] running install_data
[1.862s] running install_egg_info
[1.865s] removing '/home/arno/RoombaV2Onboard/install/roombav2/lib/python3.10/site-packages/roombav2-0.0.0-py3.10.egg-info' (and everything under it)
[1.866s] Copying ../../build/roombav2/roombav2.egg-info to /home/arno/RoombaV2Onboard/install/roombav2/lib/python3.10/site-packages/roombav2-0.0.0-py3.10.egg-info
[1.867s] running install_scripts
[1.896s] Installing encoder_reader script to /home/arno/RoombaV2Onboard/install/roombav2/lib/roombav2
[1.897s] Installing joystick_motor_controller script to /home/arno/RoombaV2Onboard/install/roombav2/lib/roombav2
[1.897s] Installing nav2_motor_controller script to /home/arno/RoombaV2Onboard/install/roombav2/lib/roombav2
[1.897s] Installing pwm_open_loop script to /home/arno/RoombaV2Onboard/install/roombav2/lib/roombav2
[1.898s] Installing system_info script to /home/arno/RoombaV2Onboard/install/roombav2/lib/roombav2
[1.898s] writing list of installed files to '/home/arno/RoombaV2Onboard/build/roombav2/install.log'
[1.958s] Invoked command in '/home/arno/RoombaV2Onboard/src/roombav2' returned '0': PYTHONPATH=/home/arno/RoombaV2Onboard/build/roombav2/prefix_override:/usr/lib/python3/dist-packages/colcon_core/task/python/colcon_distutils_commands:/home/arno/RoombaV2Onboard/install/roombav2/lib/python3.10/site-packages:${PYTHONPATH} /usr/bin/python3 -W ignore:setup.py install is deprecated setup.py egg_info --egg-base ../../build/roombav2 build --build-base /home/arno/RoombaV2Onboard/build/roombav2/build install --record /home/arno/RoombaV2Onboard/build/roombav2/install.log --single-version-externally-managed install_data
