[6.499s] Invoking command in '/home/arno/RoombaV2Onboard/src/roombav2': PYTHONPATH=/home/arno/RoombaV2Onboard/build/roombav2/prefix_override:/usr/lib/python3/dist-packages/colcon_core/task/python/colcon_distutils_commands:/home/arno/RoombaV2Onboard/install/roombav2/lib/python3.10/site-packages:${PYTHONPATH} /usr/bin/python3 -W ignore:setup.py install is deprecated setup.py egg_info --egg-base ../../build/roombav2 build --build-base /home/arno/RoombaV2Onboard/build/roombav2/build install --record /home/arno/RoombaV2Onboard/build/roombav2/install.log --single-version-externally-managed install_data
[8.761s] running egg_info
[8.765s] writing ../../build/roombav2/roombav2.egg-info/PKG-INFO
[8.767s] writing dependency_links to ../../build/roombav2/roombav2.egg-info/dependency_links.txt
[8.770s] writing entry points to ../../build/roombav2/roombav2.egg-info/entry_points.txt
[8.772s] writing requirements to ../../build/roombav2/roombav2.egg-info/requires.txt
[8.773s] writing top-level names to ../../build/roombav2/roombav2.egg-info/top_level.txt
[8.800s] reading manifest file '../../build/roombav2/roombav2.egg-info/SOURCES.txt'
[8.816s] writing manifest file '../../build/roombav2/roombav2.egg-info/SOURCES.txt'
[8.818s] running build
[8.819s] running build_py
[8.824s] running install
[8.827s] running install_lib
[8.840s] running install_data
[8.845s] copying models/microver.urdf.xacro -> /home/arno/RoombaV2Onboard/install/roombav2/share/roombav2/models
[8.847s] running install_egg_info
[8.860s] removing '/home/arno/RoombaV2Onboard/install/roombav2/lib/python3.10/site-packages/roombav2-0.0.0-py3.10.egg-info' (and everything under it)
[8.864s] Copying ../../build/roombav2/roombav2.egg-info to /home/arno/RoombaV2Onboard/install/roombav2/lib/python3.10/site-packages/roombav2-0.0.0-py3.10.egg-info
[8.875s] running install_scripts
[9.038s] Installing encoder_reader script to /home/arno/RoombaV2Onboard/install/roombav2/lib/roombav2
[9.040s] Installing joystick_motor_controller script to /home/arno/RoombaV2Onboard/install/roombav2/lib/roombav2
[9.042s] Installing nav2_motor_controller script to /home/arno/RoombaV2Onboard/install/roombav2/lib/roombav2
[9.045s] writing list of installed files to '/home/arno/RoombaV2Onboard/build/roombav2/install.log'
[9.274s] Invoked command in '/home/arno/RoombaV2Onboard/src/roombav2' returned '0': PYTHONPATH=/home/arno/RoombaV2Onboard/build/roombav2/prefix_override:/usr/lib/python3/dist-packages/colcon_core/task/python/colcon_distutils_commands:/home/arno/RoombaV2Onboard/install/roombav2/lib/python3.10/site-packages:${PYTHONPATH} /usr/bin/python3 -W ignore:setup.py install is deprecated setup.py egg_info --egg-base ../../build/roombav2 build --build-base /home/arno/RoombaV2Onboard/build/roombav2/build install --record /home/arno/RoombaV2Onboard/build/roombav2/install.log --single-version-externally-managed install_data
