[2.597s] Invoking command in '/home/arno/RoombaV2Onboard/src/roombav2': PYTHONPATH=/home/arno/RoombaV2Onboard/build/roombav2/prefix_override:/usr/lib/python3/dist-packages/colcon_core/task/python/colcon_distutils_commands:/home/arno/RoombaV2Onboard/install/roombav2/lib/python3.10/site-packages:${PYTHONPATH} /usr/bin/python3 -W ignore:setup.py install is deprecated setup.py egg_info --egg-base ../../build/roombav2 build --build-base /home/arno/RoombaV2Onboard/build/roombav2/build install --record /home/arno/RoombaV2Onboard/build/roombav2/install.log --single-version-externally-managed install_data
[3.585s] running egg_info
[3.587s] writing ../../build/roombav2/roombav2.egg-info/PKG-INFO
[3.588s] writing dependency_links to ../../build/roombav2/roombav2.egg-info/dependency_links.txt
[3.589s] writing entry points to ../../build/roombav2/roombav2.egg-info/entry_points.txt
[3.590s] writing requirements to ../../build/roombav2/roombav2.egg-info/requires.txt
[3.590s] writing top-level names to ../../build/roombav2/roombav2.egg-info/top_level.txt
[3.599s] reading manifest file '../../build/roombav2/roombav2.egg-info/SOURCES.txt'
[3.604s] writing manifest file '../../build/roombav2/roombav2.egg-info/SOURCES.txt'
[3.605s] running build
[3.605s] running build_py
[3.607s] copying roombav2/pwm_open_loop.py -> /home/arno/RoombaV2Onboard/build/roombav2/build/lib/roombav2
[3.609s] running install
[3.610s] running install_lib
[3.614s] copying /home/arno/RoombaV2Onboard/build/roombav2/build/lib/roombav2/pwm_open_loop.py -> /home/arno/RoombaV2Onboard/install/roombav2/lib/python3.10/site-packages/roombav2
[3.618s] byte-compiling /home/arno/RoombaV2Onboard/install/roombav2/lib/python3.10/site-packages/roombav2/pwm_open_loop.py to pwm_open_loop.cpython-310.pyc
[3.625s] running install_data
[3.627s] copying roombav2/pwm_open_loop.py -> /home/arno/RoombaV2Onboard/install/roombav2/share/roombav2
[3.630s] running install_egg_info
[3.636s] removing '/home/arno/RoombaV2Onboard/install/roombav2/lib/python3.10/site-packages/roombav2-0.0.0-py3.10.egg-info' (and everything under it)
[3.638s] Copying ../../build/roombav2/roombav2.egg-info to /home/arno/RoombaV2Onboard/install/roombav2/lib/python3.10/site-packages/roombav2-0.0.0-py3.10.egg-info
[3.643s] running install_scripts
[3.721s] Installing encoder_reader script to /home/arno/RoombaV2Onboard/install/roombav2/lib/roombav2
[3.722s] Installing joystick_motor_controller script to /home/arno/RoombaV2Onboard/install/roombav2/lib/roombav2
[3.723s] Installing nav2_motor_controller script to /home/arno/RoombaV2Onboard/install/roombav2/lib/roombav2
[3.723s] Installing pwm_open_loop script to /home/arno/RoombaV2Onboard/install/roombav2/lib/roombav2
[3.724s] Installing system_info script to /home/arno/RoombaV2Onboard/install/roombav2/lib/roombav2
[3.726s] writing list of installed files to '/home/arno/RoombaV2Onboard/build/roombav2/install.log'
[3.837s] Invoked command in '/home/arno/RoombaV2Onboard/src/roombav2' returned '0': PYTHONPATH=/home/arno/RoombaV2Onboard/build/roombav2/prefix_override:/usr/lib/python3/dist-packages/colcon_core/task/python/colcon_distutils_commands:/home/arno/RoombaV2Onboard/install/roombav2/lib/python3.10/site-packages:${PYTHONPATH} /usr/bin/python3 -W ignore:setup.py install is deprecated setup.py egg_info --egg-base ../../build/roombav2 build --build-base /home/arno/RoombaV2Onboard/build/roombav2/build install --record /home/arno/RoombaV2Onboard/build/roombav2/install.log --single-version-externally-managed install_data
