-- Install configuration: ""
-- Up-to-date: /home/arno/RoombaV2Onboard/install/microver_dusty/share/microver_dusty/config
-- Up-to-date: /home/arno/RoombaV2Onboard/install/microver_dusty/share/microver_dusty/launch
-- Up-to-date: /home/arno/RoombaV2Onboard/install/microver_dusty/share/microver_dusty/launch/microver.launch.py
-- Up-to-date: /home/arno/RoombaV2Onboard/install/microver_dusty/share/microver_dusty/maps
-- Up-to-date: /home/arno/RoombaV2Onboard/install/microver_dusty/share/microver_dusty/meshes
-- Up-to-date: /home/arno/RoombaV2Onboard/install/microver_dusty/share/microver_dusty/models
-- Installing: /home/arno/RoombaV2Onboard/install/microver_dusty/share/microver_dusty/models/constants.xacro
-- Up-to-date: /home/arno/RoombaV2Onboard/install/microver_dusty/share/microver_dusty/models/microver.urdf.xacro
-- Up-to-date: /home/arno/RoombaV2Onboard/install/microver_dusty/share/microver_dusty/models/inertial_macros.xacro
-- Up-to-date: /home/arno/RoombaV2Onboard/install/microver_dusty/share/microver_dusty/params
-- Up-to-date: /home/arno/RoombaV2Onboard/install/microver_dusty/share/microver_dusty/rviz
-- Up-to-date: /home/arno/RoombaV2Onboard/install/microver_dusty/share/microver_dusty/rviz/urdf_config.rviz
-- Up-to-date: /home/arno/RoombaV2Onboard/install/microver_dusty/share/microver_dusty/src
-- Up-to-date: /home/arno/RoombaV2Onboard/install/microver_dusty/share/microver_dusty/worlds
-- Up-to-date: /home/arno/RoombaV2Onboard/install/microver_dusty/share/ament_index/resource_index/package_run_dependencies/microver_dusty
-- Up-to-date: /home/arno/RoombaV2Onboard/install/microver_dusty/share/ament_index/resource_index/parent_prefix_path/microver_dusty
-- Up-to-date: /home/arno/RoombaV2Onboard/install/microver_dusty/share/microver_dusty/environment/ament_prefix_path.sh
-- Up-to-date: /home/arno/RoombaV2Onboard/install/microver_dusty/share/microver_dusty/environment/ament_prefix_path.dsv
-- Up-to-date: /home/arno/RoombaV2Onboard/install/microver_dusty/share/microver_dusty/environment/path.sh
-- Up-to-date: /home/arno/RoombaV2Onboard/install/microver_dusty/share/microver_dusty/environment/path.dsv
-- Up-to-date: /home/arno/RoombaV2Onboard/install/microver_dusty/share/microver_dusty/local_setup.bash
-- Up-to-date: /home/arno/RoombaV2Onboard/install/microver_dusty/share/microver_dusty/local_setup.sh
-- Up-to-date: /home/arno/RoombaV2Onboard/install/microver_dusty/share/microver_dusty/local_setup.zsh
-- Up-to-date: /home/arno/RoombaV2Onboard/install/microver_dusty/share/microver_dusty/local_setup.dsv
-- Installing: /home/arno/RoombaV2Onboard/install/microver_dusty/share/microver_dusty/package.dsv
-- Up-to-date: /home/arno/RoombaV2Onboard/install/microver_dusty/share/ament_index/resource_index/packages/microver_dusty
-- Up-to-date: /home/arno/RoombaV2Onboard/install/microver_dusty/share/microver_dusty/cmake/microver_dustyConfig.cmake
-- Up-to-date: /home/arno/RoombaV2Onboard/install/microver_dusty/share/microver_dusty/cmake/microver_dustyConfig-version.cmake
-- Up-to-date: /home/arno/RoombaV2Onboard/install/microver_dusty/share/microver_dusty/package.xml
