[6.879s] Invoking command in '/home/arno/RoombaV2Onboard/build/roombav2': PYTHONPATH=/home/arno/RoombaV2Onboard/build/roombav2/prefix_override:/usr/lib/python3/dist-packages/colcon_core/task/python/colcon_distutils_commands:/home/arno/RoombaV2Onboard/install/roombav2/lib/python3.10/site-packages:${PYTHONPATH} /usr/bin/python3 -W ignore:setup.py install is deprecated setup.py develop --editable --build-directory /home/arno/RoombaV2Onboard/build/roombav2/build --no-deps symlink_data
[8.501s] running develop
[8.503s] /usr/lib/python3/dist-packages/setuptools/command/easy_install.py:158: EasyInstallDeprecationWarning: easy_install command is deprecated. Use build and pip and other standards-based tools.
[8.504s]   warnings.warn(
[9.533s] running egg_info
[9.534s] writing roombav2.egg-info/PKG-INFO
[9.536s] writing dependency_links to roombav2.egg-info/dependency_links.txt
[9.538s] writing entry points to roombav2.egg-info/entry_points.txt
[9.539s] writing requirements to roombav2.egg-info/requires.txt
[9.543s] writing top-level names to roombav2.egg-info/top_level.txt
[9.555s] reading manifest file 'roombav2.egg-info/SOURCES.txt'
[9.563s] writing manifest file 'roombav2.egg-info/SOURCES.txt'
[9.573s] running build_ext
[9.575s] Creating /home/arno/RoombaV2Onboard/install/roombav2/lib/python3.10/site-packages/roombav2.egg-link (link to .)
[9.582s] Installing encoder_reader script to /home/arno/RoombaV2Onboard/install/roombav2/lib/roombav2
[9.584s] Installing joystick_motor_controller script to /home/arno/RoombaV2Onboard/install/roombav2/lib/roombav2
[9.586s] Installing nav2_motor_controller script to /home/arno/RoombaV2Onboard/install/roombav2/lib/roombav2
[9.589s] 
[9.590s] Installed /home/arno/RoombaV2Onboard/build/roombav2
[9.591s] running symlink_data
[10.005s] Invoked command in '/home/arno/RoombaV2Onboard/build/roombav2' returned '0': PYTHONPATH=/home/arno/RoombaV2Onboard/build/roombav2/prefix_override:/usr/lib/python3/dist-packages/colcon_core/task/python/colcon_distutils_commands:/home/arno/RoombaV2Onboard/install/roombav2/lib/python3.10/site-packages:${PYTHONPATH} /usr/bin/python3 -W ignore:setup.py install is deprecated setup.py develop --editable --build-directory /home/arno/RoombaV2Onboard/build/roombav2/build --no-deps symlink_data
