[11.967s] Invoking command in '/home/arno/RoombaV2Onboard/build/roombav2': PYTHONPATH=/home/arno/RoombaV2Onboard/build/roombav2/prefix_override:/usr/lib/python3/dist-packages/colcon_core/task/python/colcon_distutils_commands:/home/arno/RoombaV2Onboard/install/roombav2/lib/python3.10/site-packages:${PYTHONPATH} /usr/bin/python3 -W ignore:setup.py install is deprecated setup.py develop --editable --build-directory /home/arno/RoombaV2Onboard/build/roombav2/build --no-deps symlink_data
[13.647s] running develop
[13.649s] /usr/lib/python3/dist-packages/setuptools/command/easy_install.py:158: EasyInstallDeprecationWarning: easy_install command is deprecated. Use build and pip and other standards-based tools.
[13.649s]   warnings.warn(
[14.645s] running egg_info
[14.646s] writing roombav2.egg-info/PKG-INFO
[14.648s] writing dependency_links to roombav2.egg-info/dependency_links.txt
[14.665s] writing entry points to roombav2.egg-info/entry_points.txt
[14.665s] writing requirements to roombav2.egg-info/requires.txt
[14.666s] writing top-level names to roombav2.egg-info/top_level.txt
[14.675s] reading manifest file 'roombav2.egg-info/SOURCES.txt'
[14.690s] writing manifest file 'roombav2.egg-info/SOURCES.txt'
[14.714s] running build_ext
[14.719s] Creating /home/arno/RoombaV2Onboard/install/roombav2/lib/python3.10/site-packages/roombav2.egg-link (link to .)
[14.734s] Installing encoder_reader script to /home/arno/RoombaV2Onboard/install/roombav2/lib/roombav2
[14.740s] Installing joystick_motor_controller script to /home/arno/RoombaV2Onboard/install/roombav2/lib/roombav2
[14.744s] Installing nav2_motor_controller script to /home/arno/RoombaV2Onboard/install/roombav2/lib/roombav2
[14.753s] 
[14.756s] Installed /home/arno/RoombaV2Onboard/build/roombav2
[14.760s] running symlink_data
[15.090s] Invoked command in '/home/arno/RoombaV2Onboard/build/roombav2' returned '0': PYTHONPATH=/home/arno/RoombaV2Onboard/build/roombav2/prefix_override:/usr/lib/python3/dist-packages/colcon_core/task/python/colcon_distutils_commands:/home/arno/RoombaV2Onboard/install/roombav2/lib/python3.10/site-packages:${PYTHONPATH} /usr/bin/python3 -W ignore:setup.py install is deprecated setup.py develop --editable --build-directory /home/arno/RoombaV2Onboard/build/roombav2/build --no-deps symlink_data
