[1.761s] Invoking command in '/home/arno/RoombaV2Onboard/build/roombav2': PYTHONPATH=/home/arno/RoombaV2Onboard/build/roombav2/prefix_override:/usr/lib/python3/dist-packages/colcon_core/task/python/colcon_distutils_commands:/home/arno/RoombaV2Onboard/install/roombav2/lib/python3.10/site-packages:${PYTHONPATH} /usr/bin/python3 -W ignore:setup.py install is deprecated setup.py develop --editable --build-directory /home/arno/RoombaV2Onboard/build/roombav2/build --no-deps symlink_data --force
[2.255s] running develop
[2.256s] /usr/lib/python3/dist-packages/setuptools/command/easy_install.py:158: EasyInstallDeprecationWarning: easy_install command is deprecated. Use build and pip and other standards-based tools.
[2.256s]   warnings.warn(
[2.588s] running egg_info
[2.588s] writing roombav2.egg-info/PKG-INFO
[2.588s] writing dependency_links to roombav2.egg-info/dependency_links.txt
[2.588s] writing entry points to roombav2.egg-info/entry_points.txt
[2.589s] writing requirements to roombav2.egg-info/requires.txt
[2.589s] writing top-level names to roombav2.egg-info/top_level.txt
[2.591s] reading manifest file 'roombav2.egg-info/SOURCES.txt'
[2.593s] writing manifest file 'roombav2.egg-info/SOURCES.txt'
[2.595s] running build_ext
[2.595s] Creating /home/arno/RoombaV2Onboard/install/roombav2/lib/python3.10/site-packages/roombav2.egg-link (link to .)
[2.597s] Installing encoder_reader script to /home/arno/RoombaV2Onboard/install/roombav2/lib/roombav2
[2.597s] Installing joystick_motor_controller script to /home/arno/RoombaV2Onboard/install/roombav2/lib/roombav2
[2.597s] Installing nav2_motor_controller script to /home/arno/RoombaV2Onboard/install/roombav2/lib/roombav2
[2.598s] Installing pwm_open_loop script to /home/arno/RoombaV2Onboard/install/roombav2/lib/roombav2
[2.598s] Installing system_info script to /home/arno/RoombaV2Onboard/install/roombav2/lib/roombav2
[2.598s] 
[2.598s] Installed /home/arno/RoombaV2Onboard/build/roombav2
[2.598s] running symlink_data
[2.598s] symbolically linking /home/arno/RoombaV2Onboard/build/roombav2/resource/roombav2 -> /home/arno/RoombaV2Onboard/install/roombav2/share/ament_index/resource_index/packages
[2.598s] symbolically linking /home/arno/RoombaV2Onboard/build/roombav2/package.xml -> /home/arno/RoombaV2Onboard/install/roombav2/share/roombav2
[2.599s] symbolically linking /home/arno/RoombaV2Onboard/build/roombav2/roombav2/encoder_reader.py -> /home/arno/RoombaV2Onboard/install/roombav2/share/roombav2
[2.599s] symbolically linking /home/arno/RoombaV2Onboard/build/roombav2/roombav2/joystick_motor_controller.py -> /home/arno/RoombaV2Onboard/install/roombav2/share/roombav2
[2.599s] symbolically linking /home/arno/RoombaV2Onboard/build/roombav2/roombav2/nav2_motor_controller.py -> /home/arno/RoombaV2Onboard/install/roombav2/share/roombav2
[2.599s] symbolically linking /home/arno/RoombaV2Onboard/build/roombav2/roombav2/system_info.py -> /home/arno/RoombaV2Onboard/install/roombav2/share/roombav2
[2.599s] symbolically linking /home/arno/RoombaV2Onboard/build/roombav2/roombav2/pwm_open_loop.py -> /home/arno/RoombaV2Onboard/install/roombav2/share/roombav2
[2.599s] symbolically linking /home/arno/RoombaV2Onboard/build/roombav2/launch/nav2_bringup.launch.py -> /home/arno/RoombaV2Onboard/install/roombav2/share/roombav2/launch
[2.600s] symbolically linking /home/arno/RoombaV2Onboard/build/roombav2/launch/microver.launch.py -> /home/arno/RoombaV2Onboard/install/roombav2/share/roombav2/launch
[2.600s] symbolically linking /home/arno/RoombaV2Onboard/build/roombav2/config/amcl_params.yaml -> /home/arno/RoombaV2Onboard/install/roombav2/share/roombav2/config
[2.600s] symbolically linking /home/arno/RoombaV2Onboard/build/roombav2/config/costmap_params.yaml -> /home/arno/RoombaV2Onboard/install/roombav2/share/roombav2/config
[2.600s] symbolically linking /home/arno/RoombaV2Onboard/build/roombav2/config/planner_params.yaml -> /home/arno/RoombaV2Onboard/install/roombav2/share/roombav2/config
[2.600s] symbolically linking /home/arno/RoombaV2Onboard/build/roombav2/config/slam_toolbox_params.yaml -> /home/arno/RoombaV2Onboard/install/roombav2/share/roombav2/config
[2.600s] symbolically linking /home/arno/RoombaV2Onboard/build/roombav2/config/ekf.yaml -> /home/arno/RoombaV2Onboard/install/roombav2/share/roombav2/config
[2.600s] symbolically linking /home/arno/RoombaV2Onboard/build/roombav2/config/twist_mux.yaml -> /home/arno/RoombaV2Onboard/install/roombav2/share/roombav2/config
[2.601s] symbolically linking /home/arno/RoombaV2Onboard/build/roombav2/models/microver.urdf.xacro -> /home/arno/RoombaV2Onboard/install/roombav2/share/roombav2/models
[2.601s] symbolically linking /home/arno/RoombaV2Onboard/build/roombav2/models/constants.xacro -> /home/arno/RoombaV2Onboard/install/roombav2/share/roombav2/models
[2.601s] symbolically linking /home/arno/RoombaV2Onboard/build/roombav2/models/inertial_macros.xacro -> /home/arno/RoombaV2Onboard/install/roombav2/share/roombav2/models
[2.638s] Invoked command in '/home/arno/RoombaV2Onboard/build/roombav2' returned '0': PYTHONPATH=/home/arno/RoombaV2Onboard/build/roombav2/prefix_override:/usr/lib/python3/dist-packages/colcon_core/task/python/colcon_distutils_commands:/home/arno/RoombaV2Onboard/install/roombav2/lib/python3.10/site-packages:${PYTHONPATH} /usr/bin/python3 -W ignore:setup.py install is deprecated setup.py develop --editable --build-directory /home/arno/RoombaV2Onboard/build/roombav2/build --no-deps symlink_data --force
