[1.169s] DEBUG:colcon:Command line arguments: ['/usr/bin/colcon', 'build', '--packages-select', 'roombav3']
[1.169s] DEBUG:colcon:Parsed command line arguments: Namespace(log_base=None, log_level=None, verb_name='build', build_base='build', install_base='install', merge_install=False, symlink_install=False, test_result_base=None, continue_on_error=False, executor='parallel', parallel_workers=4, event_handlers=None, ignore_user_meta=False, metas=['./colcon.meta'], base_paths=['.'], packages_ignore=None, packages_ignore_regex=None, paths=None, packages_up_to=None, packages_up_to_regex=None, packages_above=None, packages_above_and_dependencies=None, packages_above_depth=None, packages_select_by_dep=None, packages_skip_by_dep=None, packages_skip_up_to=None, packages_select_build_failed=False, packages_skip_build_finished=False, packages_select_test_failures=False, packages_skip_test_passed=False, packages_select=['roombav3'], packages_skip=None, packages_select_regex=None, packages_skip_regex=None, packages_start=None, packages_end=None, allow_overriding=[], cmake_args=None, cmake_target=None, cmake_target_skip_unavailable=False, cmake_clean_cache=False, cmake_clean_first=False, cmake_force_configure=False, ament_cmake_args=None, catkin_cmake_args=None, catkin_skip_building_tests=False, mixin_files=None, mixin=None, verb_parser=<colcon_mixin.mixin.mixin_argument.MixinArgumentDecorator object at 0xffff941511e0>, verb_extension=<colcon_core.verb.build.BuildVerb object at 0xffff94295930>, main=<bound method BuildVerb.main of <colcon_core.verb.build.BuildVerb object at 0xffff94295930>>, mixin_verb=('build',))
[3.473s] Level 1:colcon.colcon_core.package_discovery:discover_packages(colcon_meta) check parameters
[3.474s] Level 1:colcon.colcon_core.package_discovery:discover_packages(recursive) check parameters
[3.475s] Level 1:colcon.colcon_core.package_discovery:discover_packages(ignore) check parameters
[3.475s] Level 1:colcon.colcon_core.package_discovery:discover_packages(path) check parameters
[3.475s] Level 1:colcon.colcon_core.package_discovery:discover_packages(colcon_meta) discover
[3.476s] Level 1:colcon.colcon_core.package_discovery:discover_packages(recursive) discover
[3.476s] INFO:colcon.colcon_core.package_discovery:Crawling recursively for packages in '/home/arno/RoombaV2Onboard'
[3.477s] Level 1:colcon.colcon_core.package_identification:_identify(.) by extensions ['ignore', 'ignore_ament_install']
[3.478s] Level 1:colcon.colcon_core.package_identification:_identify(.) by extension 'ignore'
[3.479s] Level 1:colcon.colcon_core.package_identification:_identify(.) by extension 'ignore_ament_install'
[3.480s] Level 1:colcon.colcon_core.package_identification:_identify(.) by extensions ['colcon_pkg']
[3.480s] Level 1:colcon.colcon_core.package_identification:_identify(.) by extension 'colcon_pkg'
[3.480s] Level 1:colcon.colcon_core.package_identification:_identify(.) by extensions ['colcon_meta']
[3.481s] Level 1:colcon.colcon_core.package_identification:_identify(.) by extension 'colcon_meta'
[3.481s] Level 1:colcon.colcon_core.package_identification:_identify(.) by extensions ['ros']
[3.482s] Level 1:colcon.colcon_core.package_identification:_identify(.) by extension 'ros'
[3.624s] Level 1:colcon.colcon_core.package_identification:_identify(.) by extensions ['cmake', 'python']
[3.625s] Level 1:colcon.colcon_core.package_identification:_identify(.) by extension 'cmake'
[3.625s] Level 1:colcon.colcon_core.package_identification:_identify(.) by extension 'python'
[3.625s] Level 1:colcon.colcon_core.package_identification:_identify(.) by extensions ['python_setup_py']
[3.626s] Level 1:colcon.colcon_core.package_identification:_identify(.) by extension 'python_setup_py'
[3.628s] Level 1:colcon.colcon_core.package_identification:_identify(Camera) by extensions ['ignore', 'ignore_ament_install']
[3.628s] Level 1:colcon.colcon_core.package_identification:_identify(Camera) by extension 'ignore'
[3.629s] Level 1:colcon.colcon_core.package_identification:_identify(Camera) by extension 'ignore_ament_install'
[3.630s] Level 1:colcon.colcon_core.package_identification:_identify(Camera) by extensions ['colcon_pkg']
[3.630s] Level 1:colcon.colcon_core.package_identification:_identify(Camera) by extension 'colcon_pkg'
[3.630s] Level 1:colcon.colcon_core.package_identification:_identify(Camera) by extensions ['colcon_meta']
[3.631s] Level 1:colcon.colcon_core.package_identification:_identify(Camera) by extension 'colcon_meta'
[3.631s] Level 1:colcon.colcon_core.package_identification:_identify(Camera) by extensions ['ros']
[3.631s] Level 1:colcon.colcon_core.package_identification:_identify(Camera) by extension 'ros'
[3.632s] Level 1:colcon.colcon_core.package_identification:_identify(Camera) by extensions ['cmake', 'python']
[3.632s] Level 1:colcon.colcon_core.package_identification:_identify(Camera) by extension 'cmake'
[3.633s] Level 1:colcon.colcon_core.package_identification:_identify(Camera) by extension 'python'
[3.633s] Level 1:colcon.colcon_core.package_identification:_identify(Camera) by extensions ['python_setup_py']
[3.633s] Level 1:colcon.colcon_core.package_identification:_identify(Camera) by extension 'python_setup_py'
[3.634s] Level 1:colcon.colcon_core.package_identification:_identify(build) by extensions ['ignore', 'ignore_ament_install']
[3.635s] Level 1:colcon.colcon_core.package_identification:_identify(build) by extension 'ignore'
[3.636s] Level 1:colcon.colcon_core.package_identification:_identify(build) ignored
[3.637s] Level 1:colcon.colcon_core.package_identification:_identify(install) by extensions ['ignore', 'ignore_ament_install']
[3.638s] Level 1:colcon.colcon_core.package_identification:_identify(install) by extension 'ignore'
[3.638s] Level 1:colcon.colcon_core.package_identification:_identify(install) ignored
[3.639s] Level 1:colcon.colcon_core.package_identification:_identify(log) by extensions ['ignore', 'ignore_ament_install']
[3.640s] Level 1:colcon.colcon_core.package_identification:_identify(log) by extension 'ignore'
[3.640s] Level 1:colcon.colcon_core.package_identification:_identify(log) ignored
[3.641s] Level 1:colcon.colcon_core.package_identification:_identify(src) by extensions ['ignore', 'ignore_ament_install']
[3.642s] Level 1:colcon.colcon_core.package_identification:_identify(src) by extension 'ignore'
[3.642s] Level 1:colcon.colcon_core.package_identification:_identify(src) by extension 'ignore_ament_install'
[3.643s] Level 1:colcon.colcon_core.package_identification:_identify(src) by extensions ['colcon_pkg']
[3.643s] Level 1:colcon.colcon_core.package_identification:_identify(src) by extension 'colcon_pkg'
[3.643s] Level 1:colcon.colcon_core.package_identification:_identify(src) by extensions ['colcon_meta']
[3.644s] Level 1:colcon.colcon_core.package_identification:_identify(src) by extension 'colcon_meta'
[3.644s] Level 1:colcon.colcon_core.package_identification:_identify(src) by extensions ['ros']
[3.644s] Level 1:colcon.colcon_core.package_identification:_identify(src) by extension 'ros'
[3.645s] Level 1:colcon.colcon_core.package_identification:_identify(src) by extensions ['cmake', 'python']
[3.646s] Level 1:colcon.colcon_core.package_identification:_identify(src) by extension 'cmake'
[3.646s] Level 1:colcon.colcon_core.package_identification:_identify(src) by extension 'python'
[3.646s] Level 1:colcon.colcon_core.package_identification:_identify(src) by extensions ['python_setup_py']
[3.647s] Level 1:colcon.colcon_core.package_identification:_identify(src) by extension 'python_setup_py'
[3.649s] Level 1:colcon.colcon_core.package_identification:_identify(src/RoverReceive) by extensions ['ignore', 'ignore_ament_install']
[3.649s] Level 1:colcon.colcon_core.package_identification:_identify(src/RoverReceive) by extension 'ignore'
[3.650s] Level 1:colcon.colcon_core.package_identification:_identify(src/RoverReceive) by extension 'ignore_ament_install'
[3.650s] Level 1:colcon.colcon_core.package_identification:_identify(src/RoverReceive) by extensions ['colcon_pkg']
[3.651s] Level 1:colcon.colcon_core.package_identification:_identify(src/RoverReceive) by extension 'colcon_pkg'
[3.651s] Level 1:colcon.colcon_core.package_identification:_identify(src/RoverReceive) by extensions ['colcon_meta']
[3.651s] Level 1:colcon.colcon_core.package_identification:_identify(src/RoverReceive) by extension 'colcon_meta'
[3.652s] Level 1:colcon.colcon_core.package_identification:_identify(src/RoverReceive) by extensions ['ros']
[3.652s] Level 1:colcon.colcon_core.package_identification:_identify(src/RoverReceive) by extension 'ros'
[3.677s] DEBUG:colcon.colcon_core.package_identification:Package 'src/RoverReceive' with type 'ros.ament_python' and name 'RoverReceive'
[3.678s] Level 1:colcon.colcon_core.package_identification:_identify(src/roombav2) by extensions ['ignore', 'ignore_ament_install']
[3.679s] Level 1:colcon.colcon_core.package_identification:_identify(src/roombav2) by extension 'ignore'
[3.680s] Level 1:colcon.colcon_core.package_identification:_identify(src/roombav2) by extension 'ignore_ament_install'
[3.680s] Level 1:colcon.colcon_core.package_identification:_identify(src/roombav2) by extensions ['colcon_pkg']
[3.681s] Level 1:colcon.colcon_core.package_identification:_identify(src/roombav2) by extension 'colcon_pkg'
[3.681s] Level 1:colcon.colcon_core.package_identification:_identify(src/roombav2) by extensions ['colcon_meta']
[3.681s] Level 1:colcon.colcon_core.package_identification:_identify(src/roombav2) by extension 'colcon_meta'
[3.682s] Level 1:colcon.colcon_core.package_identification:_identify(src/roombav2) by extensions ['ros']
[3.682s] Level 1:colcon.colcon_core.package_identification:_identify(src/roombav2) by extension 'ros'
[3.688s] DEBUG:colcon.colcon_core.package_identification:Package 'src/roombav2' with type 'ros.ament_python' and name 'roombav2'
[3.690s] Level 1:colcon.colcon_core.package_identification:_identify(src/rover_stream) by extensions ['ignore', 'ignore_ament_install']
[3.691s] Level 1:colcon.colcon_core.package_identification:_identify(src/rover_stream) by extension 'ignore'
[3.692s] Level 1:colcon.colcon_core.package_identification:_identify(src/rover_stream) by extension 'ignore_ament_install'
[3.692s] Level 1:colcon.colcon_core.package_identification:_identify(src/rover_stream) by extensions ['colcon_pkg']
[3.693s] Level 1:colcon.colcon_core.package_identification:_identify(src/rover_stream) by extension 'colcon_pkg'
[3.693s] Level 1:colcon.colcon_core.package_identification:_identify(src/rover_stream) by extensions ['colcon_meta']
[3.693s] Level 1:colcon.colcon_core.package_identification:_identify(src/rover_stream) by extension 'colcon_meta'
[3.694s] Level 1:colcon.colcon_core.package_identification:_identify(src/rover_stream) by extensions ['ros']
[3.694s] Level 1:colcon.colcon_core.package_identification:_identify(src/rover_stream) by extension 'ros'
[3.699s] DEBUG:colcon.colcon_core.package_identification:Package 'src/rover_stream' with type 'ros.ament_python' and name 'rover_stream'
[3.701s] Level 1:colcon.colcon_core.package_identification:_identify(src/sllidar_ros2) by extensions ['ignore', 'ignore_ament_install']
[3.703s] Level 1:colcon.colcon_core.package_identification:_identify(src/sllidar_ros2) by extension 'ignore'
[3.704s] Level 1:colcon.colcon_core.package_identification:_identify(src/sllidar_ros2) by extension 'ignore_ament_install'
[3.705s] Level 1:colcon.colcon_core.package_identification:_identify(src/sllidar_ros2) by extensions ['colcon_pkg']
[3.705s] Level 1:colcon.colcon_core.package_identification:_identify(src/sllidar_ros2) by extension 'colcon_pkg'
[3.706s] Level 1:colcon.colcon_core.package_identification:_identify(src/sllidar_ros2) by extensions ['colcon_meta']
[3.706s] Level 1:colcon.colcon_core.package_identification:_identify(src/sllidar_ros2) by extension 'colcon_meta'
[3.707s] Level 1:colcon.colcon_core.package_identification:_identify(src/sllidar_ros2) by extensions ['ros']
[3.707s] Level 1:colcon.colcon_core.package_identification:_identify(src/sllidar_ros2) by extension 'ros'
[3.715s] DEBUG:colcon.colcon_core.package_identification:Package 'src/sllidar_ros2' with type 'ros.ament_cmake' and name 'sllidar_ros2'
[3.716s] Level 1:colcon.colcon_core.package_discovery:discover_packages(recursive) using defaults
[3.716s] Level 1:colcon.colcon_core.package_discovery:discover_packages(ignore) discover
[3.716s] Level 1:colcon.colcon_core.package_discovery:discover_packages(ignore) using defaults
[3.717s] Level 1:colcon.colcon_core.package_discovery:discover_packages(path) discover
[3.717s] Level 1:colcon.colcon_core.package_discovery:discover_packages(path) using defaults
[3.718s] WARNING:colcon.colcon_core.package_selection:ignoring unknown package 'roombav3' in --packages-select
[3.974s] INFO:colcon.colcon_core.package_selection:Skipping not selected package 'RoverReceive' in 'src/RoverReceive'
[3.974s] INFO:colcon.colcon_core.package_selection:Skipping not selected package 'roombav2' in 'src/roombav2'
[3.975s] INFO:colcon.colcon_core.package_selection:Skipping not selected package 'rover_stream' in 'src/rover_stream'
[3.975s] INFO:colcon.colcon_core.package_selection:Skipping not selected package 'sllidar_ros2' in 'src/sllidar_ros2'
[3.980s] Level 1:colcon.colcon_core.package_discovery:discover_packages(prefix_path) check parameters
[3.980s] Level 1:colcon.colcon_core.package_discovery:discover_packages(prefix_path) discover
[4.009s] DEBUG:colcon.colcon_installed_package_information.package_discovery:Found 4 installed packages in /home/arno/RoombaV2Onboard/install
[4.027s] DEBUG:colcon.colcon_installed_package_information.package_discovery:Found 250 installed packages in /opt/ros/humble
[4.039s] Level 1:colcon.colcon_core.package_discovery:discover_packages(prefix_path) using defaults
[4.465s] INFO:colcon.colcon_core.executor:Executing jobs using 'parallel' executor
[4.471s] DEBUG:colcon.colcon_parallel_executor.executor.parallel:run_until_complete
[4.472s] DEBUG:colcon.colcon_parallel_executor.executor.parallel:closing loop
[4.473s] DEBUG:colcon.colcon_parallel_executor.executor.parallel:loop closed
[4.474s] DEBUG:colcon.colcon_parallel_executor.executor.parallel:run_until_complete finished with '0'
[4.475s] DEBUG:colcon.colcon_core.event_reactor:joining thread
[4.547s] INFO:colcon.colcon_core.plugin_system:Skipping extension 'colcon_notification.desktop_notification.notify_send': Could not find 'notify-send'
[4.549s] INFO:colcon.colcon_core.plugin_system:Skipping extension 'colcon_notification.desktop_notification.terminal_notifier': Not used on non-Darwin systems
[4.550s] INFO:colcon.colcon_core.plugin_system:Skipping extension 'colcon_notification.desktop_notification.win32': Not used on non-Windows systems
[4.551s] INFO:colcon.colcon_notification.desktop_notification:Sending desktop notification using 'notify2'
[4.562s] DEBUG:colcon.colcon_notification.desktop_notification.notify2:Failed to initialize notify2: org.freedesktop.DBus.Error.ServiceUnknown: The name org.freedesktop.Notifications was not provided by any .service files
[4.563s] DEBUG:colcon.colcon_core.event_reactor:joined thread
[4.790s] INFO:colcon.colcon_core.plugin_system:Skipping extension 'colcon_core.shell.bat': Not used on non-Windows systems
[4.798s] INFO:colcon.colcon_core.shell:Creating prefix script '/home/arno/RoombaV2Onboard/install/local_setup.ps1'
[4.815s] INFO:colcon.colcon_core.shell:Creating prefix util module '/home/arno/RoombaV2Onboard/install/_local_setup_util_ps1.py'
[4.840s] INFO:colcon.colcon_core.shell:Creating prefix chain script '/home/arno/RoombaV2Onboard/install/setup.ps1'
[4.861s] INFO:colcon.colcon_core.shell:Creating prefix script '/home/arno/RoombaV2Onboard/install/local_setup.sh'
[4.870s] INFO:colcon.colcon_core.shell:Creating prefix util module '/home/arno/RoombaV2Onboard/install/_local_setup_util_sh.py'
[4.877s] INFO:colcon.colcon_core.shell:Creating prefix chain script '/home/arno/RoombaV2Onboard/install/setup.sh'
[4.902s] INFO:colcon.colcon_core.shell:Creating prefix script '/home/arno/RoombaV2Onboard/install/local_setup.bash'
[4.911s] INFO:colcon.colcon_core.shell:Creating prefix chain script '/home/arno/RoombaV2Onboard/install/setup.bash'
[4.931s] INFO:colcon.colcon_core.shell:Creating prefix script '/home/arno/RoombaV2Onboard/install/local_setup.zsh'
[4.940s] INFO:colcon.colcon_core.shell:Creating prefix chain script '/home/arno/RoombaV2Onboard/install/setup.zsh'
