[13.157s] Invoking command in '/home/arno/RoombaV2Onboard/src/rover_stream': PYTHONPATH=/home/arno/RoombaV2Onboard/build/rover_stream/prefix_override:/usr/lib/python3/dist-packages/colcon_core/task/python/colcon_distutils_commands:/home/arno/RoombaV2Onboard/install/rover_stream/lib/python3.10/site-packages:${PYTHONPATH} /usr/bin/python3 -W ignore:setup.py install is deprecated setup.py egg_info --egg-base ../../build/rover_stream build --build-base /home/arno/RoombaV2Onboard/build/rover_stream/build install --record /home/arno/RoombaV2Onboard/build/rover_stream/install.log --single-version-externally-managed install_data
[16.020s] running egg_info
[16.026s] writing ../../build/rover_stream/rover_stream.egg-info/PKG-INFO
[16.039s] writing dependency_links to ../../build/rover_stream/rover_stream.egg-info/dependency_links.txt
[16.044s] writing entry points to ../../build/rover_stream/rover_stream.egg-info/entry_points.txt
[16.046s] writing requirements to ../../build/rover_stream/rover_stream.egg-info/requires.txt
[16.048s] writing top-level names to ../../build/rover_stream/rover_stream.egg-info/top_level.txt
[16.066s] reading manifest file '../../build/rover_stream/rover_stream.egg-info/SOURCES.txt'
[16.074s] writing manifest file '../../build/rover_stream/rover_stream.egg-info/SOURCES.txt'
[16.076s] running build
[16.078s] running build_py
[16.082s] running install
[16.085s] running install_lib
[16.101s] running install_data
[16.103s] running install_egg_info
[16.122s] removing '/home/arno/RoombaV2Onboard/install/rover_stream/lib/python3.10/site-packages/rover_stream-0.0.0-py3.10.egg-info' (and everything under it)
[16.127s] Copying ../../build/rover_stream/rover_stream.egg-info to /home/arno/RoombaV2Onboard/install/rover_stream/lib/python3.10/site-packages/rover_stream-0.0.0-py3.10.egg-info
[16.142s] running install_scripts
[16.374s] Installing webrtc_streamer script to /home/arno/RoombaV2Onboard/install/rover_stream/lib/rover_stream
[16.381s] writing list of installed files to '/home/arno/RoombaV2Onboard/build/rover_stream/install.log'
[16.854s] Invoked command in '/home/arno/RoombaV2Onboard/src/rover_stream' returned '0': PYTHONPATH=/home/arno/RoombaV2Onboard/build/rover_stream/prefix_override:/usr/lib/python3/dist-packages/colcon_core/task/python/colcon_distutils_commands:/home/arno/RoombaV2Onboard/install/rover_stream/lib/python3.10/site-packages:${PYTHONPATH} /usr/bin/python3 -W ignore:setup.py install is deprecated setup.py egg_info --egg-base ../../build/rover_stream build --build-base /home/arno/RoombaV2Onboard/build/rover_stream/build install --record /home/arno/RoombaV2Onboard/build/rover_stream/install.log --single-version-externally-managed install_data
