[13.302s] Invoking command in '/home/arno/RoombaV2Onboard/src/RoverReceive': PYTHONPATH=/home/arno/RoombaV2Onboard/build/RoverReceive/prefix_override:/usr/lib/python3/dist-packages/colcon_core/task/python/colcon_distutils_commands:/home/arno/RoombaV2Onboard/install/RoverReceive/lib/python3.10/site-packages:${PYTHONPATH} /usr/bin/python3 -W ignore:setup.py install is deprecated setup.py egg_info --egg-base ../../build/RoverReceive build --build-base /home/arno/RoombaV2Onboard/build/RoverReceive/build install --record /home/arno/RoombaV2Onboard/build/RoverReceive/install.log --single-version-externally-managed install_data
[16.987s] running egg_info
[16.994s] writing ../../build/RoverReceive/RoverReceive.egg-info/PKG-INFO
[16.998s] writing dependency_links to ../../build/RoverReceive/RoverReceive.egg-info/dependency_links.txt
[17.001s] writing entry points to ../../build/RoverReceive/RoverReceive.egg-info/entry_points.txt
[17.003s] writing requirements to ../../build/RoverReceive/RoverReceive.egg-info/requires.txt
[17.006s] writing top-level names to ../../build/RoverReceive/RoverReceive.egg-info/top_level.txt
[17.033s] reading manifest file '../../build/RoverReceive/RoverReceive.egg-info/SOURCES.txt'
[17.039s] adding license file 'LICENSE'
[17.051s] writing manifest file '../../build/RoverReceive/RoverReceive.egg-info/SOURCES.txt'
[17.056s] running build
[17.059s] running build_py
[17.071s] running install
[17.077s] running install_lib
[17.108s] running install_data
[17.109s] running install_egg_info
[17.125s] removing '/home/arno/RoombaV2Onboard/install/RoverReceive/lib/python3.10/site-packages/RoverReceive-0.0.0-py3.10.egg-info' (and everything under it)
[17.133s] Copying ../../build/RoverReceive/RoverReceive.egg-info to /home/arno/RoombaV2Onboard/install/RoverReceive/lib/python3.10/site-packages/RoverReceive-0.0.0-py3.10.egg-info
[17.154s] running install_scripts
[17.422s] Installing receive_node script to /home/arno/RoombaV2Onboard/install/RoverReceive/lib/RoverReceive
[17.429s] writing list of installed files to '/home/arno/RoombaV2Onboard/build/RoverReceive/install.log'
[17.937s] Invoked command in '/home/arno/RoombaV2Onboard/src/RoverReceive' returned '0': PYTHONPATH=/home/arno/RoombaV2Onboard/build/RoverReceive/prefix_override:/usr/lib/python3/dist-packages/colcon_core/task/python/colcon_distutils_commands:/home/arno/RoombaV2Onboard/install/RoverReceive/lib/python3.10/site-packages:${PYTHONPATH} /usr/bin/python3 -W ignore:setup.py install is deprecated setup.py egg_info --egg-base ../../build/RoverReceive build --build-base /home/arno/RoombaV2Onboard/build/RoverReceive/build install --record /home/arno/RoombaV2Onboard/build/RoverReceive/install.log --single-version-externally-managed install_data
