[14.365s] Invoking command in '/home/arno/RoombaV2Onboard/build/RoverReceive': PYTHONPATH=/home/arno/RoombaV2Onboard/build/RoverReceive/prefix_override:/usr/lib/python3/dist-packages/colcon_core/task/python/colcon_distutils_commands:/home/arno/RoombaV2Onboard/install/RoverReceive/lib/python3.10/site-packages:${PYTHONPATH} /usr/bin/python3 -W ignore:setup.py install is deprecated setup.py develop --editable --build-directory /home/arno/RoombaV2Onboard/build/RoverReceive/build --no-deps symlink_data --force
[17.866s] running develop
[17.879s] /usr/lib/python3/dist-packages/setuptools/command/easy_install.py:158: EasyInstallDeprecationWarning: easy_install command is deprecated. Use build and pip and other standards-based tools.
[17.882s]   warnings.warn(
[20.595s] running egg_info
[20.600s] writing RoverReceive.egg-info/PKG-INFO
[20.611s] writing dependency_links to RoverReceive.egg-info/dependency_links.txt
[20.628s] writing entry points to RoverReceive.egg-info/entry_points.txt
[20.640s] writing requirements to RoverReceive.egg-info/requires.txt
[20.645s] writing top-level names to RoverReceive.egg-info/top_level.txt
[20.666s] reading manifest file 'RoverReceive.egg-info/SOURCES.txt'
[20.690s] writing manifest file 'RoverReceive.egg-info/SOURCES.txt'
[20.705s] running build_ext
[20.722s] Creating /home/arno/RoombaV2Onboard/install/RoverReceive/lib/python3.10/site-packages/RoverReceive.egg-link (link to .)
[20.727s] Installing receive_node script to /home/arno/RoombaV2Onboard/install/RoverReceive/lib/RoverReceive
[20.731s] 
[20.735s] Installed /home/arno/RoombaV2Onboard/build/RoverReceive
[20.740s] running symlink_data
[20.741s] symbolically linking /home/arno/RoombaV2Onboard/build/RoverReceive/resource/RoverReceive -> /home/arno/RoombaV2Onboard/install/RoverReceive/share/ament_index/resource_index/packages
[20.754s] symbolically linking /home/arno/RoombaV2Onboard/build/RoverReceive/package.xml -> /home/arno/RoombaV2Onboard/install/RoverReceive/share/RoverReceive
[21.390s] Invoked command in '/home/arno/RoombaV2Onboard/build/RoverReceive' returned '0': PYTHONPATH=/home/arno/RoombaV2Onboard/build/RoverReceive/prefix_override:/usr/lib/python3/dist-packages/colcon_core/task/python/colcon_distutils_commands:/home/arno/RoombaV2Onboard/install/RoverReceive/lib/python3.10/site-packages:${PYTHONPATH} /usr/bin/python3 -W ignore:setup.py install is deprecated setup.py develop --editable --build-directory /home/arno/RoombaV2Onboard/build/RoverReceive/build --no-deps symlink_data --force
