[5.678s] Invoking command in '/home/arno/RoombaV2Onboard/src/mode_manager': PYTHONPATH=/home/arno/RoombaV2Onboard/build/mode_manager/prefix_override:/usr/lib/python3/dist-packages/colcon_core/task/python/colcon_distutils_commands:/home/arno/RoombaV2Onboard/install/mode_manager/lib/python3.10/site-packages:${PYTHONPATH} /usr/bin/python3 -W ignore:setup.py install is deprecated setup.py egg_info --egg-base ../../build/mode_manager build --build-base /home/arno/RoombaV2Onboard/build/mode_manager/build install --record /home/arno/RoombaV2Onboard/build/mode_manager/install.log --single-version-externally-managed install_data
[6.952s] running egg_info
[6.955s] writing ../../build/mode_manager/mode_manager.egg-info/PKG-INFO
[6.956s] writing dependency_links to ../../build/mode_manager/mode_manager.egg-info/dependency_links.txt
[6.958s] writing entry points to ../../build/mode_manager/mode_manager.egg-info/entry_points.txt
[6.959s] writing requirements to ../../build/mode_manager/mode_manager.egg-info/requires.txt
[6.960s] writing top-level names to ../../build/mode_manager/mode_manager.egg-info/top_level.txt
[6.970s] reading manifest file '../../build/mode_manager/mode_manager.egg-info/SOURCES.txt'
[6.975s] writing manifest file '../../build/mode_manager/mode_manager.egg-info/SOURCES.txt'
[6.976s] running build
[6.977s] running build_py
[6.979s] running install
[6.981s] running install_lib
[6.989s] running install_data
[6.989s] running install_egg_info
[6.998s] removing '/home/arno/RoombaV2Onboard/install/mode_manager/lib/python3.10/site-packages/mode_manager-0.0.0-py3.10.egg-info' (and everything under it)
[7.001s] Copying ../../build/mode_manager/mode_manager.egg-info to /home/arno/RoombaV2Onboard/install/mode_manager/lib/python3.10/site-packages/mode_manager-0.0.0-py3.10.egg-info
[7.009s] running install_scripts
[7.127s] Installing mode_manager script to /home/arno/RoombaV2Onboard/install/mode_manager/lib/mode_manager
[7.133s] writing list of installed files to '/home/arno/RoombaV2Onboard/build/mode_manager/install.log'
[7.351s] Invoked command in '/home/arno/RoombaV2Onboard/src/mode_manager' returned '0': PYTHONPATH=/home/arno/RoombaV2Onboard/build/mode_manager/prefix_override:/usr/lib/python3/dist-packages/colcon_core/task/python/colcon_distutils_commands:/home/arno/RoombaV2Onboard/install/mode_manager/lib/python3.10/site-packages:${PYTHONPATH} /usr/bin/python3 -W ignore:setup.py install is deprecated setup.py egg_info --egg-base ../../build/mode_manager build --build-base /home/arno/RoombaV2Onboard/build/mode_manager/build install --record /home/arno/RoombaV2Onboard/build/mode_manager/install.log --single-version-externally-managed install_data
