[13.077s] Invoking command in '/home/arno/RoombaV2Onboard/src/rover_stream': PYTHONPATH=/home/arno/RoombaV2Onboard/build/rover_stream/prefix_override:/usr/lib/python3/dist-packages/colcon_core/task/python/colcon_distutils_commands:/home/arno/RoombaV2Onboard/install/rover_stream/lib/python3.10/site-packages:${PYTHONPATH} /usr/bin/python3 -W ignore:setup.py install is deprecated setup.py egg_info --egg-base ../../build/rover_stream build --build-base /home/arno/RoombaV2Onboard/build/rover_stream/build install --record /home/arno/RoombaV2Onboard/build/rover_stream/install.log --single-version-externally-managed install_data
[16.617s] running egg_info
[16.624s] writing ../../build/rover_stream/rover_stream.egg-info/PKG-INFO
[16.629s] writing dependency_links to ../../build/rover_stream/rover_stream.egg-info/dependency_links.txt
[16.636s] writing entry points to ../../build/rover_stream/rover_stream.egg-info/entry_points.txt
[16.641s] writing requirements to ../../build/rover_stream/rover_stream.egg-info/requires.txt
[16.648s] writing top-level names to ../../build/rover_stream/rover_stream.egg-info/top_level.txt
[16.672s] reading manifest file '../../build/rover_stream/rover_stream.egg-info/SOURCES.txt'
[16.685s] writing manifest file '../../build/rover_stream/rover_stream.egg-info/SOURCES.txt'
[16.689s] running build
[16.691s] running build_py
[16.702s] running install
[16.704s] running install_lib
[16.739s] running install_data
[16.746s] running install_egg_info
[16.766s] removing '/home/arno/RoombaV2Onboard/install/rover_stream/lib/python3.10/site-packages/rover_stream-0.0.0-py3.10.egg-info' (and everything under it)
[16.772s] Copying ../../build/rover_stream/rover_stream.egg-info to /home/arno/RoombaV2Onboard/install/rover_stream/lib/python3.10/site-packages/rover_stream-0.0.0-py3.10.egg-info
[16.787s] running install_scripts
[17.036s] Installing webrtc_streamer script to /home/arno/RoombaV2Onboard/install/rover_stream/lib/rover_stream
[17.044s] writing list of installed files to '/home/arno/RoombaV2Onboard/build/rover_stream/install.log'
[17.490s] Invoked command in '/home/arno/RoombaV2Onboard/src/rover_stream' returned '0': PYTHONPATH=/home/arno/RoombaV2Onboard/build/rover_stream/prefix_override:/usr/lib/python3/dist-packages/colcon_core/task/python/colcon_distutils_commands:/home/arno/RoombaV2Onboard/install/rover_stream/lib/python3.10/site-packages:${PYTHONPATH} /usr/bin/python3 -W ignore:setup.py install is deprecated setup.py egg_info --egg-base ../../build/rover_stream build --build-base /home/arno/RoombaV2Onboard/build/rover_stream/build install --record /home/arno/RoombaV2Onboard/build/rover_stream/install.log --single-version-externally-managed install_data
