[6.848s] Invoking command in '/home/arno/RoombaV2Onboard/build/roombav2': PYTHONPATH=/home/arno/RoombaV2Onboard/build/roombav2/prefix_override:/usr/lib/python3/dist-packages/colcon_core/task/python/colcon_distutils_commands:/home/arno/RoombaV2Onboard/install/roombav2/lib/python3.10/site-packages:${PYTHONPATH} /usr/bin/python3 -W ignore:setup.py install is deprecated setup.py develop --editable --build-directory /home/arno/RoombaV2Onboard/build/roombav2/build --no-deps symlink_data
[9.300s] running develop
[9.308s] /usr/lib/python3/dist-packages/setuptools/command/easy_install.py:158: EasyInstallDeprecationWarning: easy_install command is deprecated. Use build and pip and other standards-based tools.
[9.309s]   warnings.warn(
[10.973s] running egg_info
[10.975s] writing roombav2.egg-info/PKG-INFO
[10.977s] writing dependency_links to roombav2.egg-info/dependency_links.txt
[10.979s] writing entry points to roombav2.egg-info/entry_points.txt
[10.981s] writing requirements to roombav2.egg-info/requires.txt
[10.983s] writing top-level names to roombav2.egg-info/top_level.txt
[10.999s] reading manifest file 'roombav2.egg-info/SOURCES.txt'
[11.008s] writing manifest file 'roombav2.egg-info/SOURCES.txt'
[11.020s] running build_ext
[11.022s] Creating /home/arno/RoombaV2Onboard/install/roombav2/lib/python3.10/site-packages/roombav2.egg-link (link to .)
[11.030s] Installing encoder_reader script to /home/arno/RoombaV2Onboard/install/roombav2/lib/roombav2
[11.032s] Installing joystick_motor_controller script to /home/arno/RoombaV2Onboard/install/roombav2/lib/roombav2
[11.034s] Installing nav2_motor_controller script to /home/arno/RoombaV2Onboard/install/roombav2/lib/roombav2
[11.037s] 
[11.038s] Installed /home/arno/RoombaV2Onboard/build/roombav2
[11.039s] running symlink_data
[11.322s] Invoked command in '/home/arno/RoombaV2Onboard/build/roombav2' returned '0': PYTHONPATH=/home/arno/RoombaV2Onboard/build/roombav2/prefix_override:/usr/lib/python3/dist-packages/colcon_core/task/python/colcon_distutils_commands:/home/arno/RoombaV2Onboard/install/roombav2/lib/python3.10/site-packages:${PYTHONPATH} /usr/bin/python3 -W ignore:setup.py install is deprecated setup.py develop --editable --build-directory /home/arno/RoombaV2Onboard/build/roombav2/build --no-deps symlink_data
