[4.696s] Invoking command in '/home/arno/RoombaV2Onboard/src/mode_manager': PYTHONPATH=/home/arno/RoombaV2Onboard/build/mode_manager/prefix_override:/usr/lib/python3/dist-packages/colcon_core/task/python/colcon_distutils_commands:/home/arno/RoombaV2Onboard/install/mode_manager/lib/python3.10/site-packages:${PYTHONPATH} /usr/bin/python3 -W ignore:setup.py install is deprecated setup.py egg_info --egg-base ../../build/mode_manager build --build-base /home/arno/RoombaV2Onboard/build/mode_manager/build install --record /home/arno/RoombaV2Onboard/build/mode_manager/install.log --single-version-externally-managed install_data
[5.786s] running egg_info
[5.788s] writing ../../build/mode_manager/mode_manager.egg-info/PKG-INFO
[5.789s] writing dependency_links to ../../build/mode_manager/mode_manager.egg-info/dependency_links.txt
[5.790s] writing entry points to ../../build/mode_manager/mode_manager.egg-info/entry_points.txt
[5.791s] writing requirements to ../../build/mode_manager/mode_manager.egg-info/requires.txt
[5.791s] writing top-level names to ../../build/mode_manager/mode_manager.egg-info/top_level.txt
[5.801s] reading manifest file '../../build/mode_manager/mode_manager.egg-info/SOURCES.txt'
[5.804s] writing manifest file '../../build/mode_manager/mode_manager.egg-info/SOURCES.txt'
[5.805s] running build
[5.806s] running build_py
[5.806s] running install
[5.808s] running install_lib
[5.813s] running install_data
[5.813s] running install_egg_info
[5.822s] removing '/home/arno/RoombaV2Onboard/install/mode_manager/lib/python3.10/site-packages/mode_manager-0.0.0-py3.10.egg-info' (and everything under it)
[5.822s] Copying ../../build/mode_manager/mode_manager.egg-info to /home/arno/RoombaV2Onboard/install/mode_manager/lib/python3.10/site-packages/mode_manager-0.0.0-py3.10.egg-info
[5.826s] running install_scripts
[5.907s] Installing mode_manager script to /home/arno/RoombaV2Onboard/install/mode_manager/lib/mode_manager
[5.908s] writing list of installed files to '/home/arno/RoombaV2Onboard/build/mode_manager/install.log'
[6.013s] Invoked command in '/home/arno/RoombaV2Onboard/src/mode_manager' returned '0': PYTHONPATH=/home/arno/RoombaV2Onboard/build/mode_manager/prefix_override:/usr/lib/python3/dist-packages/colcon_core/task/python/colcon_distutils_commands:/home/arno/RoombaV2Onboard/install/mode_manager/lib/python3.10/site-packages:${PYTHONPATH} /usr/bin/python3 -W ignore:setup.py install is deprecated setup.py egg_info --egg-base ../../build/mode_manager build --build-base /home/arno/RoombaV2Onboard/build/mode_manager/build install --record /home/arno/RoombaV2Onboard/build/mode_manager/install.log --single-version-externally-managed install_data
