[0.048s] Invoking command in '/home/arno/RoombaV2Onboard/build/rf2o_laser_odometry': CMAKE_PREFIX_PATH=${CMAKE_PREFIX_PATH}:/home/arno/RoombaV2Onboard/install/roombav2:/home/arno/RoombaV2Onboard/install/mode_manager:/home/arno/RoombaV2Onboard/install/RoverReceive:/opt/ros/humble /usr/bin/cmake --build /home/arno/RoombaV2Onboard/build/rf2o_laser_odometry -- -j4 -l4
[0.236s] [35m[1mConsolidate compiler generated dependencies of target rf2o_laser_odometry_node[0m
[0.292s] [ 40%] Built target rf2o_laser_odometry
[0.361s] [ 60%] [32mBuilding CXX object CMakeFiles/rf2o_laser_odometry_node.dir/src/CLaserOdometry2DNode.cpp.o[0m
[49.475s] [ 80%] [32m[1mLinking CXX executable rf2o_laser_odometry_node[0m
[55.381s] [100%] Built target rf2o_laser_odometry_node
[55.420s] Invoked command in '/home/arno/RoombaV2Onboard/build/rf2o_laser_odometry' returned '0': CMAKE_PREFIX_PATH=${CMAKE_PREFIX_PATH}:/home/arno/RoombaV2Onboard/install/roombav2:/home/arno/RoombaV2Onboard/install/mode_manager:/home/arno/RoombaV2Onboard/install/RoverReceive:/opt/ros/humble /usr/bin/cmake --build /home/arno/RoombaV2Onboard/build/rf2o_laser_odometry -- -j4 -l4
[55.608s] Invoking command in '/home/arno/RoombaV2Onboard/build/rf2o_laser_odometry': CMAKE_PREFIX_PATH=${CMAKE_PREFIX_PATH}:/home/arno/RoombaV2Onboard/install/roombav2:/home/arno/RoombaV2Onboard/install/mode_manager:/home/arno/RoombaV2Onboard/install/RoverReceive:/opt/ros/humble /usr/bin/cmake --install /home/arno/RoombaV2Onboard/build/rf2o_laser_odometry
[55.636s] -- Install configuration: ""
[55.641s] -- Execute custom install script
[55.644s] -- Up-to-date symlink: /home/arno/RoombaV2Onboard/install/rf2o_laser_odometry/lib/rf2o_laser_odometry/rf2o_laser_odometry_node
[55.651s] -- Up-to-date symlink: /home/arno/RoombaV2Onboard/install/rf2o_laser_odometry/share/rf2o_laser_odometry/launch/rf2o_laser_odometry.launch.py
[55.652s] -- Up-to-date symlink: /home/arno/RoombaV2Onboard/install/rf2o_laser_odometry/share/ament_index/resource_index/package_run_dependencies/rf2o_laser_odometry
[55.654s] -- Up-to-date symlink: /home/arno/RoombaV2Onboard/install/rf2o_laser_odometry/share/ament_index/resource_index/parent_prefix_path/rf2o_laser_odometry
[55.655s] -- Up-to-date symlink: /home/arno/RoombaV2Onboard/install/rf2o_laser_odometry/share/rf2o_laser_odometry/environment/ament_prefix_path.sh
[55.657s] -- Up-to-date symlink: /home/arno/RoombaV2Onboard/install/rf2o_laser_odometry/share/rf2o_laser_odometry/environment/ament_prefix_path.dsv
[55.658s] -- Up-to-date symlink: /home/arno/RoombaV2Onboard/install/rf2o_laser_odometry/share/rf2o_laser_odometry/environment/path.sh
[55.659s] -- Up-to-date symlink: /home/arno/RoombaV2Onboard/install/rf2o_laser_odometry/share/rf2o_laser_odometry/environment/path.dsv
[55.660s] -- Up-to-date symlink: /home/arno/RoombaV2Onboard/install/rf2o_laser_odometry/share/rf2o_laser_odometry/local_setup.bash
[55.661s] -- Up-to-date symlink: /home/arno/RoombaV2Onboard/install/rf2o_laser_odometry/share/rf2o_laser_odometry/local_setup.sh
[55.662s] -- Up-to-date symlink: /home/arno/RoombaV2Onboard/install/rf2o_laser_odometry/share/rf2o_laser_odometry/local_setup.zsh
[55.663s] -- Up-to-date symlink: /home/arno/RoombaV2Onboard/install/rf2o_laser_odometry/share/rf2o_laser_odometry/local_setup.dsv
[55.664s] -- Symlinking: /home/arno/RoombaV2Onboard/install/rf2o_laser_odometry/share/rf2o_laser_odometry/package.dsv
[55.695s] -- Up-to-date symlink: /home/arno/RoombaV2Onboard/install/rf2o_laser_odometry/share/ament_index/resource_index/packages/rf2o_laser_odometry
[55.696s] -- Up-to-date symlink: /home/arno/RoombaV2Onboard/install/rf2o_laser_odometry/share/rf2o_laser_odometry/cmake/rf2o_laser_odometryConfig.cmake
[55.696s] -- Up-to-date symlink: /home/arno/RoombaV2Onboard/install/rf2o_laser_odometry/share/rf2o_laser_odometry/cmake/rf2o_laser_odometryConfig-version.cmake
[55.697s] -- Up-to-date symlink: /home/arno/RoombaV2Onboard/install/rf2o_laser_odometry/share/rf2o_laser_odometry/package.xml
[55.704s] Invoked command in '/home/arno/RoombaV2Onboard/build/rf2o_laser_odometry' returned '0': CMAKE_PREFIX_PATH=${CMAKE_PREFIX_PATH}:/home/arno/RoombaV2Onboard/install/roombav2:/home/arno/RoombaV2Onboard/install/mode_manager:/home/arno/RoombaV2Onboard/install/RoverReceive:/opt/ros/humble /usr/bin/cmake --install /home/arno/RoombaV2Onboard/build/rf2o_laser_odometry
