[2.564s] Invoking command in '/home/arno/RoombaV2Onboard/build/microver_dusty': CMAKE_PREFIX_PATH=/opt/ros/humble /usr/bin/cmake --build /home/arno/RoombaV2Onboard/build/microver_dusty -- -j4 -l4
[3.356s] -- Found ament_cmake: 1.3.10 (/opt/ros/humble/share/ament_cmake/cmake)
[4.912s] -- Found rclpy: 3.3.14 (/opt/ros/humble/share/rclpy/cmake)
[4.950s] -- Found nav_msgs: 4.2.4 (/opt/ros/humble/share/nav_msgs/cmake)
[5.634s] -- Found rosidl_generator_c: 3.1.5 (/opt/ros/humble/share/rosidl_generator_c/cmake)
[5.738s] -- Found rosidl_adapter: 3.1.5 (/opt/ros/humble/share/rosidl_adapter/cmake)
[5.892s] -- Found rosidl_generator_cpp: 3.1.5 (/opt/ros/humble/share/rosidl_generator_cpp/cmake)
[6.108s] -- Using all available rosidl_typesupport_c: rosidl_typesupport_fastrtps_c;rosidl_typesupport_introspection_c
[6.376s] -- Using all available rosidl_typesupport_cpp: rosidl_typesupport_fastrtps_cpp;rosidl_typesupport_introspection_cpp
[7.269s] -- Found ament_lint_auto: 0.12.11 (/opt/ros/humble/share/ament_lint_auto/cmake)
[8.182s] -- Added test 'copyright' to check source files copyright and LICENSE
[8.269s] -- Added test 'flake8' to check Python code syntax and style conventions
[8.282s] -- Added test 'lint_cmake' to check CMake code style
[8.290s] -- Added test 'pep257' to check Python code against some of the docstring style conventions in PEP 257
[8.346s] -- Added test 'xmllint' to check XML markup files
[8.359s] -- Configuring done
[8.446s] -- Generating done
[8.464s] -- Build files have been written to: /home/arno/RoombaV2Onboard/build/microver_dusty
[8.722s] Invoked command in '/home/arno/RoombaV2Onboard/build/microver_dusty' returned '0': CMAKE_PREFIX_PATH=/opt/ros/humble /usr/bin/cmake --build /home/arno/RoombaV2Onboard/build/microver_dusty -- -j4 -l4
[8.995s] Invoking command in '/home/arno/RoombaV2Onboard/build/microver_dusty': CMAKE_PREFIX_PATH=/opt/ros/humble /usr/bin/cmake --install /home/arno/RoombaV2Onboard/build/microver_dusty
[9.054s] -- Install configuration: ""
[9.062s] [31mCMake Error at cmake_install.cmake:46 (file):
[9.064s]   file INSTALL cannot find
[9.066s]   "/home/arno/RoombaV2Onboard/src/microver_dusty/src/nav2_motor_control.py":
[9.070s]   No such file or directory.
[9.078s] 
[9.085s] [0m
[9.087s] Invoked command in '/home/arno/RoombaV2Onboard/build/microver_dusty' returned '1': CMAKE_PREFIX_PATH=/opt/ros/humble /usr/bin/cmake --install /home/arno/RoombaV2Onboard/build/microver_dusty
